Archive member included because of file (symbol)

c:/program files (x86)/atmel/atmel toolchain/avr8 gcc/native/3.4.1056/avr8-gnu-toolchain/bin/../lib/gcc/avr/4.8.1/avr5\libgcc.a(_exit.o)
                              c:/program files (x86)/atmel/atmel toolchain/avr8 gcc/native/3.4.1056/avr8-gnu-toolchain/bin/../lib/gcc/avr/4.8.1/../../../../avr/lib/avr5/crtm32u4.o (exit)
c:/program files (x86)/atmel/atmel toolchain/avr8 gcc/native/3.4.1056/avr8-gnu-toolchain/bin/../lib/gcc/avr/4.8.1/avr5\libgcc.a(_tablejump.o)
                              LUFA/Drivers/USB/Core/DeviceStandardReq.o (__tablejump2__)
c:/program files (x86)/atmel/atmel toolchain/avr8 gcc/native/3.4.1056/avr8-gnu-toolchain/bin/../lib/gcc/avr/4.8.1/avr5\libgcc.a(_copy_data.o)
                              main.o (__do_copy_data)
c:/program files (x86)/atmel/atmel toolchain/avr8 gcc/native/3.4.1056/avr8-gnu-toolchain/bin/../lib/gcc/avr/4.8.1/avr5\libgcc.a(_clear_bss.o)
                              LUFA/Drivers/USB/Core/DeviceStandardReq.o (__do_clear_bss)
c:/program files (x86)/atmel/atmel toolchain/avr8 gcc/native/3.4.1056/avr8-gnu-toolchain/bin/../lib/gcc/avr/4.8.1/../../../../avr/lib/avr5\libc.a(memcpy_P.o)
                              LUFA/Drivers/USB/Class/Device/RNDISClassDevice.o (memcpy_P)
c:/program files (x86)/atmel/atmel toolchain/avr8 gcc/native/3.4.1056/avr8-gnu-toolchain/bin/../lib/gcc/avr/4.8.1/../../../../avr/lib/avr5\libc.a(memcmp.o)
                              LUFA/Drivers/USB/Class/Device/HIDClassDevice.o (memcmp)
c:/program files (x86)/atmel/atmel toolchain/avr8 gcc/native/3.4.1056/avr8-gnu-toolchain/bin/../lib/gcc/avr/4.8.1/../../../../avr/lib/avr5\libc.a(memcpy.o)
                              LUFA/Drivers/USB/Class/Device/HIDClassDevice.o (memcpy)
c:/program files (x86)/atmel/atmel toolchain/avr8 gcc/native/3.4.1056/avr8-gnu-toolchain/bin/../lib/gcc/avr/4.8.1/../../../../avr/lib/avr5\libc.a(memset.o)
                              LUFA/Drivers/USB/Class/Device/HIDClassDevice.o (memset)
c:/program files (x86)/atmel/atmel toolchain/avr8 gcc/native/3.4.1056/avr8-gnu-toolchain/bin/../lib/gcc/avr/4.8.1/../../../../avr/lib/avr5\libc.a(eerd_byte_atmega32u4.o)
                              LUFA/Drivers/USB/Core/AVR8/EndpointStream_AVR8.o (__eerd_byte_m32u4)
c:/program files (x86)/atmel/atmel toolchain/avr8 gcc/native/3.4.1056/avr8-gnu-toolchain/bin/../lib/gcc/avr/4.8.1/../../../../avr/lib/avr5\libc.a(eeupd_byte_atmega32u4.o)
                              LUFA/Drivers/USB/Core/AVR8/EndpointStream_AVR8.o (__eeupd_byte_m32u4)

Allocating common symbols
Common symbol       size              file

USB_IsInitialized   0x1               LUFA/Drivers/USB/Core/USBTask.o
USB_Device_ConfigurationNumber
                    0x1               LUFA/Drivers/USB/Core/DeviceStandardReq.o
USB_Device_CurrentlySelfPowered
                    0x1               LUFA/Drivers/USB/Core/DeviceStandardReq.o
USB_ControlRequest  0x8               LUFA/Drivers/USB/Core/USBTask.o
USB_Device_RemoteWakeupEnabled
                    0x1               LUFA/Drivers/USB/Core/DeviceStandardReq.o

Discarded input sections

 .bss           0x00000000        0x0 c:/program files (x86)/atmel/atmel toolchain/avr8 gcc/native/3.4.1056/avr8-gnu-toolchain/bin/../lib/gcc/avr/4.8.1/../../../../avr/lib/avr5/crtm32u4.o
 .text          0x00000000        0x0 main.o
 .bss           0x00000000        0x0 main.o
 .text          0x00000000        0x0 Descriptors.o
 .bss           0x00000000        0x0 Descriptors.o
 .text          0x00000000        0x0 LUFA/Drivers/USB/Class/Common/HIDParser.o
 .bss           0x00000000        0x0 LUFA/Drivers/USB/Class/Common/HIDParser.o
 .text.USB_ProcessHIDReport
                0x00000000      0x704 LUFA/Drivers/USB/Class/Common/HIDParser.o
 .text.USB_GetHIDReportItemInfo
                0x00000000       0xbc LUFA/Drivers/USB/Class/Common/HIDParser.o
 .text.USB_SetHIDReportItemInfo
                0x00000000       0xec LUFA/Drivers/USB/Class/Common/HIDParser.o
 .text.USB_GetHIDReportSize
                0x00000000       0x60 LUFA/Drivers/USB/Class/Common/HIDParser.o
 .text          0x00000000        0x0 LUFA/Drivers/USB/Core/AVR8/Device_AVR8.o
 .bss           0x00000000        0x0 LUFA/Drivers/USB/Core/AVR8/Device_AVR8.o
 .text.USB_Device_SendRemoteWakeup
                0x00000000       0x2c LUFA/Drivers/USB/Core/AVR8/Device_AVR8.o
 .text          0x00000000        0x0 LUFA/Drivers/USB/Core/AVR8/EndpointStream_AVR8.o
 .bss           0x00000000        0x0 LUFA/Drivers/USB/Core/AVR8/EndpointStream_AVR8.o
 .text.Endpoint_Discard_Stream
                0x00000000       0x7e LUFA/Drivers/USB/Core/AVR8/EndpointStream_AVR8.o
 .text.Endpoint_Null_Stream
                0x00000000       0x7e LUFA/Drivers/USB/Core/AVR8/EndpointStream_AVR8.o
 .text.Endpoint_Write_Stream_LE
                0x00000000       0x92 LUFA/Drivers/USB/Core/AVR8/EndpointStream_AVR8.o
 .text.Endpoint_Write_Stream_BE
[...]
Memory Configuration

Name             Origin             Length             Attributes
text             0x00000000         0x00020000         xr
data             0x00800060         0x0000ffa0         rw !x
eeprom           0x00810000         0x00010000         rw !x
fuse             0x00820000         0x00000400         rw !x
lock             0x00830000         0x00000400         rw !x
signature        0x00840000         0x00000400         rw !x
user_signatures  0x00850000         0x00000400         rw !x
*default*        0x00000000         0xffffffff

Linker script and memory map

Address of section .data set to 0x800100
LOAD c:/program files (x86)/atmel/atmel toolchain/avr8 gcc/native/3.4.1056/avr8-gnu-toolchain/bin/../lib/gcc/avr/4.8.1/../../../../avr/lib/avr5/crtm32u4.o
LOAD main.o
LOAD Descriptors.o
LOAD LUFA/Drivers/USB/Class/Common/HIDParser.o
LOAD LUFA/Drivers/USB/Core/AVR8/Device_AVR8.o
LOAD LUFA/Drivers/USB/Core/AVR8/EndpointStream_AVR8.o
LOAD LUFA/Drivers/USB/Core/AVR8/Endpoint_AVR8.o
LOAD LUFA/Drivers/USB/Core/AVR8/Host_AVR8.o
LOAD LUFA/Drivers/USB/Core/AVR8/PipeStream_AVR8.o
LOAD LUFA/Drivers/USB/Core/AVR8/Pipe_AVR8.o
LOAD LUFA/Drivers/USB/Core/AVR8/USBController_AVR8.o
LOAD LUFA/Drivers/USB/Core/AVR8/USBInterrupt_AVR8.o
LOAD LUFA/Drivers/USB/Core/ConfigDescriptors.o
LOAD LUFA/Drivers/USB/Core/DeviceStandardReq.o
LOAD LUFA/Drivers/USB/Core/Events.o
LOAD LUFA/Drivers/USB/Core/HostStandardReq.o
LOAD LUFA/Drivers/USB/Core/USBTask.o
LOAD LUFA/Drivers/USB/Class/Device/AudioClassDevice.o
LOAD LUFA/Drivers/USB/Class/Device/CDCClassDevice.o
LOAD LUFA/Drivers/USB/Class/Device/HIDClassDevice.o
LOAD LUFA/Drivers/USB/Class/Device/MassStorageClassDevice.o
LOAD LUFA/Drivers/USB/Class/Device/MIDIClassDevice.o
LOAD LUFA/Drivers/USB/Class/Device/PrinterClassDevice.o
LOAD LUFA/Drivers/USB/Class/Device/RNDISClassDevice.o
LOAD LUFA/Drivers/USB/Class/Host/AndroidAccessoryClassHost.o
LOAD LUFA/Drivers/USB/Class/Host/AudioClassHost.o
LOAD LUFA/Drivers/USB/Class/Host/CDCClassHost.o
LOAD LUFA/Drivers/USB/Class/Host/HIDClassHost.o
LOAD LUFA/Drivers/USB/Class/Host/MassStorageClassHost.o
LOAD LUFA/Drivers/USB/Class/Host/MIDIClassHost.o
LOAD LUFA/Drivers/USB/Class/Host/PrinterClassHost.o
LOAD LUFA/Drivers/USB/Class/Host/RNDISClassHost.o
LOAD LUFA/Drivers/USB/Class/Host/StillImageClassHost.o
LOAD c:/program files (x86)/atmel/atmel toolchain/avr8 gcc/native/3.4.1056/avr8-gnu-toolchain/bin/../lib/gcc/avr/4.8.1/../../../../avr/lib/avr5\libm.a
START GROUP
LOAD c:/program files (x86)/atmel/atmel toolchain/avr8 gcc/native/3.4.1056/avr8-gnu-toolchain/bin/../lib/gcc/avr/4.8.1/avr5\libgcc.a
LOAD c:/program files (x86)/atmel/atmel toolchain/avr8 gcc/native/3.4.1056/avr8-gnu-toolchain/bin/../lib/gcc/avr/4.8.1/../../../../avr/lib/avr5\libm.a
LOAD c:/program files (x86)/atmel/atmel toolchain/avr8 gcc/native/3.4.1056/avr8-gnu-toolchain/bin/../lib/gcc/avr/4.8.1/../../../../avr/lib/avr5\libc.a
END GROUP

.hash
 *(.hash)

.dynsym
 *(.dynsym)

.dynstr
 *(.dynstr)

.gnu.version
 *(.gnu.version)

.gnu.version_d
 *(.gnu.version_d)

.gnu.version_r
 *(.gnu.version_r)

.rel.init
 *(.rel.init)

.rela.init
 *(.rela.init)

.rel.text
 *(.rel.text)
 *(.rel.text.*)
 *(.rel.gnu.linkonce.t*)

.rela.text
 *(.rela.text)
 *(.rela.text.*)
 *(.rela.gnu.linkonce.t*)

.rel.fini
 *(.rel.fini)

.rela.fini
 *(.rela.fini)

.rel.rodata
 *(.rel.rodata)
 *(.rel.rodata.*)
 *(.rel.gnu.linkonce.r*)

.rela.rodata
 *(.rela.rodata)
 *(.rela.rodata.*)
 *(.rela.gnu.linkonce.r*)

.rel.data
 *(.rel.data)
 *(.rel.data.*)
 *(.rel.gnu.linkonce.d*)

.rela.data
 *(.rela.data)
 *(.rela.data.*)
 *(.rela.gnu.linkonce.d*)

.rel.ctors
 *(.rel.ctors)

.rela.ctors
 *(.rela.ctors)

.rel.dtors
 *(.rel.dtors)

.rela.dtors
 *(.rela.dtors)

.rel.got
 *(.rel.got)

.rela.got
 *(.rela.got)

.rel.bss
 *(.rel.bss)

.rela.bss
 *(.rela.bss)

.rel.plt
 *(.rel.plt)

.rela.plt
 *(.rela.plt)

.text           0x00000000      0xc4e
 *(.vectors)
 .vectors       0x00000000       0xac c:/program files (x86)/atmel/atmel toolchain/avr8 gcc/native/3.4.1056/avr8-gnu-toolchain/bin/../lib/gcc/avr/4.8.1/../../../../avr/lib/avr5/crtm32u4.o
                0x00000000                __vector_default
                0x00000000                __vectors
 *(.vectors)
 *(.progmem.gcc*)
 .progmem.gcc_sw_table.USB_Device_ProcessControlRequest
                0x000000ac       0x14 LUFA/Drivers/USB/Core/DeviceStandardReq.o
                0x000000c0                . = ALIGN (0x2)
                0x000000c0                __trampolines_start = .
 *(.trampolines)
 .trampolines   0x000000c0        0x0 linker stubs
 *(.trampolines*)
                0x000000c0                __trampolines_end = .
 *(.progmem*)
 .progmem.data  0x000000c0       0x8c Descriptors.o
                0x000000c0                ProductString
                0x000000de                ManufacturerString
                0x000000f8                LanguageString
                0x000000fc                ConfigurationDescriptor
                0x0000013a                DeviceDescriptor
                0x0000014c                . = ALIGN (0x2)
 *(.jumptables)
 *(.jumptables*)
 *(.lowtext)
 *(.lowtext*)
                0x0000014c                __ctors_start = .
 *(.ctors)
                0x0000014c                __ctors_end = .
                0x0000014c                __dtors_start = .
 *(.dtors)
                0x0000014c                __dtors_end = .
 SORT(*)(.ctors)
 SORT(*)(.dtors)
 *(.init0)
 .init0         0x0000014c        0x0 c:/program files (x86)/atmel/atmel toolchain/avr8 gcc/native/3.4.1056/avr8-gnu-toolchain/bin/../lib/gcc/avr/4.8.1/../../../../avr/lib/avr5/crtm32u4.o
                0x0000014c                __init
 *(.init0)
 *(.init1)
 *(.init1)
 *(.init2)
 .init2         0x0000014c        0xc c:/program files (x86)/atmel/atmel toolchain/avr8 gcc/native/3.4.1056/avr8-gnu-toolchain/bin/../lib/gcc/avr/4.8.1/../../../../avr/lib/avr5/crtm32u4.o
 *(.init2)
 *(.init3)
 *(.init3)
 *(.init4)
 .init4         0x00000158       0x16 c:/program files (x86)/atmel/atmel toolchain/avr8 gcc/native/3.4.1056/avr8-gnu-toolchain/bin/../lib/gcc/avr/4.8.1/avr5\libgcc.a(_copy_data.o)
                0x00000158                __do_copy_data
 .init4         0x0000016e       0x10 c:/program files (x86)/atmel/atmel toolchain/avr8 gcc/native/3.4.1056/avr8-gnu-toolchain/bin/../lib/gcc/avr/4.8.1/avr5\libgcc.a(_clear_bss.o)
                0x0000016e                __do_clear_bss
 *(.init4)
 *(.init5)
 *(.init5)
 *(.init6)
 *(.init6)
 *(.init7)
 *(.init7)
 *(.init8)
 *(.init8)
 *(.init9)
 .init9         0x0000017e        0x4 c:/program files (x86)/atmel/atmel toolchain/avr8 gcc/native/3.4.1056/avr8-gnu-toolchain/bin/../lib/gcc/avr/4.8.1/../../../../avr/lib/avr5/crtm32u4.o
 *(.init9)
 *(.text)
 .text          0x00000182        0x2 c:/program files (x86)/atmel/atmel toolchain/avr8 gcc/native/3.4.1056/avr8-gnu-toolchain/bin/../lib/gcc/avr/4.8.1/../../../../avr/lib/avr5/crtm32u4.o
                0x00000182                __vector_38
                0x00000182                __vector_22
                0x00000182                __vector_28
                0x00000182                __vector_1
                0x00000182                __vector_32
                0x00000182                __vector_34
                0x00000182                __vector_24
                0x00000182                __vector_12
                0x00000182                __bad_interrupt
                0x00000182                __vector_6
                0x00000182                __vector_31
                0x00000182                __vector_35
                0x00000182                __vector_39
                0x00000182                __vector_3
                0x00000182                __vector_23
                0x00000182                __vector_30
                0x00000182                __vector_25
                0x00000182                __vector_13
                0x00000182                __vector_17
                0x00000182                __vector_19
                0x00000182                __vector_7
                0x00000182                __vector_41
                0x00000182                __vector_27
                0x00000182                __vector_5
                0x00000182                __vector_33
                0x00000182                __vector_37
                0x00000182                __vector_4
                0x00000182                __vector_9
                0x00000182                __vector_2
                0x00000182                __vector_21
                0x00000182                __vector_15
                0x00000182                __vector_36
                0x00000182                __vector_29
                0x00000182                __vector_40
                0x00000182                __vector_8
                0x00000182                __vector_26
                0x00000182                __vector_14
                0x00000182                __vector_16
                0x00000182                __vector_18
                0x00000182                __vector_20
                0x00000182                __vector_42
                0x00000184                . = ALIGN (0x2)
 *(.text.*)
 .text.write_register
                0x00000184       0x1c main.o
 .text.read_register
                0x000001a0       0x1c main.o
 .text.SetupHardware
                0x000001bc       0xba main.o
                0x000001bc                SetupHardware
 .text.startup.main
                0x00000276       0x94 main.o
                0x00000276                main
 .text.EVENT_USB_Device_Connect
                0x0000030a        0x2 main.o
                0x0000030a                EVENT_USB_Device_Connect
 .text.EVENT_USB_Device_Disconnect
                0x0000030c        0x2 main.o
                0x0000030c                EVENT_USB_Device_Disconnect
 .text.EVENT_USB_Device_ConfigurationChanged
                0x0000030e        0x6 main.o
                0x0000030e                EVENT_USB_Device_ConfigurationChanged
 .text.EVENT_USB_Device_ControlRequest
                0x00000314        0x6 main.o
                0x00000314                EVENT_USB_Device_ControlRequest
 .text.CALLBACK_USB_GetDescriptor
                0x0000031a       0x64 Descriptors.o
                0x0000031a                CALLBACK_USB_GetDescriptor
 .text.Endpoint_Write_Control_Stream_LE
                0x0000037e       0xb2 LUFA/Drivers/USB/Core/AVR8/EndpointStream_AVR8.o
                0x0000037e                Endpoint_Write_Control_Stream_LE
 .text.Endpoint_Write_Control_PStream_LE
                0x00000430       0xb8 LUFA/Drivers/USB/Core/AVR8/EndpointStream_AVR8.o
                0x00000430                Endpoint_Write_Control_PStream_LE
 .text.Endpoint_ConfigureEndpoint_Prv
                0x000004e8       0x6a LUFA/Drivers/USB/Core/AVR8/Endpoint_AVR8.o
                0x000004e8                Endpoint_ConfigureEndpoint_Prv
 .text.Endpoint_ConfigureEndpointTable
                0x00000552       0x7a LUFA/Drivers/USB/Core/AVR8/Endpoint_AVR8.o
                0x00000552                Endpoint_ConfigureEndpointTable
 .text.Endpoint_ClearStatusStage
                0x000005cc       0x3e LUFA/Drivers/USB/Core/AVR8/Endpoint_AVR8.o
                0x000005cc                Endpoint_ClearStatusStage
 .text.__vector_10
                0x0000060a      0x18c LUFA/Drivers/USB/Core/AVR8/USBInterrupt_AVR8.o
                0x0000060a                __vector_10
 .text.__vector_11
                0x00000796       0x76 LUFA/Drivers/USB/Core/AVR8/USBInterrupt_AVR8.o
                0x00000796                __vector_11
 .text.USB_Device_ProcessControlRequest
                0x0000080c      0x286 LUFA/Drivers/USB/Core/DeviceStandardReq.o
                0x0000080c                USB_Device_ProcessControlRequest
 .text.USB_Event_Stub
                0x00000a92        0x2 LUFA/Drivers/USB/Core/Events.o
                0x00000a92                USB_Event_Stub
                0x00000a92                EVENT_USB_Device_Suspend
                0x00000a92                EVENT_USB_Device_StartOfFrame
                0x00000a92                EVENT_USB_Device_Reset
                0x00000a92                EVENT_USB_Device_WakeUp
 .text.CDC_Device_ConfigureEndpoints
                0x00000a94       0x4a LUFA/Drivers/USB/Class/Device/CDCClassDevice.o
                0x00000a94                CDC_Device_ConfigureEndpoints
 .text.CDC_Device_Event_Stub
                0x00000ade        0x2 LUFA/Drivers/USB/Class/Device/CDCClassDevice.o
                0x00000ade                EVENT_CDC_Device_ControLineStateChanged
                0x00000ade                EVENT_CDC_Device_BreakSent
                0x00000ade                CDC_Device_Event_Stub
                0x00000ade                EVENT_CDC_Device_LineEncodingChanged
 .text.CDC_Device_ProcessControlRequest
                0x00000ae0      0x15e LUFA/Drivers/USB/Class/Device/CDCClassDevice.o
                0x00000ae0                CDC_Device_ProcessControlRequest
 .text.libgcc   0x00000c3e        0xc c:/program files (x86)/atmel/atmel toolchain/avr8 gcc/native/3.4.1056/avr8-gnu-toolchain/bin/../lib/gcc/avr/4.8.1/avr5\libgcc.a(_tablejump.o)
                0x00000c3e                __tablejump2__
                0x00000c42                __tablejump__
                0x00000c4a                . = ALIGN (0x2)
 *(.fini9)
 .fini9         0x00000c4a        0x0 c:/program files (x86)/atmel/atmel toolchain/avr8 gcc/native/3.4.1056/avr8-gnu-toolchain/bin/../lib/gcc/avr/4.8.1/avr5\libgcc.a(_exit.o)
                0x00000c4a                _exit
                0x00000c4a                exit
 *(.fini9)
 *(.fini8)
 *(.fini8)
 *(.fini7)
 *(.fini7)
 *(.fini6)
 *(.fini6)
 *(.fini5)
 *(.fini5)
 *(.fini4)
 *(.fini4)
 *(.fini3)
 *(.fini3)
 *(.fini2)
 *(.fini2)
 *(.fini1)
 *(.fini1)
 *(.fini0)
 .fini0         0x00000c4a        0x4 c:/program files (x86)/atmel/atmel toolchain/avr8 gcc/native/3.4.1056/avr8-gnu-toolchain/bin/../lib/gcc/avr/4.8.1/avr5\libgcc.a(_exit.o)
 *(.fini0)
                0x00000c4e                _etext = .

.data           0x00800100       0x1c load address 0x00000c4e
                0x00800100                PROVIDE (__data_start, .)
 *(.data)
 .data          0x00800100        0x0 c:/program files (x86)/atmel/atmel toolchain/avr8 gcc/native/3.4.1056/avr8-gnu-toolchain/bin/../lib/gcc/avr/4.8.1/../../../../avr/lib/avr5/crtm32u4.o
 .data          0x00800100       0x1b main.o
                0x00800100                VirtualSerial_CDC_Interface
 .data          0x0080011b        0x0 Descriptors.o
 .data          0x0080011b        0x0 LUFA/Drivers/USB/Class/Common/HIDParser.o
 .data          0x0080011b        0x0 LUFA/Drivers/USB/Core/AVR8/Device_AVR8.o
 .data          0x0080011b        0x0 LUFA/Drivers/USB/Core/AVR8/EndpointStream_AVR8.o
 .data          0x0080011b        0x0 LUFA/Drivers/USB/Core/AVR8/Endpoint_AVR8.o
 .data          0x0080011b        0x0 LUFA/Drivers/USB/Core/AVR8/Host_AVR8.o
 .data          0x0080011b        0x0 LUFA/Drivers/USB/Core/AVR8/PipeStream_AVR8.o
 .data          0x0080011b        0x0 LUFA/Drivers/USB/Core/AVR8/Pipe_AVR8.o
 .data          0x0080011b        0x0 LUFA/Drivers/USB/Core/AVR8/USBController_AVR8.o
 .data          0x0080011b        0x0 LUFA/Drivers/USB/Core/AVR8/USBInterrupt_AVR8.o
 .data          0x0080011b        0x0 LUFA/Drivers/USB/Core/ConfigDescriptors.o
 .data          0x0080011b        0x0 LUFA/Drivers/USB/Core/DeviceStandardReq.o
 .data          0x0080011b        0x0 LUFA/Drivers/USB/Core/Events.o
 .data          0x0080011b        0x0 LUFA/Drivers/USB/Core/HostStandardReq.o
 .data          0x0080011b        0x0 LUFA/Drivers/USB/Core/USBTask.o
 .data          0x0080011b        0x0 LUFA/Drivers/USB/Class/Device/AudioClassDevice.o
 .data          0x0080011b        0x0 LUFA/Drivers/USB/Class/Device/CDCClassDevice.o
 .data          0x0080011b        0x0 LUFA/Drivers/USB/Class/Device/HIDClassDevice.o
 .data          0x0080011b        0x0 LUFA/Drivers/USB/Class/Device/MassStorageClassDevice.o
 .data          0x0080011b        0x0 LUFA/Drivers/USB/Class/Device/MIDIClassDevice.o
 .data          0x0080011b        0x0 LUFA/Drivers/USB/Class/Device/PrinterClassDevice.o
 .data          0x0080011b        0x0 LUFA/Drivers/USB/Class/Device/RNDISClassDevice.o
 .data          0x0080011b        0x0 LUFA/Drivers/USB/Class/Host/AndroidAccessoryClassHost.o
 .data          0x0080011b        0x0 LUFA/Drivers/USB/Class/Host/AudioClassHost.o
 .data          0x0080011b        0x0 LUFA/Drivers/USB/Class/Host/CDCClassHost.o
 .data          0x0080011b        0x0 LUFA/Drivers/USB/Class/Host/HIDClassHost.o
 .data          0x0080011b        0x0 LUFA/Drivers/USB/Class/Host/MassStorageClassHost.o
 .data          0x0080011b        0x0 LUFA/Drivers/USB/Class/Host/MIDIClassHost.o
 .data          0x0080011b        0x0 LUFA/Drivers/USB/Class/Host/PrinterClassHost.o
 .data          0x0080011b        0x0 LUFA/Drivers/USB/Class/Host/RNDISClassHost.o
 .data          0x0080011b        0x0 LUFA/Drivers/USB/Class/Host/StillImageClassHost.o
 .data          0x0080011b        0x0 c:/program files (x86)/atmel/atmel toolchain/avr8 gcc/native/3.4.1056/avr8-gnu-toolchain/bin/../lib/gcc/avr/4.8.1/avr5\libgcc.a(_exit.o)
 .data          0x0080011b        0x0 c:/program files (x86)/atmel/atmel toolchain/avr8 gcc/native/3.4.1056/avr8-gnu-toolchain/bin/../lib/gcc/avr/4.8.1/avr5\libgcc.a(_tablejump.o)
 .data          0x0080011b        0x0 c:/program files (x86)/atmel/atmel toolchain/avr8 gcc/native/3.4.1056/avr8-gnu-toolchain/bin/../lib/gcc/avr/4.8.1/avr5\libgcc.a(_copy_data.o)
 .data          0x0080011b        0x0 c:/program files (x86)/atmel/atmel toolchain/avr8 gcc/native/3.4.1056/avr8-gnu-toolchain/bin/../lib/gcc/avr/4.8.1/avr5\libgcc.a(_clear_bss.o)
 .data          0x0080011b        0x0 c:/program files (x86)/atmel/atmel toolchain/avr8 gcc/native/3.4.1056/avr8-gnu-toolchain/bin/../lib/gcc/avr/4.8.1/../../../../avr/lib/avr5\libc.a(memcpy_P.o)
 .data          0x0080011b        0x0 c:/program files (x86)/atmel/atmel toolchain/avr8 gcc/native/3.4.1056/avr8-gnu-toolchain/bin/../lib/gcc/avr/4.8.1/../../../../avr/lib/avr5\libc.a(memcmp.o)
 .data          0x0080011b        0x0 c:/program files (x86)/atmel/atmel toolchain/avr8 gcc/native/3.4.1056/avr8-gnu-toolchain/bin/../lib/gcc/avr/4.8.1/../../../../avr/lib/avr5\libc.a(memcpy.o)
 .data          0x0080011b        0x0 c:/program files (x86)/atmel/atmel toolchain/avr8 gcc/native/3.4.1056/avr8-gnu-toolchain/bin/../lib/gcc/avr/4.8.1/../../../../avr/lib/avr5\libc.a(memset.o)
 .data          0x0080011b        0x0 c:/program files (x86)/atmel/atmel toolchain/avr8 gcc/native/3.4.1056/avr8-gnu-toolchain/bin/../lib/gcc/avr/4.8.1/../../../../avr/lib/avr5\libc.a(eerd_byte_atmega32u4.o)
 .data          0x0080011b        0x0 c:/program files (x86)/atmel/atmel toolchain/avr8 gcc/native/3.4.1056/avr8-gnu-toolchain/bin/../lib/gcc/avr/4.8.1/../../../../avr/lib/avr5\libc.a(eeupd_byte_atmega32u4.o)
 *(.data*)
 *(.rodata)
 *(.rodata*)
 *(.gnu.linkonce.d*)
                0x0080011c                . = ALIGN (0x2)
 *fill*         0x0080011b        0x1 
                0x0080011c                _edata = .
                0x0080011c                PROVIDE (__data_end, .)

.bss            0x0080011c        0xc
                0x0080011c                PROVIDE (__bss_start, .)
 *(.bss)
 *(.bss*)
 *(COMMON)
 COMMON         0x0080011c        0x3 LUFA/Drivers/USB/Core/DeviceStandardReq.o
                0x0080011c                USB_Device_ConfigurationNumber
                0x0080011d                USB_Device_CurrentlySelfPowered
                0x0080011e                USB_Device_RemoteWakeupEnabled
 COMMON         0x0080011f        0x9 LUFA/Drivers/USB/Core/USBTask.o
                0x0080011f                USB_IsInitialized
                0x00800120                USB_ControlRequest
                0x00800128                PROVIDE (__bss_end, .)
                0x00000c4e                __data_load_start = LOADADDR (.data)
                0x00000c6a                __data_load_end = (__data_load_start + SIZEOF (.data))

.noinit         0x00800128        0x0
                0x00800128                PROVIDE (__noinit_start, .)
 *(.noinit*)
                0x00800128                PROVIDE (__noinit_end, .)
                0x00800128                _end = .
                0x00800128                PROVIDE (__heap_start, .)

.eeprom         0x00810000        0x0
 *(.eeprom*)
                0x00810000                __eeprom_end = .

.fuse
 *(.fuse)
 *(.lfuse)
 *(.hfuse)
 *(.efuse)

.lock
 *(.lock*)

.signature
 *(.signature*)

.user_signatures
 *(.user_signatures*)

.stab
 *(.stab)

.stabstr
 *(.stabstr)

.stab.excl
 *(.stab.excl)

.stab.exclstr
 *(.stab.exclstr)

.stab.index
 *(.stab.index)

.stab.indexstr
 *(.stab.indexstr)

.comment        0x00000000       0x30
 *(.comment)
 .comment       0x00000000       0x30 main.o
                                 0x31 (size before relaxing)
 .comment       0x00000000       0x31 Descriptors.o
 .comment       0x00000000       0x31 LUFA/Drivers/USB/Class/Common/HIDParser.o
 .comment       0x00000000       0x31 LUFA/Drivers/USB/Core/AVR8/Device_AVR8.o
 .comment       0x00000000       0x31 LUFA/Drivers/USB/Core/AVR8/EndpointStream_AVR8.o
 .comment       0x00000000       0x31 LUFA/Drivers/USB/Core/AVR8/Endpoint_AVR8.o
 .comment       0x00000000       0x31 LUFA/Drivers/USB/Core/AVR8/Host_AVR8.o
 .comment       0x00000000       0x31 LUFA/Drivers/USB/Core/AVR8/PipeStream_AVR8.o
 .comment       0x00000000       0x31 LUFA/Drivers/USB/Core/AVR8/Pipe_AVR8.o
 .comment       0x00000000       0x31 LUFA/Drivers/USB/Core/AVR8/USBController_AVR8.o
 .comment       0x00000000       0x31 LUFA/Drivers/USB/Core/AVR8/USBInterrupt_AVR8.o
 .comment       0x00000000       0x31 LUFA/Drivers/USB/Core/ConfigDescriptors.o
 .comment       0x00000000       0x31 LUFA/Drivers/USB/Core/DeviceStandardReq.o
 .comment       0x00000000       0x31 LUFA/Drivers/USB/Core/Events.o
 .comment       0x00000000       0x31 LUFA/Drivers/USB/Core/HostStandardReq.o
 .comment       0x00000000       0x31 LUFA/Drivers/USB/Core/USBTask.o
 .comment       0x00000000       0x31 LUFA/Drivers/USB/Class/Device/AudioClassDevice.o
 .comment       0x00000000       0x31 LUFA/Drivers/USB/Class/Device/CDCClassDevice.o
 .comment       0x00000000       0x31 LUFA/Drivers/USB/Class/Device/HIDClassDevice.o
 .comment       0x00000000       0x31 LUFA/Drivers/USB/Class/Device/MassStorageClassDevice.o
 .comment       0x00000000       0x31 LUFA/Drivers/USB/Class/Device/MIDIClassDevice.o
 .comment       0x00000000       0x31 LUFA/Drivers/USB/Class/Device/PrinterClassDevice.o
 .comment       0x00000000       0x31 LUFA/Drivers/USB/Class/Device/RNDISClassDevice.o
 .comment       0x00000000       0x31 LUFA/Drivers/USB/Class/Host/AndroidAccessoryClassHost.o
 .comment       0x00000000       0x31 LUFA/Drivers/USB/Class/Host/AudioClassHost.o
 .comment       0x00000000       0x31 LUFA/Drivers/USB/Class/Host/CDCClassHost.o
 .comment       0x00000000       0x31 LUFA/Drivers/USB/Class/Host/HIDClassHost.o
 .comment       0x00000000       0x31 LUFA/Drivers/USB/Class/Host/MassStorageClassHost.o
 .comment       0x00000000       0x31 LUFA/Drivers/USB/Class/Host/MIDIClassHost.o
 .comment       0x00000000       0x31 LUFA/Drivers/USB/Class/Host/PrinterClassHost.o
 .comment       0x00000000       0x31 LUFA/Drivers/USB/Class/Host/RNDISClassHost.o
 .comment       0x00000000       0x31 LUFA/Drivers/USB/Class/Host/StillImageClassHost.o

.note.gnu.build-id
 *(.note.gnu.build-id)

.debug
 *(.debug)

.line
 *(.line)

.debug_srcinfo
 *(.debug_srcinfo)

.debug_sfnames
 *(.debug_sfnames)

.debug_aranges  0x00000000      0x658
 *(.debug_aranges)
 .debug_aranges
                0x00000000       0x58 main.o
 .debug_aranges
                0x00000058       0x20 Descriptors.o
 .debug_aranges
                0x00000078       0x38 LUFA/Drivers/USB/Class/Common/HIDParser.o
 .debug_aranges
                0x000000b0       0x20 LUFA/Drivers/USB/Core/AVR8/Device_AVR8.o
 .debug_aranges
                0x000000d0       0xc8 LUFA/Drivers/USB/Core/AVR8/EndpointStream_AVR8.o
 .debug_aranges
                0x00000198       0x40 LUFA/Drivers/USB/Core/AVR8/Endpoint_AVR8.o
 .debug_aranges
                0x000001d8       0x18 LUFA/Drivers/USB/Core/AVR8/Host_AVR8.o
 .debug_aranges
                0x000001f0       0x18 LUFA/Drivers/USB/Core/AVR8/PipeStream_AVR8.o
 .debug_aranges
                0x00000208       0x18 LUFA/Drivers/USB/Core/AVR8/Pipe_AVR8.o
 .debug_aranges
                0x00000220       0x30 LUFA/Drivers/USB/Core/AVR8/USBController_AVR8.o
 .debug_aranges
                0x00000250       0x38 LUFA/Drivers/USB/Core/AVR8/USBInterrupt_AVR8.o
 .debug_aranges
                0x00000288       0x40 LUFA/Drivers/USB/Core/ConfigDescriptors.o
 .debug_aranges
                0x000002c8       0x20 LUFA/Drivers/USB/Core/DeviceStandardReq.o
 .debug_aranges
                0x000002e8       0x20 LUFA/Drivers/USB/Core/Events.o
 .debug_aranges
                0x00000308       0x18 LUFA/Drivers/USB/Core/HostStandardReq.o
 .debug_aranges
                0x00000320       0x20 LUFA/Drivers/USB/Core/USBTask.o
 .debug_aranges
                0x00000340       0x30 LUFA/Drivers/USB/Class/Device/AudioClassDevice.o
 .debug_aranges
                0x00000370       0x98 LUFA/Drivers/USB/Class/Device/CDCClassDevice.o
 .debug_aranges
                0x00000408       0x30 LUFA/Drivers/USB/Class/Device/HIDClassDevice.o
 .debug_aranges
                0x00000438       0x30 LUFA/Drivers/USB/Class/Device/MassStorageClassDevice.o
 .debug_aranges
                0x00000468       0x40 LUFA/Drivers/USB/Class/Device/MIDIClassDevice.o
 .debug_aranges
                0x000004a8       0x90 LUFA/Drivers/USB/Class/Device/PrinterClassDevice.o
 .debug_aranges
                0x00000538       0x48 LUFA/Drivers/USB/Class/Device/RNDISClassDevice.o
 .debug_aranges
                0x00000580       0x18 LUFA/Drivers/USB/Class/Host/AndroidAccessoryClassHost.o
 .debug_aranges
                0x00000598       0x18 LUFA/Drivers/USB/Class/Host/AudioClassHost.o
 .debug_aranges
                0x000005b0       0x18 LUFA/Drivers/USB/Class/Host/CDCClassHost.o
 .debug_aranges
                0x000005c8       0x18 LUFA/Drivers/USB/Class/Host/HIDClassHost.o
 .debug_aranges
                0x000005e0       0x18 LUFA/Drivers/USB/Class/Host/MassStorageClassHost.o
 .debug_aranges
                0x000005f8       0x18 LUFA/Drivers/USB/Class/Host/MIDIClassHost.o
 .debug_aranges
                0x00000610       0x18 LUFA/Drivers/USB/Class/Host/PrinterClassHost.o
 .debug_aranges
                0x00000628       0x18 LUFA/Drivers/USB/Class/Host/RNDISClassHost.o
 .debug_aranges
                0x00000640       0x18 LUFA/Drivers/USB/Class/Host/StillImageClassHost.o

.debug_pubnames
 *(.debug_pubnames)

.debug_info     0x00000000     0xa64e
 *(.debug_info .gnu.linkonce.wi.*)
 .debug_info    0x00000000      0x90c main.o
 .debug_info    0x0000090c      0x774 Descriptors.o
 .debug_info    0x00001080      0x73e LUFA/Drivers/USB/Class/Common/HIDParser.o
 .debug_info    0x000017be       0xd2 LUFA/Drivers/USB/Core/AVR8/Device_AVR8.o
 .debug_info    0x00001890     0x1748 LUFA/Drivers/USB/Core/AVR8/EndpointStream_AVR8.o
 .debug_info    0x00002fd8      0x602 LUFA/Drivers/USB/Core/AVR8/Endpoint_AVR8.o
 .debug_info    0x000035da       0x56 LUFA/Drivers/USB/Core/AVR8/Host_AVR8.o
 .debug_info    0x00003630       0x56 LUFA/Drivers/USB/Core/AVR8/PipeStream_AVR8.o
 .debug_info    0x00003686       0x56 LUFA/Drivers/USB/Core/AVR8/Pipe_AVR8.o
 .debug_info    0x000036dc      0x4b9 LUFA/Drivers/USB/Core/AVR8/USBController_AVR8.o
 .debug_info    0x00003b95      0x7b2 LUFA/Drivers/USB/Core/AVR8/USBInterrupt_AVR8.o
 .debug_info    0x00004347      0x3cd LUFA/Drivers/USB/Core/ConfigDescriptors.o
 .debug_info    0x00004714      0xa45 LUFA/Drivers/USB/Core/DeviceStandardReq.o
 .debug_info    0x00005159       0x78 LUFA/Drivers/USB/Core/Events.o
 .debug_info    0x000051d1       0x56 LUFA/Drivers/USB/Core/HostStandardReq.o
 .debug_info    0x00005227      0x254 LUFA/Drivers/USB/Core/USBTask.o
 .debug_info    0x0000547b      0x8ea LUFA/Drivers/USB/Class/Device/AudioClassDevice.o
 .debug_info    0x00005d65      0xe6c LUFA/Drivers/USB/Class/Device/CDCClassDevice.o
 .debug_info    0x00006bd1      0x9d8 LUFA/Drivers/USB/Class/Device/HIDClassDevice.o
 .debug_info    0x000075a9      0x949 LUFA/Drivers/USB/Class/Device/MassStorageClassDevice.o
 .debug_info    0x00007ef2      0x61d LUFA/Drivers/USB/Class/Device/MIDIClassDevice.o
 .debug_info    0x0000850f      0xcd3 LUFA/Drivers/USB/Class/Device/PrinterClassDevice.o
 .debug_info    0x000091e2     0x1166 LUFA/Drivers/USB/Class/Device/RNDISClassDevice.o
 .debug_info    0x0000a348       0x56 LUFA/Drivers/USB/Class/Host/AndroidAccessoryClassHost.o
 .debug_info    0x0000a39e       0x56 LUFA/Drivers/USB/Class/Host/AudioClassHost.o
 .debug_info    0x0000a3f4       0x56 LUFA/Drivers/USB/Class/Host/CDCClassHost.o
 .debug_info    0x0000a44a       0x56 LUFA/Drivers/USB/Class/Host/HIDClassHost.o
 .debug_info    0x0000a4a0       0x56 LUFA/Drivers/USB/Class/Host/MassStorageClassHost.o
 .debug_info    0x0000a4f6       0x56 LUFA/Drivers/USB/Class/Host/MIDIClassHost.o
 .debug_info    0x0000a54c       0x56 LUFA/Drivers/USB/Class/Host/PrinterClassHost.o
 .debug_info    0x0000a5a2       0x56 LUFA/Drivers/USB/Class/Host/RNDISClassHost.o
 .debug_info    0x0000a5f8       0x56 LUFA/Drivers/USB/Class/Host/StillImageClassHost.o

.debug_abbrev   0x00000000     0x2af1
 *(.debug_abbrev)
 .debug_abbrev  0x00000000      0x348 main.o
 .debug_abbrev  0x00000348      0x136 Descriptors.o
 .debug_abbrev  0x0000047e      0x21e LUFA/Drivers/USB/Class/Common/HIDParser.o
 .debug_abbrev  0x0000069c       0x80 LUFA/Drivers/USB/Core/AVR8/Device_AVR8.o
 .debug_abbrev  0x0000071c      0x20c LUFA/Drivers/USB/Core/AVR8/EndpointStream_AVR8.o
 .debug_abbrev  0x00000928      0x21b LUFA/Drivers/USB/Core/AVR8/Endpoint_AVR8.o
 .debug_abbrev  0x00000b43       0x26 LUFA/Drivers/USB/Core/AVR8/Host_AVR8.o
 .debug_abbrev  0x00000b69       0x26 LUFA/Drivers/USB/Core/AVR8/PipeStream_AVR8.o
 .debug_abbrev  0x00000b8f       0x26 LUFA/Drivers/USB/Core/AVR8/Pipe_AVR8.o
 .debug_abbrev  0x00000bb5      0x196 LUFA/Drivers/USB/Core/AVR8/USBController_AVR8.o
 .debug_abbrev  0x00000d4b      0x22d LUFA/Drivers/USB/Core/AVR8/USBInterrupt_AVR8.o
 .debug_abbrev  0x00000f78      0x183 LUFA/Drivers/USB/Core/ConfigDescriptors.o
 .debug_abbrev  0x000010fb      0x2d1 LUFA/Drivers/USB/Core/DeviceStandardReq.o
 .debug_abbrev  0x000013cc       0x44 LUFA/Drivers/USB/Core/Events.o
 .debug_abbrev  0x00001410       0x26 LUFA/Drivers/USB/Core/HostStandardReq.o
 .debug_abbrev  0x00001436      0x168 LUFA/Drivers/USB/Core/USBTask.o
 .debug_abbrev  0x0000159e      0x205 LUFA/Drivers/USB/Class/Device/AudioClassDevice.o
 .debug_abbrev  0x000017a3      0x416 LUFA/Drivers/USB/Class/Device/CDCClassDevice.o
 .debug_abbrev  0x00001bb9      0x264 LUFA/Drivers/USB/Class/Device/HIDClassDevice.o
 .debug_abbrev  0x00001e1d      0x2a8 LUFA/Drivers/USB/Class/Device/MassStorageClassDevice.o
 .debug_abbrev  0x000020c5      0x22b LUFA/Drivers/USB/Class/Device/MIDIClassDevice.o
 .debug_abbrev  0x000022f0      0x343 LUFA/Drivers/USB/Class/Device/PrinterClassDevice.o
 .debug_abbrev  0x00002633      0x368 LUFA/Drivers/USB/Class/Device/RNDISClassDevice.o
 .debug_abbrev  0x0000299b       0x26 LUFA/Drivers/USB/Class/Host/AndroidAccessoryClassHost.o
 .debug_abbrev  0x000029c1       0x26 LUFA/Drivers/USB/Class/Host/AudioClassHost.o
 .debug_abbrev  0x000029e7       0x26 LUFA/Drivers/USB/Class/Host/CDCClassHost.o
 .debug_abbrev  0x00002a0d       0x26 LUFA/Drivers/USB/Class/Host/HIDClassHost.o
 .debug_abbrev  0x00002a33       0x26 LUFA/Drivers/USB/Class/Host/MassStorageClassHost.o
 .debug_abbrev  0x00002a59       0x26 LUFA/Drivers/USB/Class/Host/MIDIClassHost.o
 .debug_abbrev  0x00002a7f       0x26 LUFA/Drivers/USB/Class/Host/PrinterClassHost.o
 .debug_abbrev  0x00002aa5       0x26 LUFA/Drivers/USB/Class/Host/RNDISClassHost.o
 .debug_abbrev  0x00002acb       0x26 LUFA/Drivers/USB/Class/Host/StillImageClassHost.o

.debug_line     0x00000000     0x61de
 *(.debug_line .debug_line.* .debug_line_end)
 .debug_line    0x00000000      0x5b4 main.o
 .debug_line    0x000005b4      0x215 Descriptors.o
 .debug_line    0x000007c9      0x5bc LUFA/Drivers/USB/Class/Common/HIDParser.o
 .debug_line    0x00000d85      0x148 LUFA/Drivers/USB/Core/AVR8/Device_AVR8.o
 .debug_line    0x00000ecd     0x14b4 LUFA/Drivers/USB/Core/AVR8/EndpointStream_AVR8.o
 .debug_line    0x00002381      0x49b LUFA/Drivers/USB/Core/AVR8/Endpoint_AVR8.o
 .debug_line    0x0000281c       0x1a LUFA/Drivers/USB/Core/AVR8/Host_AVR8.o
 .debug_line    0x00002836       0x1a LUFA/Drivers/USB/Core/AVR8/PipeStream_AVR8.o
 .debug_line    0x00002850       0x1a LUFA/Drivers/USB/Core/AVR8/Pipe_AVR8.o
 .debug_line    0x0000286a      0x2fd LUFA/Drivers/USB/Core/AVR8/USBController_AVR8.o
 .debug_line    0x00002b67      0x50e LUFA/Drivers/USB/Core/AVR8/USBInterrupt_AVR8.o
 .debug_line    0x00003075      0x21e LUFA/Drivers/USB/Core/ConfigDescriptors.o
 .debug_line    0x00003293      0x490 LUFA/Drivers/USB/Core/DeviceStandardReq.o
 .debug_line    0x00003723       0x4c LUFA/Drivers/USB/Core/Events.o
 .debug_line    0x0000376f       0x1a LUFA/Drivers/USB/Core/HostStandardReq.o
 .debug_line    0x00003789      0x192 LUFA/Drivers/USB/Core/USBTask.o
 .debug_line    0x0000391b      0x40c LUFA/Drivers/USB/Class/Device/AudioClassDevice.o
 .debug_line    0x00003d27      0x80a LUFA/Drivers/USB/Class/Device/CDCClassDevice.o
 .debug_line    0x00004531      0x554 LUFA/Drivers/USB/Class/Device/HIDClassDevice.o
 .debug_line    0x00004a85      0x4ba LUFA/Drivers/USB/Class/Device/MassStorageClassDevice.o
 .debug_line    0x00004f3f      0x36a LUFA/Drivers/USB/Class/Device/MIDIClassDevice.o
 .debug_line    0x000052a9      0x6d4 LUFA/Drivers/USB/Class/Device/PrinterClassDevice.o
 .debug_line    0x0000597d      0x777 LUFA/Drivers/USB/Class/Device/RNDISClassDevice.o
 .debug_line    0x000060f4       0x1a LUFA/Drivers/USB/Class/Host/AndroidAccessoryClassHost.o
 .debug_line    0x0000610e       0x1a LUFA/Drivers/USB/Class/Host/AudioClassHost.o
 .debug_line    0x00006128       0x1a LUFA/Drivers/USB/Class/Host/CDCClassHost.o
 .debug_line    0x00006142       0x1a LUFA/Drivers/USB/Class/Host/HIDClassHost.o
 .debug_line    0x0000615c       0x1a LUFA/Drivers/USB/Class/Host/MassStorageClassHost.o
 .debug_line    0x00006176       0x1a LUFA/Drivers/USB/Class/Host/MIDIClassHost.o
 .debug_line    0x00006190       0x1a LUFA/Drivers/USB/Class/Host/PrinterClassHost.o
 .debug_line    0x000061aa       0x1a LUFA/Drivers/USB/Class/Host/RNDISClassHost.o
 .debug_line    0x000061c4       0x1a LUFA/Drivers/USB/Class/Host/StillImageClassHost.o

.debug_frame    0x00000000      0xf34
 *(.debug_frame)
 .debug_frame   0x00000000       0xa4 main.o
 .debug_frame   0x000000a4       0x24 Descriptors.o
 .debug_frame   0x000000c8      0x114 LUFA/Drivers/USB/Class/Common/HIDParser.o
 .debug_frame   0x000001dc       0x24 LUFA/Drivers/USB/Core/AVR8/Device_AVR8.o
 .debug_frame   0x00000200      0x3ac LUFA/Drivers/USB/Core/AVR8/EndpointStream_AVR8.o
 .debug_frame   0x000005ac       0x78 LUFA/Drivers/USB/Core/AVR8/Endpoint_AVR8.o
 .debug_frame   0x00000624       0x58 LUFA/Drivers/USB/Core/AVR8/USBController_AVR8.o
 .debug_frame   0x0000067c       0xe8 LUFA/Drivers/USB/Core/AVR8/USBInterrupt_AVR8.o
 .debug_frame   0x00000764      0x108 LUFA/Drivers/USB/Core/ConfigDescriptors.o
 .debug_frame   0x0000086c       0x3c LUFA/Drivers/USB/Core/DeviceStandardReq.o
 .debug_frame   0x000008a8       0x24 LUFA/Drivers/USB/Core/Events.o
 .debug_frame   0x000008cc       0x2c LUFA/Drivers/USB/Core/USBTask.o
 .debug_frame   0x000008f8       0xa8 LUFA/Drivers/USB/Class/Device/AudioClassDevice.o
 .debug_frame   0x000009a0      0x168 LUFA/Drivers/USB/Class/Device/CDCClassDevice.o
 .debug_frame   0x00000b08       0xe4 LUFA/Drivers/USB/Class/Device/HIDClassDevice.o
 .debug_frame   0x00000bec       0x80 LUFA/Drivers/USB/Class/Device/MassStorageClassDevice.o
 .debug_frame   0x00000c6c       0x70 LUFA/Drivers/USB/Class/Device/MIDIClassDevice.o
 .debug_frame   0x00000cdc      0x144 LUFA/Drivers/USB/Class/Device/PrinterClassDevice.o
 .debug_frame   0x00000e20      0x114 LUFA/Drivers/USB/Class/Device/RNDISClassDevice.o

.debug_str      0x00000000     0x3da7
 *(.debug_str)
 .debug_str     0x00000000      0x4b4 main.o
                                0x52c (size before relaxing)
 .debug_str     0x000004b4      0x983 Descriptors.o
                                0xb43 (size before relaxing)
 .debug_str     0x00000e37      0x48f LUFA/Drivers/USB/Class/Common/HIDParser.o
                                0x6b3 (size before relaxing)
 .debug_str     0x000012c6       0x71 LUFA/Drivers/USB/Core/AVR8/Device_AVR8.o
                                0x1ef (size before relaxing)
 .debug_str     0x00001337      0x678 LUFA/Drivers/USB/Core/AVR8/EndpointStream_AVR8.o
                                0x842 (size before relaxing)
 .debug_str     0x000019af      0x2d0 LUFA/Drivers/USB/Core/AVR8/Endpoint_AVR8.o
                                0x601 (size before relaxing)
 .debug_str     0x00001c7f       0x27 LUFA/Drivers/USB/Core/AVR8/Host_AVR8.o
                                0x18e (size before relaxing)
 .debug_str     0x00001ca6       0x2d LUFA/Drivers/USB/Core/AVR8/PipeStream_AVR8.o
                                0x194 (size before relaxing)
 .debug_str     0x00001cd3       0x27 LUFA/Drivers/USB/Core/AVR8/Pipe_AVR8.o
                                0x18e (size before relaxing)
 .debug_str     0x00001cfa      0x27f LUFA/Drivers/USB/Core/AVR8/USBController_AVR8.o
                                0x540 (size before relaxing)
 .debug_str     0x00001f79      0x16f LUFA/Drivers/USB/Core/AVR8/USBInterrupt_AVR8.o
                                0x5bf (size before relaxing)
 .debug_str     0x000020e8      0x221 LUFA/Drivers/USB/Core/ConfigDescriptors.o
                                0x3d7 (size before relaxing)
 .debug_str     0x00002309      0x3fb LUFA/Drivers/USB/Core/DeviceStandardReq.o
                                0x9b3 (size before relaxing)
 .debug_str     0x00002704       0x2e LUFA/Drivers/USB/Core/Events.o
                                0x195 (size before relaxing)
 .debug_str     0x00002732       0x28 LUFA/Drivers/USB/Core/HostStandardReq.o
                                0x18f (size before relaxing)
 .debug_str     0x0000275a       0x48 LUFA/Drivers/USB/Core/USBTask.o
                                0x366 (size before relaxing)
 .debug_str     0x000027a2      0x27d LUFA/Drivers/USB/Class/Device/AudioClassDevice.o
                                0x69b (size before relaxing)
 .debug_str     0x00002a1f      0x2d3 LUFA/Drivers/USB/Class/Device/CDCClassDevice.o
                                0x9f0 (size before relaxing)
 .debug_str     0x00002cf2      0x24c LUFA/Drivers/USB/Class/Device/HIDClassDevice.o
                                0x6ed (size before relaxing)
 .debug_str     0x00002f3e      0x25e LUFA/Drivers/USB/Class/Device/MassStorageClassDevice.o
                                0x7e7 (size before relaxing)
 .debug_str     0x0000319c      0x112 LUFA/Drivers/USB/Class/Device/MIDIClassDevice.o
                                0x65c (size before relaxing)
 .debug_str     0x000032ae      0x266 LUFA/Drivers/USB/Class/Device/PrinterClassDevice.o
                                0x925 (size before relaxing)
 .debug_str     0x00003514      0x6eb LUFA/Drivers/USB/Class/Device/RNDISClassDevice.o
                                0xd4e (size before relaxing)
 .debug_str     0x00003bff       0x38 LUFA/Drivers/USB/Class/Host/AndroidAccessoryClassHost.o
                                0x19f (size before relaxing)
 .debug_str     0x00003c37       0x2d LUFA/Drivers/USB/Class/Host/AudioClassHost.o
                                0x194 (size before relaxing)
 .debug_str     0x00003c64       0x2b LUFA/Drivers/USB/Class/Host/CDCClassHost.o
                                0x192 (size before relaxing)
 .debug_str     0x00003c8f       0x2b LUFA/Drivers/USB/Class/Host/HIDClassHost.o
                                0x192 (size before relaxing)
 .debug_str     0x00003cba       0x33 LUFA/Drivers/USB/Class/Host/MassStorageClassHost.o
                                0x19a (size before relaxing)
 .debug_str     0x00003ced       0x2c LUFA/Drivers/USB/Class/Host/MIDIClassHost.o
                                0x193 (size before relaxing)
 .debug_str     0x00003d19       0x2f LUFA/Drivers/USB/Class/Host/PrinterClassHost.o
                                0x196 (size before relaxing)
 .debug_str     0x00003d48       0x2d LUFA/Drivers/USB/Class/Host/RNDISClassHost.o
                                0x194 (size before relaxing)
 .debug_str     0x00003d75       0x32 LUFA/Drivers/USB/Class/Host/StillImageClassHost.o
                                0x199 (size before relaxing)

.debug_loc      0x00000000     0x65ae
 *(.debug_loc)
 .debug_loc     0x00000000      0x16f main.o
 .debug_loc     0x0000016f      0x186 Descriptors.o
 .debug_loc     0x000002f5      0xab2 LUFA/Drivers/USB/Class/Common/HIDParser.o
 .debug_loc     0x00000da7     0x1dc8 LUFA/Drivers/USB/Core/AVR8/EndpointStream_AVR8.o
 .debug_loc     0x00002b6f      0x3f2 LUFA/Drivers/USB/Core/AVR8/Endpoint_AVR8.o
 .debug_loc     0x00002f61       0x49 LUFA/Drivers/USB/Core/AVR8/USBController_AVR8.o
 .debug_loc     0x00002faa      0x333 LUFA/Drivers/USB/Core/AVR8/USBInterrupt_AVR8.o
 .debug_loc     0x000032dd      0x5bd LUFA/Drivers/USB/Core/ConfigDescriptors.o
 .debug_loc     0x0000389a      0x2a8 LUFA/Drivers/USB/Core/DeviceStandardReq.o
 .debug_loc     0x00003b42       0x49 LUFA/Drivers/USB/Core/USBTask.o
 .debug_loc     0x00003b8b      0x37c LUFA/Drivers/USB/Class/Device/AudioClassDevice.o
 .debug_loc     0x00003f07      0x85b LUFA/Drivers/USB/Class/Device/CDCClassDevice.o
 .debug_loc     0x00004762      0x42b LUFA/Drivers/USB/Class/Device/HIDClassDevice.o
 .debug_loc     0x00004b8d      0x29f LUFA/Drivers/USB/Class/Device/MassStorageClassDevice.o
 .debug_loc     0x00004e2c      0x2b8 LUFA/Drivers/USB/Class/Device/MIDIClassDevice.o
 .debug_loc     0x000050e4      0x84c LUFA/Drivers/USB/Class/Device/PrinterClassDevice.o
 .debug_loc     0x00005930      0xc7e LUFA/Drivers/USB/Class/Device/RNDISClassDevice.o

.debug_macinfo
 *(.debug_macinfo)

.debug_weaknames
 *(.debug_weaknames)

.debug_funcnames
 *(.debug_funcnames)

.debug_typenames
 *(.debug_typenames)

.debug_varnames
 *(.debug_varnames)

.debug_pubtypes
 *(.debug_pubtypes)

.debug_ranges   0x00000000      0x758
 *(.debug_ranges)
 .debug_ranges  0x00000000       0x90 main.o
 .debug_ranges  0x00000090       0x10 Descriptors.o
 .debug_ranges  0x000000a0       0xd0 LUFA/Drivers/USB/Class/Common/HIDParser.o
 .debug_ranges  0x00000170       0x10 LUFA/Drivers/USB/Core/AVR8/Device_AVR8.o
 .debug_ranges  0x00000180      0x250 LUFA/Drivers/USB/Core/AVR8/EndpointStream_AVR8.o
 .debug_ranges  0x000003d0       0x90 LUFA/Drivers/USB/Core/AVR8/Endpoint_AVR8.o
 .debug_ranges  0x00000460       0x20 LUFA/Drivers/USB/Core/AVR8/USBController_AVR8.o
 .debug_ranges  0x00000480       0x28 LUFA/Drivers/USB/Core/AVR8/USBInterrupt_AVR8.o
 .debug_ranges  0x000004a8       0x30 LUFA/Drivers/USB/Core/ConfigDescriptors.o
 .debug_ranges  0x000004d8       0x40 LUFA/Drivers/USB/Core/DeviceStandardReq.o
 .debug_ranges  0x00000518       0x10 LUFA/Drivers/USB/Core/Events.o
 .debug_ranges  0x00000528       0x10 LUFA/Drivers/USB/Core/USBTask.o
 .debug_ranges  0x00000538       0x20 LUFA/Drivers/USB/Class/Device/AudioClassDevice.o
 .debug_ranges  0x00000558       0x88 LUFA/Drivers/USB/Class/Device/CDCClassDevice.o
 .debug_ranges  0x000005e0       0x20 LUFA/Drivers/USB/Class/Device/HIDClassDevice.o
 .debug_ranges  0x00000600       0x20 LUFA/Drivers/USB/Class/Device/MassStorageClassDevice.o
 .debug_ranges  0x00000620       0x30 LUFA/Drivers/USB/Class/Device/MIDIClassDevice.o
 .debug_ranges  0x00000650       0x80 LUFA/Drivers/USB/Class/Device/PrinterClassDevice.o
 .debug_ranges  0x000006d0       0x88 LUFA/Drivers/USB/Class/Device/RNDISClassDevice.o

.debug_macro
 *(.debug_macro)
OUTPUT(LUFA_CDC.elf elf32-avr)
LOAD linker stubs

Cross Reference Table

Symbol                                            File
Audio_Device_ConfigureEndpoints                   LUFA/Drivers/USB/Class/Device/AudioClassDevice.o
Audio_Device_Event_Stub                           LUFA/Drivers/USB/Class/Device/AudioClassDevice.o
Audio_Device_ProcessControlRequest                LUFA/Drivers/USB/Class/Device/AudioClassDevice.o
CALLBACK_Audio_Device_GetSetEndpointProperty      LUFA/Drivers/USB/Class/Device/AudioClassDevice.o
CALLBACK_Audio_Device_GetSetInterfaceProperty     LUFA/Drivers/USB/Class/Device/AudioClassDevice.o
CALLBACK_HIDParser_FilterHIDReportItem            LUFA/Drivers/USB/Class/Common/HIDParser.o
CALLBACK_HID_Device_CreateHIDReport               LUFA/Drivers/USB/Class/Device/HIDClassDevice.o
CALLBACK_HID_Device_ProcessHIDReport              LUFA/Drivers/USB/Class/Device/HIDClassDevice.o
CALLBACK_MS_Device_SCSICommandReceived            LUFA/Drivers/USB/Class/Device/MassStorageClassDevice.o
CALLBACK_USB_GetDescriptor                        Descriptors.o
                                                  LUFA/Drivers/USB/Core/DeviceStandardReq.o
CDC_Device_BytesReceived                          LUFA/Drivers/USB/Class/Device/CDCClassDevice.o
CDC_Device_ConfigureEndpoints                     LUFA/Drivers/USB/Class/Device/CDCClassDevice.o
                                                  main.o
CDC_Device_CreateBlockingStream                   LUFA/Drivers/USB/Class/Device/CDCClassDevice.o
CDC_Device_CreateStream                           LUFA/Drivers/USB/Class/Device/CDCClassDevice.o
CDC_Device_Event_Stub                             LUFA/Drivers/USB/Class/Device/CDCClassDevice.o
CDC_Device_Flush                                  LUFA/Drivers/USB/Class/Device/CDCClassDevice.o
CDC_Device_ProcessControlRequest                  LUFA/Drivers/USB/Class/Device/CDCClassDevice.o
                                                  main.o
CDC_Device_ReceiveByte                            LUFA/Drivers/USB/Class/Device/CDCClassDevice.o
CDC_Device_SendByte                               LUFA/Drivers/USB/Class/Device/CDCClassDevice.o
CDC_Device_SendControlLineStateChange             LUFA/Drivers/USB/Class/Device/CDCClassDevice.o
CDC_Device_SendData                               LUFA/Drivers/USB/Class/Device/CDCClassDevice.o
CDC_Device_SendString                             LUFA/Drivers/USB/Class/Device/CDCClassDevice.o
CDC_Device_USBTask                                LUFA/Drivers/USB/Class/Device/CDCClassDevice.o
ConfigurationDescriptor                           Descriptors.o
DeviceDescriptor                                  Descriptors.o
EVENT_Audio_Device_StreamStartStop                LUFA/Drivers/USB/Class/Device/AudioClassDevice.o
EVENT_CDC_Device_BreakSent                        LUFA/Drivers/USB/Class/Device/CDCClassDevice.o
EVENT_CDC_Device_ControLineStateChanged           LUFA/Drivers/USB/Class/Device/CDCClassDevice.o
EVENT_CDC_Device_LineEncodingChanged              LUFA/Drivers/USB/Class/Device/CDCClassDevice.o
EVENT_PRNT_Device_SoftReset                       LUFA/Drivers/USB/Class/Device/PrinterClassDevice.o
EVENT_USB_Device_ConfigurationChanged             main.o
                                                  LUFA/Drivers/USB/Core/DeviceStandardReq.o
EVENT_USB_Device_Connect                          main.o
                                                  LUFA/Drivers/USB/Core/AVR8/USBInterrupt_AVR8.o
EVENT_USB_Device_ControlRequest                   main.o
                                                  LUFA/Drivers/USB/Core/DeviceStandardReq.o
EVENT_USB_Device_Disconnect                       main.o
                                                  LUFA/Drivers/USB/Core/AVR8/USBInterrupt_AVR8.o
EVENT_USB_Device_Reset                            LUFA/Drivers/USB/Core/Events.o
                                                  LUFA/Drivers/USB/Core/AVR8/USBInterrupt_AVR8.o
EVENT_USB_Device_StartOfFrame                     LUFA/Drivers/USB/Core/Events.o
                                                  LUFA/Drivers/USB/Core/AVR8/USBInterrupt_AVR8.o
EVENT_USB_Device_Suspend                          LUFA/Drivers/USB/Core/Events.o
                                                  LUFA/Drivers/USB/Core/AVR8/USBInterrupt_AVR8.o
EVENT_USB_Device_WakeUp                           LUFA/Drivers/USB/Core/Events.o
                                                  LUFA/Drivers/USB/Core/AVR8/USBInterrupt_AVR8.o
Endpoint_ClearEndpoints                           LUFA/Drivers/USB/Core/AVR8/Endpoint_AVR8.o
Endpoint_ClearStatusStage                         LUFA/Drivers/USB/Core/AVR8/Endpoint_AVR8.o
                                                  LUFA/Drivers/USB/Class/Device/PrinterClassDevice.o
                                                  LUFA/Drivers/USB/Class/Device/MassStorageClassDevice.o
                                                  LUFA/Drivers/USB/Class/Device/HIDClassDevice.o
                                                  LUFA/Drivers/USB/Class/Device/CDCClassDevice.o
                                                  LUFA/Drivers/USB/Class/Device/AudioClassDevice.o
                                                  LUFA/Drivers/USB/Core/DeviceStandardReq.o
Endpoint_ConfigureEndpointTable                   LUFA/Drivers/USB/Core/AVR8/Endpoint_AVR8.o
                                                  LUFA/Drivers/USB/Class/Device/RNDISClassDevice.o
                                                  LUFA/Drivers/USB/Class/Device/PrinterClassDevice.o
                                                  LUFA/Drivers/USB/Class/Device/MIDIClassDevice.o
                                                  LUFA/Drivers/USB/Class/Device/MassStorageClassDevice.o
                                                  LUFA/Drivers/USB/Class/Device/HIDClassDevice.o
                                                  LUFA/Drivers/USB/Class/Device/CDCClassDevice.o
                                                  LUFA/Drivers/USB/Class/Device/AudioClassDevice.o
Endpoint_ConfigureEndpoint_Prv                    LUFA/Drivers/USB/Core/AVR8/Endpoint_AVR8.o
                                                  LUFA/Drivers/USB/Core/AVR8/USBInterrupt_AVR8.o
                                                  LUFA/Drivers/USB/Core/AVR8/USBController_AVR8.o
Endpoint_Discard_Stream                           LUFA/Drivers/USB/Core/AVR8/EndpointStream_AVR8.o
Endpoint_Null_Stream                              LUFA/Drivers/USB/Core/AVR8/EndpointStream_AVR8.o
Endpoint_Read_Control_EStream_BE                  LUFA/Drivers/USB/Core/AVR8/EndpointStream_AVR8.o
Endpoint_Read_Control_EStream_LE                  LUFA/Drivers/USB/Core/AVR8/EndpointStream_AVR8.o
Endpoint_Read_Control_Stream_BE                   LUFA/Drivers/USB/Core/AVR8/EndpointStream_AVR8.o
Endpoint_Read_Control_Stream_LE                   LUFA/Drivers/USB/Core/AVR8/EndpointStream_AVR8.o
                                                  LUFA/Drivers/USB/Class/Device/RNDISClassDevice.o
                                                  LUFA/Drivers/USB/Class/Device/HIDClassDevice.o
                                                  LUFA/Drivers/USB/Class/Device/AudioClassDevice.o
Endpoint_Read_EStream_BE                          LUFA/Drivers/USB/Core/AVR8/EndpointStream_AVR8.o
Endpoint_Read_EStream_LE                          LUFA/Drivers/USB/Core/AVR8/EndpointStream_AVR8.o
Endpoint_Read_Stream_BE                           LUFA/Drivers/USB/Core/AVR8/EndpointStream_AVR8.o
Endpoint_Read_Stream_LE                           LUFA/Drivers/USB/Core/AVR8/EndpointStream_AVR8.o
                                                  LUFA/Drivers/USB/Class/Device/RNDISClassDevice.o
                                                  LUFA/Drivers/USB/Class/Device/MIDIClassDevice.o
                                                  LUFA/Drivers/USB/Class/Device/MassStorageClassDevice.o
Endpoint_WaitUntilReady                           LUFA/Drivers/USB/Core/AVR8/Endpoint_AVR8.o
                                                  LUFA/Drivers/USB/Class/Device/RNDISClassDevice.o
                                                  LUFA/Drivers/USB/Class/Device/PrinterClassDevice.o
                                                  LUFA/Drivers/USB/Class/Device/MIDIClassDevice.o
                                                  LUFA/Drivers/USB/Class/Device/CDCClassDevice.o
                                                  LUFA/Drivers/USB/Core/AVR8/EndpointStream_AVR8.o
Endpoint_Write_Control_EStream_BE                 LUFA/Drivers/USB/Core/AVR8/EndpointStream_AVR8.o
Endpoint_Write_Control_EStream_LE                 LUFA/Drivers/USB/Core/AVR8/EndpointStream_AVR8.o
Endpoint_Write_Control_PStream_BE                 LUFA/Drivers/USB/Core/AVR8/EndpointStream_AVR8.o
Endpoint_Write_Control_PStream_LE                 LUFA/Drivers/USB/Core/AVR8/EndpointStream_AVR8.o
                                                  LUFA/Drivers/USB/Core/DeviceStandardReq.o
Endpoint_Write_Control_Stream_BE                  LUFA/Drivers/USB/Core/AVR8/EndpointStream_AVR8.o
Endpoint_Write_Control_Stream_LE                  LUFA/Drivers/USB/Core/AVR8/EndpointStream_AVR8.o
                                                  LUFA/Drivers/USB/Class/Device/RNDISClassDevice.o
                                                  LUFA/Drivers/USB/Class/Device/PrinterClassDevice.o
                                                  LUFA/Drivers/USB/Class/Device/HIDClassDevice.o
                                                  LUFA/Drivers/USB/Class/Device/AudioClassDevice.o
                                                  LUFA/Drivers/USB/Core/DeviceStandardReq.o
Endpoint_Write_EStream_BE                         LUFA/Drivers/USB/Core/AVR8/EndpointStream_AVR8.o
Endpoint_Write_EStream_LE                         LUFA/Drivers/USB/Core/AVR8/EndpointStream_AVR8.o
Endpoint_Write_PStream_BE                         LUFA/Drivers/USB/Core/AVR8/EndpointStream_AVR8.o
Endpoint_Write_PStream_LE                         LUFA/Drivers/USB/Core/AVR8/EndpointStream_AVR8.o
Endpoint_Write_Stream_BE                          LUFA/Drivers/USB/Core/AVR8/EndpointStream_AVR8.o
Endpoint_Write_Stream_LE                          LUFA/Drivers/USB/Core/AVR8/EndpointStream_AVR8.o
                                                  LUFA/Drivers/USB/Class/Device/RNDISClassDevice.o
                                                  LUFA/Drivers/USB/Class/Device/PrinterClassDevice.o
                                                  LUFA/Drivers/USB/Class/Device/MIDIClassDevice.o
                                                  LUFA/Drivers/USB/Class/Device/MassStorageClassDevice.o
                                                  LUFA/Drivers/USB/Class/Device/HIDClassDevice.o
                                                  LUFA/Drivers/USB/Class/Device/CDCClassDevice.o
HID_Device_ConfigureEndpoints                     LUFA/Drivers/USB/Class/Device/HIDClassDevice.o
HID_Device_ProcessControlRequest                  LUFA/Drivers/USB/Class/Device/HIDClassDevice.o
HID_Device_USBTask                                LUFA/Drivers/USB/Class/Device/HIDClassDevice.o
LanguageString                                    Descriptors.o
MIDI_Device_ConfigureEndpoints                    LUFA/Drivers/USB/Class/Device/MIDIClassDevice.o
MIDI_Device_Flush                                 LUFA/Drivers/USB/Class/Device/MIDIClassDevice.o
MIDI_Device_ReceiveEventPacket                    LUFA/Drivers/USB/Class/Device/MIDIClassDevice.o
MIDI_Device_SendEventPacket                       LUFA/Drivers/USB/Class/Device/MIDIClassDevice.o
MIDI_Device_USBTask                               LUFA/Drivers/USB/Class/Device/MIDIClassDevice.o
MS_Device_ConfigureEndpoints                      LUFA/Drivers/USB/Class/Device/MassStorageClassDevice.o
MS_Device_ProcessControlRequest                   LUFA/Drivers/USB/Class/Device/MassStorageClassDevice.o
MS_Device_USBTask                                 LUFA/Drivers/USB/Class/Device/MassStorageClassDevice.o
ManufacturerString                                Descriptors.o
PRNT_Device_BytesReceived                         LUFA/Drivers/USB/Class/Device/PrinterClassDevice.o
PRNT_Device_ConfigureEndpoints                    LUFA/Drivers/USB/Class/Device/PrinterClassDevice.o
PRNT_Device_CreateBlockingStream                  LUFA/Drivers/USB/Class/Device/PrinterClassDevice.o
PRNT_Device_CreateStream                          LUFA/Drivers/USB/Class/Device/PrinterClassDevice.o
PRNT_Device_Event_Stub                            LUFA/Drivers/USB/Class/Device/PrinterClassDevice.o
PRNT_Device_Flush                                 LUFA/Drivers/USB/Class/Device/PrinterClassDevice.o
PRNT_Device_ProcessControlRequest                 LUFA/Drivers/USB/Class/Device/PrinterClassDevice.o
PRNT_Device_ReceiveByte                           LUFA/Drivers/USB/Class/Device/PrinterClassDevice.o
PRNT_Device_SendByte                              LUFA/Drivers/USB/Class/Device/PrinterClassDevice.o
PRNT_Device_SendData                              LUFA/Drivers/USB/Class/Device/PrinterClassDevice.o
PRNT_Device_SendString                            LUFA/Drivers/USB/Class/Device/PrinterClassDevice.o
PRNT_Device_USBTask                               LUFA/Drivers/USB/Class/Device/PrinterClassDevice.o
ProductString                                     Descriptors.o
RNDIS_Device_ConfigureEndpoints                   LUFA/Drivers/USB/Class/Device/RNDISClassDevice.o
RNDIS_Device_IsPacketReceived                     LUFA/Drivers/USB/Class/Device/RNDISClassDevice.o
RNDIS_Device_ProcessControlRequest                LUFA/Drivers/USB/Class/Device/RNDISClassDevice.o
RNDIS_Device_ReadPacket                           LUFA/Drivers/USB/Class/Device/RNDISClassDevice.o
RNDIS_Device_SendPacket                           LUFA/Drivers/USB/Class/Device/RNDISClassDevice.o
RNDIS_Device_USBTask                              LUFA/Drivers/USB/Class/Device/RNDISClassDevice.o
SetupHardware                                     main.o
USB_ControlRequest                                LUFA/Drivers/USB/Core/USBTask.o
                                                  LUFA/Drivers/USB/Class/Device/RNDISClassDevice.o
                                                  LUFA/Drivers/USB/Class/Device/PrinterClassDevice.o
                                                  LUFA/Drivers/USB/Class/Device/MassStorageClassDevice.o
                                                  LUFA/Drivers/USB/Class/Device/HIDClassDevice.o
                                                  LUFA/Drivers/USB/Class/Device/CDCClassDevice.o
                                                  LUFA/Drivers/USB/Class/Device/AudioClassDevice.o
                                                  LUFA/Drivers/USB/Core/DeviceStandardReq.o
                                                  LUFA/Drivers/USB/Core/AVR8/Endpoint_AVR8.o
                                                  LUFA/Drivers/USB/Core/AVR8/EndpointStream_AVR8.o
USB_Device_ConfigurationNumber                    LUFA/Drivers/USB/Core/DeviceStandardReq.o
                                                  LUFA/Drivers/USB/Core/AVR8/USBInterrupt_AVR8.o
                                                  LUFA/Drivers/USB/Core/AVR8/USBController_AVR8.o
USB_Device_CurrentlySelfPowered                   LUFA/Drivers/USB/Core/DeviceStandardReq.o
                                                  LUFA/Drivers/USB/Core/AVR8/USBController_AVR8.o
USB_Device_ProcessControlRequest                  LUFA/Drivers/USB/Core/DeviceStandardReq.o
                                                  LUFA/Drivers/USB/Core/USBTask.o
                                                  LUFA/Drivers/USB/Core/AVR8/USBInterrupt_AVR8.o
USB_Device_RemoteWakeupEnabled                    LUFA/Drivers/USB/Core/DeviceStandardReq.o
                                                  LUFA/Drivers/USB/Core/AVR8/USBController_AVR8.o
USB_Device_SendRemoteWakeup                       LUFA/Drivers/USB/Core/AVR8/Device_AVR8.o
USB_Disable                                       LUFA/Drivers/USB/Core/AVR8/USBController_AVR8.o
USB_Event_Stub                                    LUFA/Drivers/USB/Core/Events.o
USB_GetHIDReportItemInfo                          LUFA/Drivers/USB/Class/Common/HIDParser.o
USB_GetHIDReportSize                              LUFA/Drivers/USB/Class/Common/HIDParser.o
USB_GetNextDescriptorComp                         LUFA/Drivers/USB/Core/ConfigDescriptors.o
USB_GetNextDescriptorOfType                       LUFA/Drivers/USB/Core/ConfigDescriptors.o
USB_GetNextDescriptorOfTypeAfter                  LUFA/Drivers/USB/Core/ConfigDescriptors.o
USB_GetNextDescriptorOfTypeBefore                 LUFA/Drivers/USB/Core/ConfigDescriptors.o
USB_INT_ClearAllInterrupts                        LUFA/Drivers/USB/Core/AVR8/USBInterrupt_AVR8.o
                                                  LUFA/Drivers/USB/Core/AVR8/USBController_AVR8.o
USB_INT_DisableAllInterrupts                      LUFA/Drivers/USB/Core/AVR8/USBInterrupt_AVR8.o
                                                  LUFA/Drivers/USB/Core/AVR8/USBController_AVR8.o
USB_Init                                          LUFA/Drivers/USB/Core/AVR8/USBController_AVR8.o
USB_IsInitialized                                 LUFA/Drivers/USB/Core/USBTask.o
                                                  LUFA/Drivers/USB/Core/AVR8/USBController_AVR8.o
USB_ProcessHIDReport                              LUFA/Drivers/USB/Class/Common/HIDParser.o
USB_ResetInterface                                LUFA/Drivers/USB/Core/AVR8/USBController_AVR8.o
USB_SetHIDReportItemInfo                          LUFA/Drivers/USB/Class/Common/HIDParser.o
USB_USBTask                                       LUFA/Drivers/USB/Core/USBTask.o
                                                  LUFA/Drivers/USB/Class/Device/PrinterClassDevice.o
                                                  LUFA/Drivers/USB/Class/Device/CDCClassDevice.o
VirtualSerial_CDC_Interface                       main.o
__bad_interrupt                                   c:/program files (x86)/atmel/atmel toolchain/avr8 gcc/native/3.4.1056/avr8-gnu-toolchain/bin/../lib/gcc/avr/4.8.1/../../../../avr/lib/avr5/crtm32u4.o
__bss_end                                         c:/program files (x86)/atmel/atmel toolchain/avr8 gcc/native/3.4.1056/avr8-gnu-toolchain/bin/../lib/gcc/avr/4.8.1/avr5\libgcc.a(_clear_bss.o)
__bss_start                                       c:/program files (x86)/atmel/atmel toolchain/avr8 gcc/native/3.4.1056/avr8-gnu-toolchain/bin/../lib/gcc/avr/4.8.1/avr5\libgcc.a(_clear_bss.o)
__data_end                                        c:/program files (x86)/atmel/atmel toolchain/avr8 gcc/native/3.4.1056/avr8-gnu-toolchain/bin/../lib/gcc/avr/4.8.1/avr5\libgcc.a(_copy_data.o)
__data_load_start                                 c:/program files (x86)/atmel/atmel toolchain/avr8 gcc/native/3.4.1056/avr8-gnu-toolchain/bin/../lib/gcc/avr/4.8.1/avr5\libgcc.a(_copy_data.o)
__data_start                                      c:/program files (x86)/atmel/atmel toolchain/avr8 gcc/native/3.4.1056/avr8-gnu-toolchain/bin/../lib/gcc/avr/4.8.1/avr5\libgcc.a(_copy_data.o)
__do_clear_bss                                    c:/program files (x86)/atmel/atmel toolchain/avr8 gcc/native/3.4.1056/avr8-gnu-toolchain/bin/../lib/gcc/avr/4.8.1/avr5\libgcc.a(_clear_bss.o)
                                                  LUFA/Drivers/USB/Core/USBTask.o
                                                  LUFA/Drivers/USB/Core/DeviceStandardReq.o
__do_copy_data                                    c:/program files (x86)/atmel/atmel toolchain/avr8 gcc/native/3.4.1056/avr8-gnu-toolchain/bin/../lib/gcc/avr/4.8.1/avr5\libgcc.a(_copy_data.o)
                                                  LUFA/Drivers/USB/Class/Device/RNDISClassDevice.o
                                                  LUFA/Drivers/USB/Class/Device/CDCClassDevice.o
                                                  main.o
__eerd_byte_m32u4                                 c:/program files (x86)/atmel/atmel toolchain/avr8 gcc/native/3.4.1056/avr8-gnu-toolchain/bin/../lib/gcc/avr/4.8.1/../../../../avr/lib/avr5\libc.a(eerd_byte_atmega32u4.o)
                                                  LUFA/Drivers/USB/Core/AVR8/EndpointStream_AVR8.o
__eeupd_byte_m32u4                                c:/program files (x86)/atmel/atmel toolchain/avr8 gcc/native/3.4.1056/avr8-gnu-toolchain/bin/../lib/gcc/avr/4.8.1/../../../../avr/lib/avr5\libc.a(eeupd_byte_atmega32u4.o)
                                                  LUFA/Drivers/USB/Core/AVR8/EndpointStream_AVR8.o
__eeupd_r18_m32u4                                 c:/program files (x86)/atmel/atmel toolchain/avr8 gcc/native/3.4.1056/avr8-gnu-toolchain/bin/../lib/gcc/avr/4.8.1/../../../../avr/lib/avr5\libc.a(eeupd_byte_atmega32u4.o)
__heap_end                                        c:/program files (x86)/atmel/atmel toolchain/avr8 gcc/native/3.4.1056/avr8-gnu-toolchain/bin/../lib/gcc/avr/4.8.1/../../../../avr/lib/avr5/crtm32u4.o
__init                                            c:/program files (x86)/atmel/atmel toolchain/avr8 gcc/native/3.4.1056/avr8-gnu-toolchain/bin/../lib/gcc/avr/4.8.1/../../../../avr/lib/avr5/crtm32u4.o
__stack                                           c:/program files (x86)/atmel/atmel toolchain/avr8 gcc/native/3.4.1056/avr8-gnu-toolchain/bin/../lib/gcc/avr/4.8.1/../../../../avr/lib/avr5/crtm32u4.o
__tablejump2__                                    c:/program files (x86)/atmel/atmel toolchain/avr8 gcc/native/3.4.1056/avr8-gnu-toolchain/bin/../lib/gcc/avr/4.8.1/avr5\libgcc.a(_tablejump.o)
                                                  LUFA/Drivers/USB/Core/DeviceStandardReq.o
__tablejump__                                     c:/program files (x86)/atmel/atmel toolchain/avr8 gcc/native/3.4.1056/avr8-gnu-toolchain/bin/../lib/gcc/avr/4.8.1/avr5\libgcc.a(_tablejump.o)
__vector_1                                        c:/program files (x86)/atmel/atmel toolchain/avr8 gcc/native/3.4.1056/avr8-gnu-toolchain/bin/../lib/gcc/avr/4.8.1/../../../../avr/lib/avr5/crtm32u4.o
__vector_10                                       LUFA/Drivers/USB/Core/AVR8/USBInterrupt_AVR8.o
                                                  c:/program files (x86)/atmel/atmel toolchain/avr8 gcc/native/3.4.1056/avr8-gnu-toolchain/bin/../lib/gcc/avr/4.8.1/../../../../avr/lib/avr5/crtm32u4.o
__vector_11                                       LUFA/Drivers/USB/Core/AVR8/USBInterrupt_AVR8.o
                                                  c:/program files (x86)/atmel/atmel toolchain/avr8 gcc/native/3.4.1056/avr8-gnu-toolchain/bin/../lib/gcc/avr/4.8.1/../../../../avr/lib/avr5/crtm32u4.o
__vector_12                                       c:/program files (x86)/atmel/atmel toolchain/avr8 gcc/native/3.4.1056/avr8-gnu-toolchain/bin/../lib/gcc/avr/4.8.1/../../../../avr/lib/avr5/crtm32u4.o
__vector_13                                       c:/program files (x86)/atmel/atmel toolchain/avr8 gcc/native/3.4.1056/avr8-gnu-toolchain/bin/../lib/gcc/avr/4.8.1/../../../../avr/lib/avr5/crtm32u4.o
__vector_14                                       c:/program files (x86)/atmel/atmel toolchain/avr8 gcc/native/3.4.1056/avr8-gnu-toolchain/bin/../lib/gcc/avr/4.8.1/../../../../avr/lib/avr5/crtm32u4.o
__vector_15                                       c:/program files (x86)/atmel/atmel toolchain/avr8 gcc/native/3.4.1056/avr8-gnu-toolchain/bin/../lib/gcc/avr/4.8.1/../../../../avr/lib/avr5/crtm32u4.o
__vector_16                                       c:/program files (x86)/atmel/atmel toolchain/avr8 gcc/native/3.4.1056/avr8-gnu-toolchain/bin/../lib/gcc/avr/4.8.1/../../../../avr/lib/avr5/crtm32u4.o
__vector_17                                       c:/program files (x86)/atmel/atmel toolchain/avr8 gcc/native/3.4.1056/avr8-gnu-toolchain/bin/../lib/gcc/avr/4.8.1/../../../../avr/lib/avr5/crtm32u4.o
__vector_18                                       c:/program files (x86)/atmel/atmel toolchain/avr8 gcc/native/3.4.1056/avr8-gnu-toolchain/bin/../lib/gcc/avr/4.8.1/../../../../avr/lib/avr5/crtm32u4.o
__vector_19                                       c:/program files (x86)/atmel/atmel toolchain/avr8 gcc/native/3.4.1056/avr8-gnu-toolchain/bin/../lib/gcc/avr/4.8.1/../../../../avr/lib/avr5/crtm32u4.o
__vector_2                                        c:/program files (x86)/atmel/atmel toolchain/avr8 gcc/native/3.4.1056/avr8-gnu-toolchain/bin/../lib/gcc/avr/4.8.1/../../../../avr/lib/avr5/crtm32u4.o
__vector_20                                       c:/program files (x86)/atmel/atmel toolchain/avr8 gcc/native/3.4.1056/avr8-gnu-toolchain/bin/../lib/gcc/avr/4.8.1/../../../../avr/lib/avr5/crtm32u4.o
__vector_21                                       c:/program files (x86)/atmel/atmel toolchain/avr8 gcc/native/3.4.1056/avr8-gnu-toolchain/bin/../lib/gcc/avr/4.8.1/../../../../avr/lib/avr5/crtm32u4.o
__vector_22                                       c:/program files (x86)/atmel/atmel toolchain/avr8 gcc/native/3.4.1056/avr8-gnu-toolchain/bin/../lib/gcc/avr/4.8.1/../../../../avr/lib/avr5/crtm32u4.o
__vector_23                                       c:/program files (x86)/atmel/atmel toolchain/avr8 gcc/native/3.4.1056/avr8-gnu-toolchain/bin/../lib/gcc/avr/4.8.1/../../../../avr/lib/avr5/crtm32u4.o
__vector_24                                       c:/program files (x86)/atmel/atmel toolchain/avr8 gcc/native/3.4.1056/avr8-gnu-toolchain/bin/../lib/gcc/avr/4.8.1/../../../../avr/lib/avr5/crtm32u4.o
__vector_25                                       c:/program files (x86)/atmel/atmel toolchain/avr8 gcc/native/3.4.1056/avr8-gnu-toolchain/bin/../lib/gcc/avr/4.8.1/../../../../avr/lib/avr5/crtm32u4.o
__vector_26                                       c:/program files (x86)/atmel/atmel toolchain/avr8 gcc/native/3.4.1056/avr8-gnu-toolchain/bin/../lib/gcc/avr/4.8.1/../../../../avr/lib/avr5/crtm32u4.o
__vector_27                                       c:/program files (x86)/atmel/atmel toolchain/avr8 gcc/native/3.4.1056/avr8-gnu-toolchain/bin/../lib/gcc/avr/4.8.1/../../../../avr/lib/avr5/crtm32u4.o
__vector_28                                       c:/program files (x86)/atmel/atmel toolchain/avr8 gcc/native/3.4.1056/avr8-gnu-toolchain/bin/../lib/gcc/avr/4.8.1/../../../../avr/lib/avr5/crtm32u4.o
__vector_29                                       c:/program files (x86)/atmel/atmel toolchain/avr8 gcc/native/3.4.1056/avr8-gnu-toolchain/bin/../lib/gcc/avr/4.8.1/../../../../avr/lib/avr5/crtm32u4.o
__vector_3                                        c:/program files (x86)/atmel/atmel toolchain/avr8 gcc/native/3.4.1056/avr8-gnu-toolchain/bin/../lib/gcc/avr/4.8.1/../../../../avr/lib/avr5/crtm32u4.o
__vector_30                                       c:/program files (x86)/atmel/atmel toolchain/avr8 gcc/native/3.4.1056/avr8-gnu-toolchain/bin/../lib/gcc/avr/4.8.1/../../../../avr/lib/avr5/crtm32u4.o
__vector_31                                       c:/program files (x86)/atmel/atmel toolchain/avr8 gcc/native/3.4.1056/avr8-gnu-toolchain/bin/../lib/gcc/avr/4.8.1/../../../../avr/lib/avr5/crtm32u4.o
__vector_32                                       c:/program files (x86)/atmel/atmel toolchain/avr8 gcc/native/3.4.1056/avr8-gnu-toolchain/bin/../lib/gcc/avr/4.8.1/../../../../avr/lib/avr5/crtm32u4.o
__vector_33                                       c:/program files (x86)/atmel/atmel toolchain/avr8 gcc/native/3.4.1056/avr8-gnu-toolchain/bin/../lib/gcc/avr/4.8.1/../../../../avr/lib/avr5/crtm32u4.o
__vector_34                                       c:/program files (x86)/atmel/atmel toolchain/avr8 gcc/native/3.4.1056/avr8-gnu-toolchain/bin/../lib/gcc/avr/4.8.1/../../../../avr/lib/avr5/crtm32u4.o
__vector_35                                       c:/program files (x86)/atmel/atmel toolchain/avr8 gcc/native/3.4.1056/avr8-gnu-toolchain/bin/../lib/gcc/avr/4.8.1/../../../../avr/lib/avr5/crtm32u4.o
__vector_36                                       c:/program files (x86)/atmel/atmel toolchain/avr8 gcc/native/3.4.1056/avr8-gnu-toolchain/bin/../lib/gcc/avr/4.8.1/../../../../avr/lib/avr5/crtm32u4.o
__vector_37                                       c:/program files (x86)/atmel/atmel toolchain/avr8 gcc/native/3.4.1056/avr8-gnu-toolchain/bin/../lib/gcc/avr/4.8.1/../../../../avr/lib/avr5/crtm32u4.o
__vector_38                                       c:/program files (x86)/atmel/atmel toolchain/avr8 gcc/native/3.4.1056/avr8-gnu-toolchain/bin/../lib/gcc/avr/4.8.1/../../../../avr/lib/avr5/crtm32u4.o
__vector_39                                       c:/program files (x86)/atmel/atmel toolchain/avr8 gcc/native/3.4.1056/avr8-gnu-toolchain/bin/../lib/gcc/avr/4.8.1/../../../../avr/lib/avr5/crtm32u4.o
__vector_4                                        c:/program files (x86)/atmel/atmel toolchain/avr8 gcc/native/3.4.1056/avr8-gnu-toolchain/bin/../lib/gcc/avr/4.8.1/../../../../avr/lib/avr5/crtm32u4.o
__vector_40                                       c:/program files (x86)/atmel/atmel toolchain/avr8 gcc/native/3.4.1056/avr8-gnu-toolchain/bin/../lib/gcc/avr/4.8.1/../../../../avr/lib/avr5/crtm32u4.o
__vector_41                                       c:/program files (x86)/atmel/atmel toolchain/avr8 gcc/native/3.4.1056/avr8-gnu-toolchain/bin/../lib/gcc/avr/4.8.1/../../../../avr/lib/avr5/crtm32u4.o
__vector_42                                       c:/program files (x86)/atmel/atmel toolchain/avr8 gcc/native/3.4.1056/avr8-gnu-toolchain/bin/../lib/gcc/avr/4.8.1/../../../../avr/lib/avr5/crtm32u4.o
__vector_5                                        c:/program files (x86)/atmel/atmel toolchain/avr8 gcc/native/3.4.1056/avr8-gnu-toolchain/bin/../lib/gcc/avr/4.8.1/../../../../avr/lib/avr5/crtm32u4.o
__vector_6                                        c:/program files (x86)/atmel/atmel toolchain/avr8 gcc/native/3.4.1056/avr8-gnu-toolchain/bin/../lib/gcc/avr/4.8.1/../../../../avr/lib/avr5/crtm32u4.o
__vector_7                                        c:/program files (x86)/atmel/atmel toolchain/avr8 gcc/native/3.4.1056/avr8-gnu-toolchain/bin/../lib/gcc/avr/4.8.1/../../../../avr/lib/avr5/crtm32u4.o
__vector_8                                        c:/program files (x86)/atmel/atmel toolchain/avr8 gcc/native/3.4.1056/avr8-gnu-toolchain/bin/../lib/gcc/avr/4.8.1/../../../../avr/lib/avr5/crtm32u4.o
__vector_9                                        c:/program files (x86)/atmel/atmel toolchain/avr8 gcc/native/3.4.1056/avr8-gnu-toolchain/bin/../lib/gcc/avr/4.8.1/../../../../avr/lib/avr5/crtm32u4.o
__vector_default                                  c:/program files (x86)/atmel/atmel toolchain/avr8 gcc/native/3.4.1056/avr8-gnu-toolchain/bin/../lib/gcc/avr/4.8.1/../../../../avr/lib/avr5/crtm32u4.o
__vectors                                         c:/program files (x86)/atmel/atmel toolchain/avr8 gcc/native/3.4.1056/avr8-gnu-toolchain/bin/../lib/gcc/avr/4.8.1/../../../../avr/lib/avr5/crtm32u4.o
_exit                                             c:/program files (x86)/atmel/atmel toolchain/avr8 gcc/native/3.4.1056/avr8-gnu-toolchain/bin/../lib/gcc/avr/4.8.1/avr5\libgcc.a(_exit.o)
exit                                              c:/program files (x86)/atmel/atmel toolchain/avr8 gcc/native/3.4.1056/avr8-gnu-toolchain/bin/../lib/gcc/avr/4.8.1/avr5\libgcc.a(_exit.o)
                                                  c:/program files (x86)/atmel/atmel toolchain/avr8 gcc/native/3.4.1056/avr8-gnu-toolchain/bin/../lib/gcc/avr/4.8.1/../../../../avr/lib/avr5/crtm32u4.o
main                                              main.o
                                                  c:/program files (x86)/atmel/atmel toolchain/avr8 gcc/native/3.4.1056/avr8-gnu-toolchain/bin/../lib/gcc/avr/4.8.1/../../../../avr/lib/avr5/crtm32u4.o
memcmp                                            c:/program files (x86)/atmel/atmel toolchain/avr8 gcc/native/3.4.1056/avr8-gnu-toolchain/bin/../lib/gcc/avr/4.8.1/../../../../avr/lib/avr5\libc.a(memcmp.o)
                                                  LUFA/Drivers/USB/Class/Device/HIDClassDevice.o
memcpy                                            c:/program files (x86)/atmel/atmel toolchain/avr8 gcc/native/3.4.1056/avr8-gnu-toolchain/bin/../lib/gcc/avr/4.8.1/../../../../avr/lib/avr5\libc.a(memcpy.o)
                                                  LUFA/Drivers/USB/Class/Device/RNDISClassDevice.o
                                                  LUFA/Drivers/USB/Class/Device/HIDClassDevice.o
memcpy_P                                          c:/program files (x86)/atmel/atmel toolchain/avr8 gcc/native/3.4.1056/avr8-gnu-toolchain/bin/../lib/gcc/avr/4.8.1/../../../../avr/lib/avr5\libc.a(memcpy_P.o)
                                                  LUFA/Drivers/USB/Class/Device/RNDISClassDevice.o
memset                                            c:/program files (x86)/atmel/atmel toolchain/avr8 gcc/native/3.4.1056/avr8-gnu-toolchain/bin/../lib/gcc/avr/4.8.1/../../../../avr/lib/avr5\libc.a(memset.o)
                                                  LUFA/Drivers/USB/Class/Device/HIDClassDevice.o
