Archive member included because of file (symbol)

c:/program files (x86)/atmel/atmel toolchain/avr8 gcc/native/3.4.1056/avr8-gnu-toolchain/bin/../lib/gcc/avr/4.8.1/avr5\libgcc.a(_exit.o)
                              c:/program files (x86)/atmel/atmel toolchain/avr8 gcc/native/3.4.1056/avr8-gnu-toolchain/bin/../lib/gcc/avr/4.8.1/../../../../avr/lib/avr5/crtm32u4.o (exit)
c:/program files (x86)/atmel/atmel toolchain/avr8 gcc/native/3.4.1056/avr8-gnu-toolchain/bin/../lib/gcc/avr/4.8.1/avr5\libgcc.a(_tablejump.o)
                              LUFA/Drivers/USB/Core/DeviceStandardReq.o (__tablejump2__)
c:/program files (x86)/atmel/atmel toolchain/avr8 gcc/native/3.4.1056/avr8-gnu-toolchain/bin/../lib/gcc/avr/4.8.1/avr5\libgcc.a(_copy_data.o)
                              main.o (__do_copy_data)
c:/program files (x86)/atmel/atmel toolchain/avr8 gcc/native/3.4.1056/avr8-gnu-toolchain/bin/../lib/gcc/avr/4.8.1/avr5\libgcc.a(_clear_bss.o)
                              main.o (__do_clear_bss)
c:/program files (x86)/atmel/atmel toolchain/avr8 gcc/native/3.4.1056/avr8-gnu-toolchain/bin/../lib/gcc/avr/4.8.1/../../../../avr/lib/avr5\libc.a(memcpy_P.o)
                              LUFA/Drivers/USB/Class/Device/RNDISClassDevice.o (memcpy_P)
c:/program files (x86)/atmel/atmel toolchain/avr8 gcc/native/3.4.1056/avr8-gnu-toolchain/bin/../lib/gcc/avr/4.8.1/../../../../avr/lib/avr5\libc.a(memcmp.o)
                              LUFA/Drivers/USB/Class/Device/HIDClassDevice.o (memcmp)
c:/program files (x86)/atmel/atmel toolchain/avr8 gcc/native/3.4.1056/avr8-gnu-toolchain/bin/../lib/gcc/avr/4.8.1/../../../../avr/lib/avr5\libc.a(memcpy.o)
                              LUFA/Drivers/USB/Class/Device/HIDClassDevice.o (memcpy)
c:/program files (x86)/atmel/atmel toolchain/avr8 gcc/native/3.4.1056/avr8-gnu-toolchain/bin/../lib/gcc/avr/4.8.1/../../../../avr/lib/avr5\libc.a(memset.o)
                              LUFA/Drivers/USB/Class/Device/HIDClassDevice.o (memset)
c:/program files (x86)/atmel/atmel toolchain/avr8 gcc/native/3.4.1056/avr8-gnu-toolchain/bin/../lib/gcc/avr/4.8.1/../../../../avr/lib/avr5\libc.a(snprintf.o)
                              main.o (snprintf)
c:/program files (x86)/atmel/atmel toolchain/avr8 gcc/native/3.4.1056/avr8-gnu-toolchain/bin/../lib/gcc/avr/4.8.1/../../../../avr/lib/avr5\libc.a(vfprintf_std.o)
                              c:/program files (x86)/atmel/atmel toolchain/avr8 gcc/native/3.4.1056/avr8-gnu-toolchain/bin/../lib/gcc/avr/4.8.1/../../../../avr/lib/avr5\libc.a(snprintf.o) (vfprintf)
c:/program files (x86)/atmel/atmel toolchain/avr8 gcc/native/3.4.1056/avr8-gnu-toolchain/bin/../lib/gcc/avr/4.8.1/../../../../avr/lib/avr5\libc.a(eerd_byte_atmega32u4.o)
                              LUFA/Drivers/USB/Core/AVR8/EndpointStream_AVR8.o (__eerd_byte_m32u4)
c:/program files (x86)/atmel/atmel toolchain/avr8 gcc/native/3.4.1056/avr8-gnu-toolchain/bin/../lib/gcc/avr/4.8.1/../../../../avr/lib/avr5\libc.a(eeupd_byte_atmega32u4.o)
                              LUFA/Drivers/USB/Core/AVR8/EndpointStream_AVR8.o (__eeupd_byte_m32u4)
c:/program files (x86)/atmel/atmel toolchain/avr8 gcc/native/3.4.1056/avr8-gnu-toolchain/bin/../lib/gcc/avr/4.8.1/../../../../avr/lib/avr5\libc.a(strnlen_P.o)
                              c:/program files (x86)/atmel/atmel toolchain/avr8 gcc/native/3.4.1056/avr8-gnu-toolchain/bin/../lib/gcc/avr/4.8.1/../../../../avr/lib/avr5\libc.a(vfprintf_std.o) (strnlen_P)
c:/program files (x86)/atmel/atmel toolchain/avr8 gcc/native/3.4.1056/avr8-gnu-toolchain/bin/../lib/gcc/avr/4.8.1/../../../../avr/lib/avr5\libc.a(strnlen.o)
                              c:/program files (x86)/atmel/atmel toolchain/avr8 gcc/native/3.4.1056/avr8-gnu-toolchain/bin/../lib/gcc/avr/4.8.1/../../../../avr/lib/avr5\libc.a(vfprintf_std.o) (strnlen)
c:/program files (x86)/atmel/atmel toolchain/avr8 gcc/native/3.4.1056/avr8-gnu-toolchain/bin/../lib/gcc/avr/4.8.1/../../../../avr/lib/avr5\libc.a(fputc.o)
                              c:/program files (x86)/atmel/atmel toolchain/avr8 gcc/native/3.4.1056/avr8-gnu-toolchain/bin/../lib/gcc/avr/4.8.1/../../../../avr/lib/avr5\libc.a(vfprintf_std.o) (fputc)
c:/program files (x86)/atmel/atmel toolchain/avr8 gcc/native/3.4.1056/avr8-gnu-toolchain/bin/../lib/gcc/avr/4.8.1/../../../../avr/lib/avr5\libc.a(ultoa_invert.o)
                              c:/program files (x86)/atmel/atmel toolchain/avr8 gcc/native/3.4.1056/avr8-gnu-toolchain/bin/../lib/gcc/avr/4.8.1/../../../../avr/lib/avr5\libc.a(vfprintf_std.o) (__ultoa_invert)
c:/program files (x86)/atmel/atmel toolchain/avr8 gcc/native/3.4.1056/avr8-gnu-toolchain/bin/../lib/gcc/avr/4.8.1/avr5\libgcc.a(_prologue.o)
                              c:/program files (x86)/atmel/atmel toolchain/avr8 gcc/native/3.4.1056/avr8-gnu-toolchain/bin/../lib/gcc/avr/4.8.1/../../../../avr/lib/avr5\libc.a(snprintf.o) (__prologue_saves__)
[...]
Memory Configuration

Name             Origin             Length             Attributes
text             0x00000000         0x00020000         xr
data             0x00800060         0x0000ffa0         rw !x
eeprom           0x00810000         0x00010000         rw !x
fuse             0x00820000         0x00000400         rw !x
lock             0x00830000         0x00000400         rw !x
signature        0x00840000         0x00000400         rw !x
user_signatures  0x00850000         0x00000400         rw !x
*default*        0x00000000         0xffffffff

Linker script and memory map

Address of section .data set to 0x800100
LOAD c:/program files (x86)/atmel/atmel toolchain/avr8 gcc/native/3.4.1056/avr8-gnu-toolchain/bin/../lib/gcc/avr/4.8.1/../../../../avr/lib/avr5/crtm32u4.o
LOAD main.o
LOAD Descriptors.o
LOAD LUFA/Drivers/USB/Class/Common/HIDParser.o
LOAD LUFA/Drivers/USB/Core/AVR8/Device_AVR8.o
LOAD LUFA/Drivers/USB/Core/AVR8/EndpointStream_AVR8.o
LOAD LUFA/Drivers/USB/Core/AVR8/Endpoint_AVR8.o
LOAD LUFA/Drivers/USB/Core/AVR8/Host_AVR8.o
LOAD LUFA/Drivers/USB/Core/AVR8/PipeStream_AVR8.o
LOAD LUFA/Drivers/USB/Core/AVR8/Pipe_AVR8.o
LOAD LUFA/Drivers/USB/Core/AVR8/USBController_AVR8.o
LOAD LUFA/Drivers/USB/Core/AVR8/USBInterrupt_AVR8.o
LOAD LUFA/Drivers/USB/Core/ConfigDescriptors.o
LOAD LUFA/Drivers/USB/Core/DeviceStandardReq.o
LOAD LUFA/Drivers/USB/Core/Events.o
LOAD LUFA/Drivers/USB/Core/HostStandardReq.o
LOAD LUFA/Drivers/USB/Core/USBTask.o
LOAD LUFA/Drivers/USB/Class/Device/AudioClassDevice.o
LOAD LUFA/Drivers/USB/Class/Device/CDCClassDevice.o
LOAD LUFA/Drivers/USB/Class/Device/HIDClassDevice.o
LOAD LUFA/Drivers/USB/Class/Device/MassStorageClassDevice.o
LOAD LUFA/Drivers/USB/Class/Device/MIDIClassDevice.o
LOAD LUFA/Drivers/USB/Class/Device/PrinterClassDevice.o
LOAD LUFA/Drivers/USB/Class/Device/RNDISClassDevice.o
LOAD LUFA/Drivers/USB/Class/Host/AndroidAccessoryClassHost.o
LOAD LUFA/Drivers/USB/Class/Host/AudioClassHost.o
LOAD LUFA/Drivers/USB/Class/Host/CDCClassHost.o
LOAD LUFA/Drivers/USB/Class/Host/HIDClassHost.o
LOAD LUFA/Drivers/USB/Class/Host/MassStorageClassHost.o
LOAD LUFA/Drivers/USB/Class/Host/MIDIClassHost.o
LOAD LUFA/Drivers/USB/Class/Host/PrinterClassHost.o
LOAD LUFA/Drivers/USB/Class/Host/RNDISClassHost.o
LOAD LUFA/Drivers/USB/Class/Host/StillImageClassHost.o
LOAD c:/program files (x86)/atmel/atmel toolchain/avr8 gcc/native/3.4.1056/avr8-gnu-toolchain/bin/../lib/gcc/avr/4.8.1/../../../../avr/lib/avr5\libm.a
START GROUP
LOAD c:/program files (x86)/atmel/atmel toolchain/avr8 gcc/native/3.4.1056/avr8-gnu-toolchain/bin/../lib/gcc/avr/4.8.1/avr5\libgcc.a
LOAD c:/program files (x86)/atmel/atmel toolchain/avr8 gcc/native/3.4.1056/avr8-gnu-toolchain/bin/../lib/gcc/avr/4.8.1/../../../../avr/lib/avr5\libm.a
LOAD c:/program files (x86)/atmel/atmel toolchain/avr8 gcc/native/3.4.1056/avr8-gnu-toolchain/bin/../lib/gcc/avr/4.8.1/../../../../avr/lib/avr5\libc.a
END GROUP

.hash
 *(.hash)

.dynsym
 *(.dynsym)

.dynstr
 *(.dynstr)

.gnu.version
 *(.gnu.version)

.gnu.version_d
 *(.gnu.version_d)

.gnu.version_r
 *(.gnu.version_r)

.rel.init
 *(.rel.init)

.rela.init
 *(.rela.init)

.rel.text
 *(.rel.text)
 *(.rel.text.*)
 *(.rel.gnu.linkonce.t*)

.rela.text
 *(.rela.text)
 *(.rela.text.*)
 *(.rela.gnu.linkonce.t*)

.rel.fini
 *(.rel.fini)

.rela.fini
 *(.rela.fini)

.rel.rodata
 *(.rel.rodata)
 *(.rel.rodata.*)
 *(.rel.gnu.linkonce.r*)

.rela.rodata
 *(.rela.rodata)
 *(.rela.rodata.*)
 *(.rela.gnu.linkonce.r*)

.rel.data
 *(.rel.data)
 *(.rel.data.*)
 *(.rel.gnu.linkonce.d*)

.rela.data
 *(.rela.data)
 *(.rela.data.*)
 *(.rela.gnu.linkonce.d*)

.rel.ctors
 *(.rel.ctors)

.rela.ctors
 *(.rela.ctors)

.rel.dtors
 *(.rel.dtors)

.rela.dtors
 *(.rela.dtors)

.rel.got
 *(.rel.got)

.rela.got
 *(.rela.got)

.rel.bss
 *(.rel.bss)

.rela.bss
 *(.rela.bss)

.rel.plt
 *(.rel.plt)

.rela.plt
 *(.rela.plt)

.text           0x00000000     0x15b8
 *(.vectors)
 .vectors       0x00000000       0xac c:/program files (x86)/atmel/atmel toolchain/avr8 gcc/native/3.4.1056/avr8-gnu-toolchain/bin/../lib/gcc/avr/4.8.1/../../../../avr/lib/avr5/crtm32u4.o
                0x00000000                __vector_default
                0x00000000                __vectors
 *(.vectors)
 *(.progmem.gcc*)
 .progmem.gcc_sw_table.USB_Device_ProcessControlRequest
                0x000000ac       0x14 LUFA/Drivers/USB/Core/DeviceStandardReq.o
                0x000000c0                . = ALIGN (0x2)
                0x000000c0                __trampolines_start = .
 *(.trampolines)
 .trampolines   0x000000c0        0x0 linker stubs
 *(.trampolines*)
                0x000000c0                __trampolines_end = .
 *(.progmem*)
 .progmem.data  0x000000c0       0x8c Descriptors.o
                0x000000c0                ProductString
                0x000000de                ManufacturerString
                0x000000f8                LanguageString
                0x000000fc                ConfigurationDescriptor
                0x0000013a                DeviceDescriptor
                0x0000014c                . = ALIGN (0x2)
 *(.jumptables)
 *(.jumptables*)
 *(.lowtext)
 *(.lowtext*)
                0x0000014c                __ctors_start = .
 *(.ctors)
                0x0000014c                __ctors_end = .
                0x0000014c                __dtors_start = .
 *(.dtors)
                0x0000014c                __dtors_end = .
 SORT(*)(.ctors)
 SORT(*)(.dtors)
 *(.init0)
 .init0         0x0000014c        0x0 c:/program files (x86)/atmel/atmel toolchain/avr8 gcc/native/3.4.1056/avr8-gnu-toolchain/bin/../lib/gcc/avr/4.8.1/../../../../avr/lib/avr5/crtm32u4.o
                0x0000014c                __init
 *(.init0)
 *(.init1)
 *(.init1)
 *(.init2)
 .init2         0x0000014c        0xc c:/program files (x86)/atmel/atmel toolchain/avr8 gcc/native/3.4.1056/avr8-gnu-toolchain/bin/../lib/gcc/avr/4.8.1/../../../../avr/lib/avr5/crtm32u4.o
 *(.init2)
 *(.init3)
 *(.init3)
 *(.init4)
 .init4         0x00000158       0x16 c:/program files (x86)/atmel/atmel toolchain/avr8 gcc/native/3.4.1056/avr8-gnu-toolchain/bin/../lib/gcc/avr/4.8.1/avr5\libgcc.a(_copy_data.o)
                0x00000158                __do_copy_data
 .init4         0x0000016e       0x10 c:/program files (x86)/atmel/atmel toolchain/avr8 gcc/native/3.4.1056/avr8-gnu-toolchain/bin/../lib/gcc/avr/4.8.1/avr5\libgcc.a(_clear_bss.o)
                0x0000016e                __do_clear_bss
 *(.init4)
 *(.init5)
 *(.init5)
 *(.init6)
 *(.init6)
 *(.init7)
 *(.init7)
 *(.init8)
 *(.init8)
 *(.init9)
 .init9         0x0000017e        0x6 c:/program files (x86)/atmel/atmel toolchain/avr8 gcc/native/3.4.1056/avr8-gnu-toolchain/bin/../lib/gcc/avr/4.8.1/../../../../avr/lib/avr5/crtm32u4.o
 *(.init9)
 *(.text)
 .text          0x00000184        0x2 c:/program files (x86)/atmel/atmel toolchain/avr8 gcc/native/3.4.1056/avr8-gnu-toolchain/bin/../lib/gcc/avr/4.8.1/../../../../avr/lib/avr5/crtm32u4.o
                0x00000184                __vector_38
                0x00000184                __vector_22
                0x00000184                __vector_28
                0x00000184                __vector_1
                0x00000184                __vector_32
                0x00000184                __vector_34
                0x00000184                __vector_24
                0x00000184                __vector_12
                0x00000184                __bad_interrupt
                0x00000184                __vector_6
                0x00000184                __vector_31
                0x00000184                __vector_35
                0x00000184                __vector_39
                0x00000184                __vector_3
                0x00000184                __vector_23
                0x00000184                __vector_30
                0x00000184                __vector_25
                0x00000184                __vector_13
                0x00000184                __vector_17
                0x00000184                __vector_19
                0x00000184                __vector_7
                0x00000184                __vector_41
                0x00000184                __vector_27
                0x00000184                __vector_5
                0x00000184                __vector_33
                0x00000184                __vector_37
                0x00000184                __vector_4
                0x00000184                __vector_9
                0x00000184                __vector_2
                0x00000184                __vector_21
                0x00000184                __vector_15
                0x00000184                __vector_36
                0x00000184                __vector_40
                0x00000184                __vector_8
                0x00000184                __vector_26
                0x00000184                __vector_14
                0x00000184                __vector_16
                0x00000184                __vector_18
                0x00000184                __vector_20
                0x00000184                __vector_42
                0x00000186                . = ALIGN (0x2)
 *(.text.*)
 .text.write_register
                0x00000186       0x1c main.o
 .text.read_register
                0x000001a2       0x1c main.o
 .text.__vector_29
                0x000001be       0xf8 main.o
                0x000001be                __vector_29
 .text.SetupHardware
                0x000002b6       0xb2 main.o
                0x000002b6                SetupHardware
 .text.startup.main
                0x00000368       0xda main.o
                0x00000368                main
 .text.EVENT_USB_Device_Connect
                0x00000442        0x2 main.o
                0x00000442                EVENT_USB_Device_Connect
 .text.EVENT_USB_Device_Disconnect
                0x00000444        0x2 main.o
                0x00000444                EVENT_USB_Device_Disconnect
 .text.EVENT_USB_Device_ConfigurationChanged
                0x00000446        0x6 main.o
                0x00000446                EVENT_USB_Device_ConfigurationChanged
 .text.EVENT_USB_Device_ControlRequest
                0x0000044c        0x6 main.o
                0x0000044c                EVENT_USB_Device_ControlRequest
 .text.CALLBACK_USB_GetDescriptor
                0x00000452       0x64 Descriptors.o
                0x00000452                CALLBACK_USB_GetDescriptor
 .text.Endpoint_Write_Stream_LE
                0x000004b6       0x8e LUFA/Drivers/USB/Core/AVR8/EndpointStream_AVR8.o
                0x000004b6                Endpoint_Write_Stream_LE
 .text.Endpoint_Write_Control_Stream_LE
                0x00000544       0xb2 LUFA/Drivers/USB/Core/AVR8/EndpointStream_AVR8.o
                0x00000544                Endpoint_Write_Control_Stream_LE
 .text.Endpoint_Write_Control_PStream_LE
                0x000005f6       0xb8 LUFA/Drivers/USB/Core/AVR8/EndpointStream_AVR8.o
                0x000005f6                Endpoint_Write_Control_PStream_LE
 .text.Endpoint_ConfigureEndpoint_Prv
                0x000006ae       0x6a LUFA/Drivers/USB/Core/AVR8/Endpoint_AVR8.o
                0x000006ae                Endpoint_ConfigureEndpoint_Prv
 .text.Endpoint_ConfigureEndpointTable
                0x00000718       0x7a LUFA/Drivers/USB/Core/AVR8/Endpoint_AVR8.o
                0x00000718                Endpoint_ConfigureEndpointTable
 .text.Endpoint_ClearStatusStage
                0x00000792       0x3e LUFA/Drivers/USB/Core/AVR8/Endpoint_AVR8.o
                0x00000792                Endpoint_ClearStatusStage
 .text.Endpoint_WaitUntilReady
                0x000007d0       0x5e LUFA/Drivers/USB/Core/AVR8/Endpoint_AVR8.o
                0x000007d0                Endpoint_WaitUntilReady
 .text.USB_ResetInterface
                0x0000082e       0x7e LUFA/Drivers/USB/Core/AVR8/USBController_AVR8.o
                0x0000082e                USB_ResetInterface
 .text.USB_Init
                0x000008ac       0x20 LUFA/Drivers/USB/Core/AVR8/USBController_AVR8.o
                0x000008ac                USB_Init
 .text.USB_INT_DisableAllInterrupts
                0x000008cc       0x10 LUFA/Drivers/USB/Core/AVR8/USBInterrupt_AVR8.o
                0x000008cc                USB_INT_DisableAllInterrupts
 .text.USB_INT_ClearAllInterrupts
                0x000008dc        0xa LUFA/Drivers/USB/Core/AVR8/USBInterrupt_AVR8.o
                0x000008dc                USB_INT_ClearAllInterrupts
 .text.__vector_10
                0x000008e6      0x18c LUFA/Drivers/USB/Core/AVR8/USBInterrupt_AVR8.o
                0x000008e6                __vector_10
 .text.__vector_11
                0x00000a72       0x76 LUFA/Drivers/USB/Core/AVR8/USBInterrupt_AVR8.o
                0x00000a72                __vector_11
 .text.USB_Device_ProcessControlRequest
                0x00000ae8      0x286 LUFA/Drivers/USB/Core/DeviceStandardReq.o
                0x00000ae8                USB_Device_ProcessControlRequest
 .text.USB_Event_Stub
                0x00000d6e        0x2 LUFA/Drivers/USB/Core/Events.o
                0x00000d6e                USB_Event_Stub
                0x00000d6e                EVENT_USB_Device_Suspend
                0x00000d6e                EVENT_USB_Device_StartOfFrame
                0x00000d6e                EVENT_USB_Device_Reset
                0x00000d6e                EVENT_USB_Device_WakeUp
 .text.USB_USBTask
                0x00000d70       0x36 LUFA/Drivers/USB/Core/USBTask.o
                0x00000d70                USB_USBTask
 .text.CDC_Device_ConfigureEndpoints
                0x00000da6       0x4a LUFA/Drivers/USB/Class/Device/CDCClassDevice.o
                0x00000da6                CDC_Device_ConfigureEndpoints
 .text.CDC_Device_SendData
                0x00000df0       0x3a LUFA/Drivers/USB/Class/Device/CDCClassDevice.o
                0x00000df0                CDC_Device_SendData
 .text.CDC_Device_Flush
                0x00000e2a       0x5a LUFA/Drivers/USB/Class/Device/CDCClassDevice.o
                0x00000e2a                CDC_Device_Flush
 .text.CDC_Device_USBTask
                0x00000e84       0x2a LUFA/Drivers/USB/Class/Device/CDCClassDevice.o
                0x00000e84                CDC_Device_USBTask
 .text.CDC_Device_Event_Stub
                0x00000eae        0x2 LUFA/Drivers/USB/Class/Device/CDCClassDevice.o
                0x00000eae                EVENT_CDC_Device_ControLineStateChanged
                0x00000eae                EVENT_CDC_Device_BreakSent
                0x00000eae                CDC_Device_Event_Stub
                0x00000eae                EVENT_CDC_Device_LineEncodingChanged
 .text.CDC_Device_ProcessControlRequest
                0x00000eb0      0x15e LUFA/Drivers/USB/Class/Device/CDCClassDevice.o
                0x00000eb0                CDC_Device_ProcessControlRequest
 .text.libgcc   0x0000100e        0xc c:/program files (x86)/atmel/atmel toolchain/avr8 gcc/native/3.4.1056/avr8-gnu-toolchain/bin/../lib/gcc/avr/4.8.1/avr5\libgcc.a(_tablejump.o)
                0x0000100e                __tablejump2__
                0x00001012                __tablejump__
 .text.avr-libc
                0x0000101a       0x5a c:/program files (x86)/atmel/atmel toolchain/avr8 gcc/native/3.4.1056/avr8-gnu-toolchain/bin/../lib/gcc/avr/4.8.1/../../../../avr/lib/avr5\libc.a(snprintf.o)
                0x0000101a                snprintf
 .text.avr-libc
                0x00001074      0x386 c:/program files (x86)/atmel/atmel toolchain/avr8 gcc/native/3.4.1056/avr8-gnu-toolchain/bin/../lib/gcc/avr/4.8.1/../../../../avr/lib/avr5\libc.a(vfprintf_std.o)
                0x00001074                vfprintf
 .text.avr-libc
                0x000013fa       0x16 c:/program files (x86)/atmel/atmel toolchain/avr8 gcc/native/3.4.1056/avr8-gnu-toolchain/bin/../lib/gcc/avr/4.8.1/../../../../avr/lib/avr5\libc.a(strnlen_P.o)
                0x000013fa                strnlen_P
 .text.avr-libc
                0x00001410       0x16 c:/program files (x86)/atmel/atmel toolchain/avr8 gcc/native/3.4.1056/avr8-gnu-toolchain/bin/../lib/gcc/avr/4.8.1/../../../../avr/lib/avr5\libc.a(strnlen.o)
                0x00001410                strnlen
 .text.avr-libc
                0x00001426       0x64 c:/program files (x86)/atmel/atmel toolchain/avr8 gcc/native/3.4.1056/avr8-gnu-toolchain/bin/../lib/gcc/avr/4.8.1/../../../../avr/lib/avr5\libc.a(fputc.o)
                0x00001426                fputc
 .text.avr-libc
                0x0000148a       0xbc c:/program files (x86)/atmel/atmel toolchain/avr8 gcc/native/3.4.1056/avr8-gnu-toolchain/bin/../lib/gcc/avr/4.8.1/../../../../avr/lib/avr5\libc.a(ultoa_invert.o)
                0x0000148a                __ultoa_invert
 .text.libgcc.prologue
                0x00001546       0x38 c:/program files (x86)/atmel/atmel toolchain/avr8 gcc/native/3.4.1056/avr8-gnu-toolchain/bin/../lib/gcc/avr/4.8.1/avr5\libgcc.a(_prologue.o)
                0x00001546                __prologue_saves__
 .text.libgcc.prologue
                0x0000157e       0x36 c:/program files (x86)/atmel/atmel toolchain/avr8 gcc/native/3.4.1056/avr8-gnu-toolchain/bin/../lib/gcc/avr/4.8.1/avr5\libgcc.a(_epilogue.o)
                0x0000157e                __epilogue_restores__
                0x000015b4                . = ALIGN (0x2)
 *(.fini9)
 .fini9         0x000015b4        0x0 c:/program files (x86)/atmel/atmel toolchain/avr8 gcc/native/3.4.1056/avr8-gnu-toolchain/bin/../lib/gcc/avr/4.8.1/avr5\libgcc.a(_exit.o)
                0x000015b4                _exit
                0x000015b4                exit
 *(.fini9)
 *(.fini8)
 *(.fini8)
 *(.fini7)
 *(.fini7)
 *(.fini6)
 *(.fini6)
 *(.fini5)
 *(.fini5)
 *(.fini4)
 *(.fini4)
 *(.fini3)
 *(.fini3)
 *(.fini2)
 *(.fini2)
 *(.fini1)
 *(.fini1)
 *(.fini0)
 .fini0         0x000015b4        0x4 c:/program files (x86)/atmel/atmel toolchain/avr8 gcc/native/3.4.1056/avr8-gnu-toolchain/bin/../lib/gcc/avr/4.8.1/avr5\libgcc.a(_exit.o)
 *(.fini0)
                0x000015b8                _etext = .

.data           0x00800100       0x2c load address 0x000015b8
                0x00800100                PROVIDE (__data_start, .)
 *(.data)
 .data          0x00800100        0x0 c:/program files (x86)/atmel/atmel toolchain/avr8 gcc/native/3.4.1056/avr8-gnu-toolchain/bin/../lib/gcc/avr/4.8.1/../../../../avr/lib/avr5/crtm32u4.o
 .data          0x00800100       0x1b main.o
                0x00800100                VirtualSerial_CDC_Interface
 .data          0x0080011b        0x0 Descriptors.o
 .data          0x0080011b        0x0 LUFA/Drivers/USB/Class/Common/HIDParser.o
 .data          0x0080011b        0x0 LUFA/Drivers/USB/Core/AVR8/Device_AVR8.o
 .data          0x0080011b        0x0 LUFA/Drivers/USB/Core/AVR8/EndpointStream_AVR8.o
 .data          0x0080011b        0x0 LUFA/Drivers/USB/Core/AVR8/Endpoint_AVR8.o
 .data          0x0080011b        0x0 LUFA/Drivers/USB/Core/AVR8/Host_AVR8.o
 .data          0x0080011b        0x0 LUFA/Drivers/USB/Core/AVR8/PipeStream_AVR8.o
 .data          0x0080011b        0x0 LUFA/Drivers/USB/Core/AVR8/Pipe_AVR8.o
 .data          0x0080011b        0x0 LUFA/Drivers/USB/Core/AVR8/USBController_AVR8.o
 .data          0x0080011b        0x0 LUFA/Drivers/USB/Core/AVR8/USBInterrupt_AVR8.o
 .data          0x0080011b        0x0 LUFA/Drivers/USB/Core/ConfigDescriptors.o
 .data          0x0080011b        0x0 LUFA/Drivers/USB/Core/DeviceStandardReq.o
 .data          0x0080011b        0x0 LUFA/Drivers/USB/Core/Events.o
 .data          0x0080011b        0x0 LUFA/Drivers/USB/Core/HostStandardReq.o
 .data          0x0080011b        0x0 LUFA/Drivers/USB/Core/USBTask.o
 .data          0x0080011b        0x0 LUFA/Drivers/USB/Class/Device/AudioClassDevice.o
 .data          0x0080011b        0x0 LUFA/Drivers/USB/Class/Device/CDCClassDevice.o
 .data          0x0080011b        0x0 LUFA/Drivers/USB/Class/Device/HIDClassDevice.o
 .data          0x0080011b        0x0 LUFA/Drivers/USB/Class/Device/MassStorageClassDevice.o
 .data          0x0080011b        0x0 LUFA/Drivers/USB/Class/Device/MIDIClassDevice.o
 .data          0x0080011b        0x0 LUFA/Drivers/USB/Class/Device/PrinterClassDevice.o
 .data          0x0080011b        0x0 LUFA/Drivers/USB/Class/Device/RNDISClassDevice.o
 .data          0x0080011b        0x0 LUFA/Drivers/USB/Class/Host/AndroidAccessoryClassHost.o
 .data          0x0080011b        0x0 LUFA/Drivers/USB/Class/Host/AudioClassHost.o
 .data          0x0080011b        0x0 LUFA/Drivers/USB/Class/Host/CDCClassHost.o
 .data          0x0080011b        0x0 LUFA/Drivers/USB/Class/Host/HIDClassHost.o
 .data          0x0080011b        0x0 LUFA/Drivers/USB/Class/Host/MassStorageClassHost.o
 .data          0x0080011b        0x0 LUFA/Drivers/USB/Class/Host/MIDIClassHost.o
 .data          0x0080011b        0x0 LUFA/Drivers/USB/Class/Host/PrinterClassHost.o
 .data          0x0080011b        0x0 LUFA/Drivers/USB/Class/Host/RNDISClassHost.o
 .data          0x0080011b        0x0 LUFA/Drivers/USB/Class/Host/StillImageClassHost.o
 .data          0x0080011b        0x0 c:/program files (x86)/atmel/atmel toolchain/avr8 gcc/native/3.4.1056/avr8-gnu-toolchain/bin/../lib/gcc/avr/4.8.1/avr5\libgcc.a(_exit.o)
 .data          0x0080011b        0x0 c:/program files (x86)/atmel/atmel toolchain/avr8 gcc/native/3.4.1056/avr8-gnu-toolchain/bin/../lib/gcc/avr/4.8.1/avr5\libgcc.a(_tablejump.o)
 .data          0x0080011b        0x0 c:/program files (x86)/atmel/atmel toolchain/avr8 gcc/native/3.4.1056/avr8-gnu-toolchain/bin/../lib/gcc/avr/4.8.1/avr5\libgcc.a(_copy_data.o)
 .data          0x0080011b        0x0 c:/program files (x86)/atmel/atmel toolchain/avr8 gcc/native/3.4.1056/avr8-gnu-toolchain/bin/../lib/gcc/avr/4.8.1/avr5\libgcc.a(_clear_bss.o)
 .data          0x0080011b        0x0 c:/program files (x86)/atmel/atmel toolchain/avr8 gcc/native/3.4.1056/avr8-gnu-toolchain/bin/../lib/gcc/avr/4.8.1/../../../../avr/lib/avr5\libc.a(memcpy_P.o)
 .data          0x0080011b        0x0 c:/program files (x86)/atmel/atmel toolchain/avr8 gcc/native/3.4.1056/avr8-gnu-toolchain/bin/../lib/gcc/avr/4.8.1/../../../../avr/lib/avr5\libc.a(memcmp.o)
 .data          0x0080011b        0x0 c:/program files (x86)/atmel/atmel toolchain/avr8 gcc/native/3.4.1056/avr8-gnu-toolchain/bin/../lib/gcc/avr/4.8.1/../../../../avr/lib/avr5\libc.a(memcpy.o)
 .data          0x0080011b        0x0 c:/program files (x86)/atmel/atmel toolchain/avr8 gcc/native/3.4.1056/avr8-gnu-toolchain/bin/../lib/gcc/avr/4.8.1/../../../../avr/lib/avr5\libc.a(memset.o)
 .data          0x0080011b        0x0 c:/program files (x86)/atmel/atmel toolchain/avr8 gcc/native/3.4.1056/avr8-gnu-toolchain/bin/../lib/gcc/avr/4.8.1/../../../../avr/lib/avr5\libc.a(snprintf.o)
 .data          0x0080011b        0x0 c:/program files (x86)/atmel/atmel toolchain/avr8 gcc/native/3.4.1056/avr8-gnu-toolchain/bin/../lib/gcc/avr/4.8.1/../../../../avr/lib/avr5\libc.a(vfprintf_std.o)
 .data          0x0080011b        0x0 c:/program files (x86)/atmel/atmel toolchain/avr8 gcc/native/3.4.1056/avr8-gnu-toolchain/bin/../lib/gcc/avr/4.8.1/../../../../avr/lib/avr5\libc.a(eerd_byte_atmega32u4.o)
 .data          0x0080011b        0x0 c:/program files (x86)/atmel/atmel toolchain/avr8 gcc/native/3.4.1056/avr8-gnu-toolchain/bin/../lib/gcc/avr/4.8.1/../../../../avr/lib/avr5\libc.a(eeupd_byte_atmega32u4.o)
 .data          0x0080011b        0x0 c:/program files (x86)/atmel/atmel toolchain/avr8 gcc/native/3.4.1056/avr8-gnu-toolchain/bin/../lib/gcc/avr/4.8.1/../../../../avr/lib/avr5\libc.a(strnlen_P.o)
 .data          0x0080011b        0x0 c:/program files (x86)/atmel/atmel toolchain/avr8 gcc/native/3.4.1056/avr8-gnu-toolchain/bin/../lib/gcc/avr/4.8.1/../../../../avr/lib/avr5\libc.a(strnlen.o)
 .data          0x0080011b        0x0 c:/program files (x86)/atmel/atmel toolchain/avr8 gcc/native/3.4.1056/avr8-gnu-toolchain/bin/../lib/gcc/avr/4.8.1/../../../../avr/lib/avr5\libc.a(fputc.o)
 .data          0x0080011b        0x0 c:/program files (x86)/atmel/atmel toolchain/avr8 gcc/native/3.4.1056/avr8-gnu-toolchain/bin/../lib/gcc/avr/4.8.1/../../../../avr/lib/avr5\libc.a(ultoa_invert.o)
 .data          0x0080011b        0x0 c:/program files (x86)/atmel/atmel toolchain/avr8 gcc/native/3.4.1056/avr8-gnu-toolchain/bin/../lib/gcc/avr/4.8.1/avr5\libgcc.a(_prologue.o)
 .data          0x0080011b        0x0 c:/program files (x86)/atmel/atmel toolchain/avr8 gcc/native/3.4.1056/avr8-gnu-toolchain/bin/../lib/gcc/avr/4.8.1/avr5\libgcc.a(_epilogue.o)
 *(.data*)
 *(.rodata)
 *(.rodata*)
 .rodata.str1.1
                0x0080011b       0x11 main.o
 *(.gnu.linkonce.d*)
                0x0080012c                . = ALIGN (0x2)
                0x0080012c                _edata = .
                0x0080012c                PROVIDE (__data_end, .)

.bss            0x0080012c        0xe
                0x0080012c                PROVIDE (__bss_start, .)
 *(.bss)
 .bss           0x0080012c        0x2 main.o
                0x0080012c                seq_count
 *(.bss*)
 *(COMMON)
 COMMON         0x0080012e        0x3 LUFA/Drivers/USB/Core/DeviceStandardReq.o
                0x0080012e                USB_Device_ConfigurationNumber
                0x0080012f                USB_Device_CurrentlySelfPowered
                0x00800130                USB_Device_RemoteWakeupEnabled
 COMMON         0x00800131        0x9 LUFA/Drivers/USB/Core/USBTask.o
                0x00800131                USB_IsInitialized
                0x00800132                USB_ControlRequest
                0x0080013a                PROVIDE (__bss_end, .)
                0x000015b8                __data_load_start = LOADADDR (.data)
                0x000015e4                __data_load_end = (__data_load_start + SIZEOF (.data))

.noinit         0x0080013a        0x0
                0x0080013a                PROVIDE (__noinit_start, .)
 *(.noinit*)
                0x0080013a                PROVIDE (__noinit_end, .)
                0x0080013a                _end = .
                0x0080013a                PROVIDE (__heap_start, .)

.eeprom         0x00810000        0x0
 *(.eeprom*)
                0x00810000                __eeprom_end = .

.fuse
 *(.fuse)
 *(.lfuse)
 *(.hfuse)
 *(.efuse)

.lock
 *(.lock*)

.signature
 *(.signature*)

.user_signatures
 *(.user_signatures*)

.stab
 *(.stab)

.stabstr
 *(.stabstr)

.stab.excl
 *(.stab.excl)

.stab.exclstr
 *(.stab.exclstr)

.stab.index
 *(.stab.index)

.stab.indexstr
 *(.stab.indexstr)

.comment        0x00000000       0x5c
 *(.comment)
 .comment       0x00000000       0x30 main.o
                                 0x31 (size before relaxing)
 .comment       0x00000000       0x31 Descriptors.o
 .comment       0x00000000       0x31 LUFA/Drivers/USB/Class/Common/HIDParser.o
 .comment       0x00000000       0x31 LUFA/Drivers/USB/Core/AVR8/Device_AVR8.o
 .comment       0x00000000       0x31 LUFA/Drivers/USB/Core/AVR8/EndpointStream_AVR8.o
 .comment       0x00000000       0x31 LUFA/Drivers/USB/Core/AVR8/Endpoint_AVR8.o
 .comment       0x00000000       0x31 LUFA/Drivers/USB/Core/AVR8/Host_AVR8.o
 .comment       0x00000000       0x31 LUFA/Drivers/USB/Core/AVR8/PipeStream_AVR8.o
 .comment       0x00000000       0x31 LUFA/Drivers/USB/Core/AVR8/Pipe_AVR8.o
 .comment       0x00000000       0x31 LUFA/Drivers/USB/Core/AVR8/USBController_AVR8.o
 .comment       0x00000000       0x31 LUFA/Drivers/USB/Core/AVR8/USBInterrupt_AVR8.o
 .comment       0x00000000       0x31 LUFA/Drivers/USB/Core/ConfigDescriptors.o
 .comment       0x00000000       0x31 LUFA/Drivers/USB/Core/DeviceStandardReq.o
 .comment       0x00000000       0x31 LUFA/Drivers/USB/Core/Events.o
 .comment       0x00000000       0x31 LUFA/Drivers/USB/Core/HostStandardReq.o
 .comment       0x00000000       0x31 LUFA/Drivers/USB/Core/USBTask.o
 .comment       0x00000000       0x31 LUFA/Drivers/USB/Class/Device/AudioClassDevice.o
 .comment       0x00000000       0x31 LUFA/Drivers/USB/Class/Device/CDCClassDevice.o
 .comment       0x00000000       0x31 LUFA/Drivers/USB/Class/Device/HIDClassDevice.o
 .comment       0x00000000       0x31 LUFA/Drivers/USB/Class/Device/MassStorageClassDevice.o
 .comment       0x00000000       0x31 LUFA/Drivers/USB/Class/Device/MIDIClassDevice.o
 .comment       0x00000000       0x31 LUFA/Drivers/USB/Class/Device/PrinterClassDevice.o
 .comment       0x00000000       0x31 LUFA/Drivers/USB/Class/Device/RNDISClassDevice.o
 .comment       0x00000000       0x31 LUFA/Drivers/USB/Class/Host/AndroidAccessoryClassHost.o
 .comment       0x00000000       0x31 LUFA/Drivers/USB/Class/Host/AudioClassHost.o
 .comment       0x00000000       0x31 LUFA/Drivers/USB/Class/Host/CDCClassHost.o
 .comment       0x00000000       0x31 LUFA/Drivers/USB/Class/Host/HIDClassHost.o
 .comment       0x00000000       0x31 LUFA/Drivers/USB/Class/Host/MassStorageClassHost.o
 .comment       0x00000000       0x31 LUFA/Drivers/USB/Class/Host/MIDIClassHost.o
 .comment       0x00000000       0x31 LUFA/Drivers/USB/Class/Host/PrinterClassHost.o
 .comment       0x00000000       0x31 LUFA/Drivers/USB/Class/Host/RNDISClassHost.o
 .comment       0x00000000       0x31 LUFA/Drivers/USB/Class/Host/StillImageClassHost.o
 .comment       0x00000000       0x31 c:/program files (x86)/atmel/atmel toolchain/avr8 gcc/native/3.4.1056/avr8-gnu-toolchain/bin/../lib/gcc/avr/4.8.1/../../../../avr/lib/avr5\libc.a(snprintf.o)
 .comment       0x00000030       0x2c c:/program files (x86)/atmel/atmel toolchain/avr8 gcc/native/3.4.1056/avr8-gnu-toolchain/bin/../lib/gcc/avr/4.8.1/../../../../avr/lib/avr5\libc.a(vfprintf_std.o)
                                 0x2d (size before relaxing)
 .comment       0x00000000       0x31 c:/program files (x86)/atmel/atmel toolchain/avr8 gcc/native/3.4.1056/avr8-gnu-toolchain/bin/../lib/gcc/avr/4.8.1/../../../../avr/lib/avr5\libc.a(fputc.o)

.note.gnu.build-id
 *(.note.gnu.build-id)

.debug
 *(.debug)

.line
 *(.line)

.debug_srcinfo
 *(.debug_srcinfo)

.debug_sfnames
 *(.debug_sfnames)

.debug_aranges  0x00000000      0x660
 *(.debug_aranges)
 .debug_aranges
                0x00000000       0x60 main.o
 .debug_aranges
                0x00000060       0x20 Descriptors.o
 .debug_aranges
                0x00000080       0x38 LUFA/Drivers/USB/Class/Common/HIDParser.o
 .debug_aranges
                0x000000b8       0x20 LUFA/Drivers/USB/Core/AVR8/Device_AVR8.o
 .debug_aranges
                0x000000d8       0xc8 LUFA/Drivers/USB/Core/AVR8/EndpointStream_AVR8.o
 .debug_aranges
                0x000001a0       0x40 LUFA/Drivers/USB/Core/AVR8/Endpoint_AVR8.o
 .debug_aranges
                0x000001e0       0x18 LUFA/Drivers/USB/Core/AVR8/Host_AVR8.o
 .debug_aranges
                0x000001f8       0x18 LUFA/Drivers/USB/Core/AVR8/PipeStream_AVR8.o
 .debug_aranges
                0x00000210       0x18 LUFA/Drivers/USB/Core/AVR8/Pipe_AVR8.o
 .debug_aranges
                0x00000228       0x30 LUFA/Drivers/USB/Core/AVR8/USBController_AVR8.o
 .debug_aranges
                0x00000258       0x38 LUFA/Drivers/USB/Core/AVR8/USBInterrupt_AVR8.o
 .debug_aranges
                0x00000290       0x40 LUFA/Drivers/USB/Core/ConfigDescriptors.o
 .debug_aranges
                0x000002d0       0x20 LUFA/Drivers/USB/Core/DeviceStandardReq.o
 .debug_aranges
                0x000002f0       0x20 LUFA/Drivers/USB/Core/Events.o
 .debug_aranges
                0x00000310       0x18 LUFA/Drivers/USB/Core/HostStandardReq.o
 .debug_aranges
                0x00000328       0x20 LUFA/Drivers/USB/Core/USBTask.o
 .debug_aranges
                0x00000348       0x30 LUFA/Drivers/USB/Class/Device/AudioClassDevice.o
 .debug_aranges
                0x00000378       0x98 LUFA/Drivers/USB/Class/Device/CDCClassDevice.o
 .debug_aranges
                0x00000410       0x30 LUFA/Drivers/USB/Class/Device/HIDClassDevice.o
 .debug_aranges
                0x00000440       0x30 LUFA/Drivers/USB/Class/Device/MassStorageClassDevice.o
 .debug_aranges
                0x00000470       0x40 LUFA/Drivers/USB/Class/Device/MIDIClassDevice.o
 .debug_aranges
                0x000004b0       0x90 LUFA/Drivers/USB/Class/Device/PrinterClassDevice.o
 .debug_aranges
                0x00000540       0x48 LUFA/Drivers/USB/Class/Device/RNDISClassDevice.o
 .debug_aranges
                0x00000588       0x18 LUFA/Drivers/USB/Class/Host/AndroidAccessoryClassHost.o
 .debug_aranges
                0x000005a0       0x18 LUFA/Drivers/USB/Class/Host/AudioClassHost.o
 .debug_aranges
                0x000005b8       0x18 LUFA/Drivers/USB/Class/Host/CDCClassHost.o
 .debug_aranges
                0x000005d0       0x18 LUFA/Drivers/USB/Class/Host/HIDClassHost.o
 .debug_aranges
                0x000005e8       0x18 LUFA/Drivers/USB/Class/Host/MassStorageClassHost.o
 .debug_aranges
                0x00000600       0x18 LUFA/Drivers/USB/Class/Host/MIDIClassHost.o
 .debug_aranges
                0x00000618       0x18 LUFA/Drivers/USB/Class/Host/PrinterClassHost.o
 .debug_aranges
                0x00000630       0x18 LUFA/Drivers/USB/Class/Host/RNDISClassHost.o
 .debug_aranges
                0x00000648       0x18 LUFA/Drivers/USB/Class/Host/StillImageClassHost.o

.debug_pubnames
 *(.debug_pubnames)

.debug_info     0x00000000     0xa743
 *(.debug_info .gnu.linkonce.wi.*)
 .debug_info    0x00000000      0xa01 main.o
 .debug_info    0x00000a01      0x774 Descriptors.o
 .debug_info    0x00001175      0x73e LUFA/Drivers/USB/Class/Common/HIDParser.o
 .debug_info    0x000018b3       0xd2 LUFA/Drivers/USB/Core/AVR8/Device_AVR8.o
 .debug_info    0x00001985     0x1748 LUFA/Drivers/USB/Core/AVR8/EndpointStream_AVR8.o
 .debug_info    0x000030cd      0x602 LUFA/Drivers/USB/Core/AVR8/Endpoint_AVR8.o
 .debug_info    0x000036cf       0x56 LUFA/Drivers/USB/Core/AVR8/Host_AVR8.o
 .debug_info    0x00003725       0x56 LUFA/Drivers/USB/Core/AVR8/PipeStream_AVR8.o
 .debug_info    0x0000377b       0x56 LUFA/Drivers/USB/Core/AVR8/Pipe_AVR8.o
 .debug_info    0x000037d1      0x4b9 LUFA/Drivers/USB/Core/AVR8/USBController_AVR8.o
 .debug_info    0x00003c8a      0x7b2 LUFA/Drivers/USB/Core/AVR8/USBInterrupt_AVR8.o
 .debug_info    0x0000443c      0x3cd LUFA/Drivers/USB/Core/ConfigDescriptors.o
 .debug_info    0x00004809      0xa45 LUFA/Drivers/USB/Core/DeviceStandardReq.o
 .debug_info    0x0000524e       0x78 LUFA/Drivers/USB/Core/Events.o
 .debug_info    0x000052c6       0x56 LUFA/Drivers/USB/Core/HostStandardReq.o
 .debug_info    0x0000531c      0x254 LUFA/Drivers/USB/Core/USBTask.o
 .debug_info    0x00005570      0x8ea LUFA/Drivers/USB/Class/Device/AudioClassDevice.o
 .debug_info    0x00005e5a      0xe6c LUFA/Drivers/USB/Class/Device/CDCClassDevice.o
 .debug_info    0x00006cc6      0x9d8 LUFA/Drivers/USB/Class/Device/HIDClassDevice.o
 .debug_info    0x0000769e      0x949 LUFA/Drivers/USB/Class/Device/MassStorageClassDevice.o
 .debug_info    0x00007fe7      0x61d LUFA/Drivers/USB/Class/Device/MIDIClassDevice.o
 .debug_info    0x00008604      0xcd3 LUFA/Drivers/USB/Class/Device/PrinterClassDevice.o
 .debug_info    0x000092d7     0x1166 LUFA/Drivers/USB/Class/Device/RNDISClassDevice.o
 .debug_info    0x0000a43d       0x56 LUFA/Drivers/USB/Class/Host/AndroidAccessoryClassHost.o
 .debug_info    0x0000a493       0x56 LUFA/Drivers/USB/Class/Host/AudioClassHost.o
 .debug_info    0x0000a4e9       0x56 LUFA/Drivers/USB/Class/Host/CDCClassHost.o
 .debug_info    0x0000a53f       0x56 LUFA/Drivers/USB/Class/Host/HIDClassHost.o
 .debug_info    0x0000a595       0x56 LUFA/Drivers/USB/Class/Host/MassStorageClassHost.o
 .debug_info    0x0000a5eb       0x56 LUFA/Drivers/USB/Class/Host/MIDIClassHost.o
 .debug_info    0x0000a641       0x56 LUFA/Drivers/USB/Class/Host/PrinterClassHost.o
 .debug_info    0x0000a697       0x56 LUFA/Drivers/USB/Class/Host/RNDISClassHost.o
 .debug_info    0x0000a6ed       0x56 LUFA/Drivers/USB/Class/Host/StillImageClassHost.o

.debug_abbrev   0x00000000     0x2b87
 *(.debug_abbrev)
 .debug_abbrev  0x00000000      0x3de main.o
 .debug_abbrev  0x000003de      0x136 Descriptors.o
 .debug_abbrev  0x00000514      0x21e LUFA/Drivers/USB/Class/Common/HIDParser.o
 .debug_abbrev  0x00000732       0x80 LUFA/Drivers/USB/Core/AVR8/Device_AVR8.o
 .debug_abbrev  0x000007b2      0x20c LUFA/Drivers/USB/Core/AVR8/EndpointStream_AVR8.o
 .debug_abbrev  0x000009be      0x21b LUFA/Drivers/USB/Core/AVR8/Endpoint_AVR8.o
 .debug_abbrev  0x00000bd9       0x26 LUFA/Drivers/USB/Core/AVR8/Host_AVR8.o
 .debug_abbrev  0x00000bff       0x26 LUFA/Drivers/USB/Core/AVR8/PipeStream_AVR8.o
 .debug_abbrev  0x00000c25       0x26 LUFA/Drivers/USB/Core/AVR8/Pipe_AVR8.o
 .debug_abbrev  0x00000c4b      0x196 LUFA/Drivers/USB/Core/AVR8/USBController_AVR8.o
 .debug_abbrev  0x00000de1      0x22d LUFA/Drivers/USB/Core/AVR8/USBInterrupt_AVR8.o
 .debug_abbrev  0x0000100e      0x183 LUFA/Drivers/USB/Core/ConfigDescriptors.o
 .debug_abbrev  0x00001191      0x2d1 LUFA/Drivers/USB/Core/DeviceStandardReq.o
 .debug_abbrev  0x00001462       0x44 LUFA/Drivers/USB/Core/Events.o
 .debug_abbrev  0x000014a6       0x26 LUFA/Drivers/USB/Core/HostStandardReq.o
 .debug_abbrev  0x000014cc      0x168 LUFA/Drivers/USB/Core/USBTask.o
 .debug_abbrev  0x00001634      0x205 LUFA/Drivers/USB/Class/Device/AudioClassDevice.o
 .debug_abbrev  0x00001839      0x416 LUFA/Drivers/USB/Class/Device/CDCClassDevice.o
 .debug_abbrev  0x00001c4f      0x264 LUFA/Drivers/USB/Class/Device/HIDClassDevice.o
 .debug_abbrev  0x00001eb3      0x2a8 LUFA/Drivers/USB/Class/Device/MassStorageClassDevice.o
 .debug_abbrev  0x0000215b      0x22b LUFA/Drivers/USB/Class/Device/MIDIClassDevice.o
 .debug_abbrev  0x00002386      0x343 LUFA/Drivers/USB/Class/Device/PrinterClassDevice.o
 .debug_abbrev  0x000026c9      0x368 LUFA/Drivers/USB/Class/Device/RNDISClassDevice.o
 .debug_abbrev  0x00002a31       0x26 LUFA/Drivers/USB/Class/Host/AndroidAccessoryClassHost.o
 .debug_abbrev  0x00002a57       0x26 LUFA/Drivers/USB/Class/Host/AudioClassHost.o
 .debug_abbrev  0x00002a7d       0x26 LUFA/Drivers/USB/Class/Host/CDCClassHost.o
 .debug_abbrev  0x00002aa3       0x26 LUFA/Drivers/USB/Class/Host/HIDClassHost.o
 .debug_abbrev  0x00002ac9       0x26 LUFA/Drivers/USB/Class/Host/MassStorageClassHost.o
 .debug_abbrev  0x00002aef       0x26 LUFA/Drivers/USB/Class/Host/MIDIClassHost.o
 .debug_abbrev  0x00002b15       0x26 LUFA/Drivers/USB/Class/Host/PrinterClassHost.o
 .debug_abbrev  0x00002b3b       0x26 LUFA/Drivers/USB/Class/Host/RNDISClassHost.o
 .debug_abbrev  0x00002b61       0x26 LUFA/Drivers/USB/Class/Host/StillImageClassHost.o

.debug_line     0x00000000     0x6334
 *(.debug_line .debug_line.* .debug_line_end)
 .debug_line    0x00000000      0x70a main.o
 .debug_line    0x0000070a      0x215 Descriptors.o
 .debug_line    0x0000091f      0x5bc LUFA/Drivers/USB/Class/Common/HIDParser.o
 .debug_line    0x00000edb      0x148 LUFA/Drivers/USB/Core/AVR8/Device_AVR8.o
 .debug_line    0x00001023     0x14b4 LUFA/Drivers/USB/Core/AVR8/EndpointStream_AVR8.o
 .debug_line    0x000024d7      0x49b LUFA/Drivers/USB/Core/AVR8/Endpoint_AVR8.o
 .debug_line    0x00002972       0x1a LUFA/Drivers/USB/Core/AVR8/Host_AVR8.o
 .debug_line    0x0000298c       0x1a LUFA/Drivers/USB/Core/AVR8/PipeStream_AVR8.o
 .debug_line    0x000029a6       0x1a LUFA/Drivers/USB/Core/AVR8/Pipe_AVR8.o
 .debug_line    0x000029c0      0x2fd LUFA/Drivers/USB/Core/AVR8/USBController_AVR8.o
 .debug_line    0x00002cbd      0x50e LUFA/Drivers/USB/Core/AVR8/USBInterrupt_AVR8.o
 .debug_line    0x000031cb      0x21e LUFA/Drivers/USB/Core/ConfigDescriptors.o
 .debug_line    0x000033e9      0x490 LUFA/Drivers/USB/Core/DeviceStandardReq.o
 .debug_line    0x00003879       0x4c LUFA/Drivers/USB/Core/Events.o
 .debug_line    0x000038c5       0x1a LUFA/Drivers/USB/Core/HostStandardReq.o
 .debug_line    0x000038df      0x192 LUFA/Drivers/USB/Core/USBTask.o
 .debug_line    0x00003a71      0x40c LUFA/Drivers/USB/Class/Device/AudioClassDevice.o
 .debug_line    0x00003e7d      0x80a LUFA/Drivers/USB/Class/Device/CDCClassDevice.o
 .debug_line    0x00004687      0x554 LUFA/Drivers/USB/Class/Device/HIDClassDevice.o
 .debug_line    0x00004bdb      0x4ba LUFA/Drivers/USB/Class/Device/MassStorageClassDevice.o
 .debug_line    0x00005095      0x36a LUFA/Drivers/USB/Class/Device/MIDIClassDevice.o
 .debug_line    0x000053ff      0x6d4 LUFA/Drivers/USB/Class/Device/PrinterClassDevice.o
 .debug_line    0x00005ad3      0x777 LUFA/Drivers/USB/Class/Device/RNDISClassDevice.o
 .debug_line    0x0000624a       0x1a LUFA/Drivers/USB/Class/Host/AndroidAccessoryClassHost.o
 .debug_line    0x00006264       0x1a LUFA/Drivers/USB/Class/Host/AudioClassHost.o
 .debug_line    0x0000627e       0x1a LUFA/Drivers/USB/Class/Host/CDCClassHost.o
 .debug_line    0x00006298       0x1a LUFA/Drivers/USB/Class/Host/HIDClassHost.o
 .debug_line    0x000062b2       0x1a LUFA/Drivers/USB/Class/Host/MassStorageClassHost.o
 .debug_line    0x000062cc       0x1a LUFA/Drivers/USB/Class/Host/MIDIClassHost.o
 .debug_line    0x000062e6       0x1a LUFA/Drivers/USB/Class/Host/PrinterClassHost.o
 .debug_line    0x00006300       0x1a LUFA/Drivers/USB/Class/Host/RNDISClassHost.o
 .debug_line    0x0000631a       0x1a LUFA/Drivers/USB/Class/Host/StillImageClassHost.o

.debug_frame    0x00000000      0xfa4
 *(.debug_frame)
 .debug_frame   0x00000000      0x114 main.o
 .debug_frame   0x00000114       0x24 Descriptors.o
 .debug_frame   0x00000138      0x114 LUFA/Drivers/USB/Class/Common/HIDParser.o
 .debug_frame   0x0000024c       0x24 LUFA/Drivers/USB/Core/AVR8/Device_AVR8.o
 .debug_frame   0x00000270      0x3ac LUFA/Drivers/USB/Core/AVR8/EndpointStream_AVR8.o
 .debug_frame   0x0000061c       0x78 LUFA/Drivers/USB/Core/AVR8/Endpoint_AVR8.o
 .debug_frame   0x00000694       0x58 LUFA/Drivers/USB/Core/AVR8/USBController_AVR8.o
 .debug_frame   0x000006ec       0xe8 LUFA/Drivers/USB/Core/AVR8/USBInterrupt_AVR8.o
 .debug_frame   0x000007d4      0x108 LUFA/Drivers/USB/Core/ConfigDescriptors.o
 .debug_frame   0x000008dc       0x3c LUFA/Drivers/USB/Core/DeviceStandardReq.o
 .debug_frame   0x00000918       0x24 LUFA/Drivers/USB/Core/Events.o
 .debug_frame   0x0000093c       0x2c LUFA/Drivers/USB/Core/USBTask.o
 .debug_frame   0x00000968       0xa8 LUFA/Drivers/USB/Class/Device/AudioClassDevice.o
 .debug_frame   0x00000a10      0x168 LUFA/Drivers/USB/Class/Device/CDCClassDevice.o
 .debug_frame   0x00000b78       0xe4 LUFA/Drivers/USB/Class/Device/HIDClassDevice.o
 .debug_frame   0x00000c5c       0x80 LUFA/Drivers/USB/Class/Device/MassStorageClassDevice.o
 .debug_frame   0x00000cdc       0x70 LUFA/Drivers/USB/Class/Device/MIDIClassDevice.o
 .debug_frame   0x00000d4c      0x144 LUFA/Drivers/USB/Class/Device/PrinterClassDevice.o
 .debug_frame   0x00000e90      0x114 LUFA/Drivers/USB/Class/Device/RNDISClassDevice.o

.debug_str      0x00000000     0x3d92
 *(.debug_str)
 .debug_str     0x00000000      0x51a main.o
                                0x592 (size before relaxing)
 .debug_str     0x0000051a      0x94b Descriptors.o
                                0xb37 (size before relaxing)
 .debug_str     0x00000e65      0x48f LUFA/Drivers/USB/Class/Common/HIDParser.o
                                0x6a7 (size before relaxing)
 .debug_str     0x000012f4       0x71 LUFA/Drivers/USB/Core/AVR8/Device_AVR8.o
                                0x1e3 (size before relaxing)
 .debug_str     0x00001365      0x678 LUFA/Drivers/USB/Core/AVR8/EndpointStream_AVR8.o
                                0x836 (size before relaxing)
 .debug_str     0x000019dd      0x2d0 LUFA/Drivers/USB/Core/AVR8/Endpoint_AVR8.o
                                0x5f5 (size before relaxing)
 .debug_str     0x00001cad       0x27 LUFA/Drivers/USB/Core/AVR8/Host_AVR8.o
                                0x182 (size before relaxing)
 .debug_str     0x00001cd4       0x2d LUFA/Drivers/USB/Core/AVR8/PipeStream_AVR8.o
                                0x188 (size before relaxing)
 .debug_str     0x00001d01       0x27 LUFA/Drivers/USB/Core/AVR8/Pipe_AVR8.o
                                0x182 (size before relaxing)
 .debug_str     0x00001d28      0x276 LUFA/Drivers/USB/Core/AVR8/USBController_AVR8.o
                                0x534 (size before relaxing)
 .debug_str     0x00001f9e      0x16f LUFA/Drivers/USB/Core/AVR8/USBInterrupt_AVR8.o
                                0x5b3 (size before relaxing)
 .debug_str     0x0000210d      0x221 LUFA/Drivers/USB/Core/ConfigDescriptors.o
                                0x3cb (size before relaxing)
 .debug_str     0x0000232e      0x3fb LUFA/Drivers/USB/Core/DeviceStandardReq.o
                                0x9a7 (size before relaxing)
 .debug_str     0x00002729       0x2e LUFA/Drivers/USB/Core/Events.o
                                0x189 (size before relaxing)
 .debug_str     0x00002757       0x28 LUFA/Drivers/USB/Core/HostStandardReq.o
                                0x183 (size before relaxing)
 .debug_str     0x0000277f       0x3c LUFA/Drivers/USB/Core/USBTask.o
                                0x35a (size before relaxing)
 .debug_str     0x000027bb      0x27d LUFA/Drivers/USB/Class/Device/AudioClassDevice.o
                                0x68f (size before relaxing)
 .debug_str     0x00002a38      0x2ac LUFA/Drivers/USB/Class/Device/CDCClassDevice.o
                                0x9e4 (size before relaxing)
 .debug_str     0x00002ce4      0x245 LUFA/Drivers/USB/Class/Device/HIDClassDevice.o
                                0x6e1 (size before relaxing)
 .debug_str     0x00002f29      0x25e LUFA/Drivers/USB/Class/Device/MassStorageClassDevice.o
                                0x7db (size before relaxing)
 .debug_str     0x00003187      0x112 LUFA/Drivers/USB/Class/Device/MIDIClassDevice.o
                                0x650 (size before relaxing)
 .debug_str     0x00003299      0x266 LUFA/Drivers/USB/Class/Device/PrinterClassDevice.o
                                0x919 (size before relaxing)
 .debug_str     0x000034ff      0x6eb LUFA/Drivers/USB/Class/Device/RNDISClassDevice.o
                                0xd42 (size before relaxing)
 .debug_str     0x00003bea       0x38 LUFA/Drivers/USB/Class/Host/AndroidAccessoryClassHost.o
                                0x193 (size before relaxing)
 .debug_str     0x00003c22       0x2d LUFA/Drivers/USB/Class/Host/AudioClassHost.o
                                0x188 (size before relaxing)
 .debug_str     0x00003c4f       0x2b LUFA/Drivers/USB/Class/Host/CDCClassHost.o
                                0x186 (size before relaxing)
 .debug_str     0x00003c7a       0x2b LUFA/Drivers/USB/Class/Host/HIDClassHost.o
                                0x186 (size before relaxing)
 .debug_str     0x00003ca5       0x33 LUFA/Drivers/USB/Class/Host/MassStorageClassHost.o
                                0x18e (size before relaxing)
 .debug_str     0x00003cd8       0x2c LUFA/Drivers/USB/Class/Host/MIDIClassHost.o
                                0x187 (size before relaxing)
 .debug_str     0x00003d04       0x2f LUFA/Drivers/USB/Class/Host/PrinterClassHost.o
                                0x18a (size before relaxing)
 .debug_str     0x00003d33       0x2d LUFA/Drivers/USB/Class/Host/RNDISClassHost.o
                                0x188 (size before relaxing)
 .debug_str     0x00003d60       0x32 LUFA/Drivers/USB/Class/Host/StillImageClassHost.o
                                0x18d (size before relaxing)

.debug_loc      0x00000000     0x6716
 *(.debug_loc)
 .debug_loc     0x00000000      0x2d7 main.o
 .debug_loc     0x000002d7      0x186 Descriptors.o
 .debug_loc     0x0000045d      0xab2 LUFA/Drivers/USB/Class/Common/HIDParser.o
 .debug_loc     0x00000f0f     0x1dc8 LUFA/Drivers/USB/Core/AVR8/EndpointStream_AVR8.o
 .debug_loc     0x00002cd7      0x3f2 LUFA/Drivers/USB/Core/AVR8/Endpoint_AVR8.o
 .debug_loc     0x000030c9       0x49 LUFA/Drivers/USB/Core/AVR8/USBController_AVR8.o
 .debug_loc     0x00003112      0x333 LUFA/Drivers/USB/Core/AVR8/USBInterrupt_AVR8.o
 .debug_loc     0x00003445      0x5bd LUFA/Drivers/USB/Core/ConfigDescriptors.o
 .debug_loc     0x00003a02      0x2a8 LUFA/Drivers/USB/Core/DeviceStandardReq.o
 .debug_loc     0x00003caa       0x49 LUFA/Drivers/USB/Core/USBTask.o
 .debug_loc     0x00003cf3      0x37c LUFA/Drivers/USB/Class/Device/AudioClassDevice.o
 .debug_loc     0x0000406f      0x85b LUFA/Drivers/USB/Class/Device/CDCClassDevice.o
 .debug_loc     0x000048ca      0x42b LUFA/Drivers/USB/Class/Device/HIDClassDevice.o
 .debug_loc     0x00004cf5      0x29f LUFA/Drivers/USB/Class/Device/MassStorageClassDevice.o
 .debug_loc     0x00004f94      0x2b8 LUFA/Drivers/USB/Class/Device/MIDIClassDevice.o
 .debug_loc     0x0000524c      0x84c LUFA/Drivers/USB/Class/Device/PrinterClassDevice.o
 .debug_loc     0x00005a98      0xc7e LUFA/Drivers/USB/Class/Device/RNDISClassDevice.o

.debug_macinfo
 *(.debug_macinfo)

.debug_weaknames
 *(.debug_weaknames)

.debug_funcnames
 *(.debug_funcnames)

.debug_typenames
 *(.debug_typenames)

.debug_varnames
 *(.debug_varnames)

.debug_pubtypes
 *(.debug_pubtypes)

.debug_ranges   0x00000000      0x778
 *(.debug_ranges)
 .debug_ranges  0x00000000       0xb0 main.o
 .debug_ranges  0x000000b0       0x10 Descriptors.o
 .debug_ranges  0x000000c0       0xd0 LUFA/Drivers/USB/Class/Common/HIDParser.o
 .debug_ranges  0x00000190       0x10 LUFA/Drivers/USB/Core/AVR8/Device_AVR8.o
 .debug_ranges  0x000001a0      0x250 LUFA/Drivers/USB/Core/AVR8/EndpointStream_AVR8.o
 .debug_ranges  0x000003f0       0x90 LUFA/Drivers/USB/Core/AVR8/Endpoint_AVR8.o
 .debug_ranges  0x00000480       0x20 LUFA/Drivers/USB/Core/AVR8/USBController_AVR8.o
 .debug_ranges  0x000004a0       0x28 LUFA/Drivers/USB/Core/AVR8/USBInterrupt_AVR8.o
 .debug_ranges  0x000004c8       0x30 LUFA/Drivers/USB/Core/ConfigDescriptors.o
 .debug_ranges  0x000004f8       0x40 LUFA/Drivers/USB/Core/DeviceStandardReq.o
 .debug_ranges  0x00000538       0x10 LUFA/Drivers/USB/Core/Events.o
 .debug_ranges  0x00000548       0x10 LUFA/Drivers/USB/Core/USBTask.o
 .debug_ranges  0x00000558       0x20 LUFA/Drivers/USB/Class/Device/AudioClassDevice.o
 .debug_ranges  0x00000578       0x88 LUFA/Drivers/USB/Class/Device/CDCClassDevice.o
 .debug_ranges  0x00000600       0x20 LUFA/Drivers/USB/Class/Device/HIDClassDevice.o
 .debug_ranges  0x00000620       0x20 LUFA/Drivers/USB/Class/Device/MassStorageClassDevice.o
 .debug_ranges  0x00000640       0x30 LUFA/Drivers/USB/Class/Device/MIDIClassDevice.o
 .debug_ranges  0x00000670       0x80 LUFA/Drivers/USB/Class/Device/PrinterClassDevice.o
 .debug_ranges  0x000006f0       0x88 LUFA/Drivers/USB/Class/Device/RNDISClassDevice.o

.debug_macro
 *(.debug_macro)
OUTPUT(sonic2.elf elf32-avr)
LOAD linker stubs

Cross Reference Table

Symbol                                            File
Audio_Device_ConfigureEndpoints                   LUFA/Drivers/USB/Class/Device/AudioClassDevice.o
Audio_Device_Event_Stub                           LUFA/Drivers/USB/Class/Device/AudioClassDevice.o
Audio_Device_ProcessControlRequest                LUFA/Drivers/USB/Class/Device/AudioClassDevice.o
CALLBACK_Audio_Device_GetSetEndpointProperty      LUFA/Drivers/USB/Class/Device/AudioClassDevice.o
CALLBACK_Audio_Device_GetSetInterfaceProperty     LUFA/Drivers/USB/Class/Device/AudioClassDevice.o
CALLBACK_HIDParser_FilterHIDReportItem            LUFA/Drivers/USB/Class/Common/HIDParser.o
CALLBACK_HID_Device_CreateHIDReport               LUFA/Drivers/USB/Class/Device/HIDClassDevice.o
CALLBACK_HID_Device_ProcessHIDReport              LUFA/Drivers/USB/Class/Device/HIDClassDevice.o
CALLBACK_MS_Device_SCSICommandReceived            LUFA/Drivers/USB/Class/Device/MassStorageClassDevice.o
CALLBACK_USB_GetDescriptor                        Descriptors.o
                                                  LUFA/Drivers/USB/Core/DeviceStandardReq.o
CDC_Device_BytesReceived                          LUFA/Drivers/USB/Class/Device/CDCClassDevice.o
CDC_Device_ConfigureEndpoints                     LUFA/Drivers/USB/Class/Device/CDCClassDevice.o
                                                  main.o
CDC_Device_CreateBlockingStream                   LUFA/Drivers/USB/Class/Device/CDCClassDevice.o
CDC_Device_CreateStream                           LUFA/Drivers/USB/Class/Device/CDCClassDevice.o
CDC_Device_Event_Stub                             LUFA/Drivers/USB/Class/Device/CDCClassDevice.o
CDC_Device_Flush                                  LUFA/Drivers/USB/Class/Device/CDCClassDevice.o
CDC_Device_ProcessControlRequest                  LUFA/Drivers/USB/Class/Device/CDCClassDevice.o
                                                  main.o
CDC_Device_ReceiveByte                            LUFA/Drivers/USB/Class/Device/CDCClassDevice.o
CDC_Device_SendByte                               LUFA/Drivers/USB/Class/Device/CDCClassDevice.o
CDC_Device_SendControlLineStateChange             LUFA/Drivers/USB/Class/Device/CDCClassDevice.o
CDC_Device_SendData                               LUFA/Drivers/USB/Class/Device/CDCClassDevice.o
                                                  main.o
CDC_Device_SendString                             LUFA/Drivers/USB/Class/Device/CDCClassDevice.o
CDC_Device_USBTask                                LUFA/Drivers/USB/Class/Device/CDCClassDevice.o
                                                  main.o
ConfigurationDescriptor                           Descriptors.o
DeviceDescriptor                                  Descriptors.o
EVENT_Audio_Device_StreamStartStop                LUFA/Drivers/USB/Class/Device/AudioClassDevice.o
EVENT_CDC_Device_BreakSent                        LUFA/Drivers/USB/Class/Device/CDCClassDevice.o
EVENT_CDC_Device_ControLineStateChanged           LUFA/Drivers/USB/Class/Device/CDCClassDevice.o
EVENT_CDC_Device_LineEncodingChanged              LUFA/Drivers/USB/Class/Device/CDCClassDevice.o
EVENT_PRNT_Device_SoftReset                       LUFA/Drivers/USB/Class/Device/PrinterClassDevice.o
EVENT_USB_Device_ConfigurationChanged             main.o
                                                  LUFA/Drivers/USB/Core/DeviceStandardReq.o
EVENT_USB_Device_Connect                          main.o
                                                  LUFA/Drivers/USB/Core/AVR8/USBInterrupt_AVR8.o
EVENT_USB_Device_ControlRequest                   main.o
                                                  LUFA/Drivers/USB/Core/DeviceStandardReq.o
EVENT_USB_Device_Disconnect                       main.o
                                                  LUFA/Drivers/USB/Core/AVR8/USBInterrupt_AVR8.o
EVENT_USB_Device_Reset                            LUFA/Drivers/USB/Core/Events.o
                                                  LUFA/Drivers/USB/Core/AVR8/USBInterrupt_AVR8.o
EVENT_USB_Device_StartOfFrame                     LUFA/Drivers/USB/Core/Events.o
                                                  LUFA/Drivers/USB/Core/AVR8/USBInterrupt_AVR8.o
EVENT_USB_Device_Suspend                          LUFA/Drivers/USB/Core/Events.o
                                                  LUFA/Drivers/USB/Core/AVR8/USBInterrupt_AVR8.o
EVENT_USB_Device_WakeUp                           LUFA/Drivers/USB/Core/Events.o
                                                  LUFA/Drivers/USB/Core/AVR8/USBInterrupt_AVR8.o
Endpoint_ClearEndpoints                           LUFA/Drivers/USB/Core/AVR8/Endpoint_AVR8.o
Endpoint_ClearStatusStage                         LUFA/Drivers/USB/Core/AVR8/Endpoint_AVR8.o
                                                  LUFA/Drivers/USB/Class/Device/PrinterClassDevice.o
                                                  LUFA/Drivers/USB/Class/Device/MassStorageClassDevice.o
                                                  LUFA/Drivers/USB/Class/Device/HIDClassDevice.o
                                                  LUFA/Drivers/USB/Class/Device/CDCClassDevice.o
                                                  LUFA/Drivers/USB/Class/Device/AudioClassDevice.o
                                                  LUFA/Drivers/USB/Core/DeviceStandardReq.o
Endpoint_ConfigureEndpointTable                   LUFA/Drivers/USB/Core/AVR8/Endpoint_AVR8.o
                                                  LUFA/Drivers/USB/Class/Device/RNDISClassDevice.o
                                                  LUFA/Drivers/USB/Class/Device/PrinterClassDevice.o
                                                  LUFA/Drivers/USB/Class/Device/MIDIClassDevice.o
                                                  LUFA/Drivers/USB/Class/Device/MassStorageClassDevice.o
                                                  LUFA/Drivers/USB/Class/Device/HIDClassDevice.o
                                                  LUFA/Drivers/USB/Class/Device/CDCClassDevice.o
                                                  LUFA/Drivers/USB/Class/Device/AudioClassDevice.o
Endpoint_ConfigureEndpoint_Prv                    LUFA/Drivers/USB/Core/AVR8/Endpoint_AVR8.o
                                                  LUFA/Drivers/USB/Core/AVR8/USBInterrupt_AVR8.o
                                                  LUFA/Drivers/USB/Core/AVR8/USBController_AVR8.o
Endpoint_Discard_Stream                           LUFA/Drivers/USB/Core/AVR8/EndpointStream_AVR8.o
Endpoint_Null_Stream                              LUFA/Drivers/USB/Core/AVR8/EndpointStream_AVR8.o
Endpoint_Read_Control_EStream_BE                  LUFA/Drivers/USB/Core/AVR8/EndpointStream_AVR8.o
Endpoint_Read_Control_EStream_LE                  LUFA/Drivers/USB/Core/AVR8/EndpointStream_AVR8.o
Endpoint_Read_Control_Stream_BE                   LUFA/Drivers/USB/Core/AVR8/EndpointStream_AVR8.o
Endpoint_Read_Control_Stream_LE                   LUFA/Drivers/USB/Core/AVR8/EndpointStream_AVR8.o
                                                  LUFA/Drivers/USB/Class/Device/RNDISClassDevice.o
                                                  LUFA/Drivers/USB/Class/Device/HIDClassDevice.o
                                                  LUFA/Drivers/USB/Class/Device/AudioClassDevice.o
Endpoint_Read_EStream_BE                          LUFA/Drivers/USB/Core/AVR8/EndpointStream_AVR8.o
Endpoint_Read_EStream_LE                          LUFA/Drivers/USB/Core/AVR8/EndpointStream_AVR8.o
Endpoint_Read_Stream_BE                           LUFA/Drivers/USB/Core/AVR8/EndpointStream_AVR8.o
Endpoint_Read_Stream_LE                           LUFA/Drivers/USB/Core/AVR8/EndpointStream_AVR8.o
                                                  LUFA/Drivers/USB/Class/Device/RNDISClassDevice.o
                                                  LUFA/Drivers/USB/Class/Device/MIDIClassDevice.o
                                                  LUFA/Drivers/USB/Class/Device/MassStorageClassDevice.o
Endpoint_WaitUntilReady                           LUFA/Drivers/USB/Core/AVR8/Endpoint_AVR8.o
                                                  LUFA/Drivers/USB/Class/Device/RNDISClassDevice.o
                                                  LUFA/Drivers/USB/Class/Device/PrinterClassDevice.o
                                                  LUFA/Drivers/USB/Class/Device/MIDIClassDevice.o
                                                  LUFA/Drivers/USB/Class/Device/CDCClassDevice.o
                                                  LUFA/Drivers/USB/Core/AVR8/EndpointStream_AVR8.o
Endpoint_Write_Control_EStream_BE                 LUFA/Drivers/USB/Core/AVR8/EndpointStream_AVR8.o
Endpoint_Write_Control_EStream_LE                 LUFA/Drivers/USB/Core/AVR8/EndpointStream_AVR8.o
Endpoint_Write_Control_PStream_BE                 LUFA/Drivers/USB/Core/AVR8/EndpointStream_AVR8.o
Endpoint_Write_Control_PStream_LE                 LUFA/Drivers/USB/Core/AVR8/EndpointStream_AVR8.o
                                                  LUFA/Drivers/USB/Core/DeviceStandardReq.o
Endpoint_Write_Control_Stream_BE                  LUFA/Drivers/USB/Core/AVR8/EndpointStream_AVR8.o
Endpoint_Write_Control_Stream_LE                  LUFA/Drivers/USB/Core/AVR8/EndpointStream_AVR8.o
                                                  LUFA/Drivers/USB/Class/Device/RNDISClassDevice.o
                                                  LUFA/Drivers/USB/Class/Device/PrinterClassDevice.o
                                                  LUFA/Drivers/USB/Class/Device/HIDClassDevice.o
                                                  LUFA/Drivers/USB/Class/Device/AudioClassDevice.o
                                                  LUFA/Drivers/USB/Core/DeviceStandardReq.o
Endpoint_Write_EStream_BE                         LUFA/Drivers/USB/Core/AVR8/EndpointStream_AVR8.o
Endpoint_Write_EStream_LE                         LUFA/Drivers/USB/Core/AVR8/EndpointStream_AVR8.o
Endpoint_Write_PStream_BE                         LUFA/Drivers/USB/Core/AVR8/EndpointStream_AVR8.o
Endpoint_Write_PStream_LE                         LUFA/Drivers/USB/Core/AVR8/EndpointStream_AVR8.o
Endpoint_Write_Stream_BE                          LUFA/Drivers/USB/Core/AVR8/EndpointStream_AVR8.o
Endpoint_Write_Stream_LE                          LUFA/Drivers/USB/Core/AVR8/EndpointStream_AVR8.o
                                                  LUFA/Drivers/USB/Class/Device/RNDISClassDevice.o
                                                  LUFA/Drivers/USB/Class/Device/PrinterClassDevice.o
                                                  LUFA/Drivers/USB/Class/Device/MIDIClassDevice.o
                                                  LUFA/Drivers/USB/Class/Device/MassStorageClassDevice.o
                                                  LUFA/Drivers/USB/Class/Device/HIDClassDevice.o
                                                  LUFA/Drivers/USB/Class/Device/CDCClassDevice.o
HID_Device_ConfigureEndpoints                     LUFA/Drivers/USB/Class/Device/HIDClassDevice.o
HID_Device_ProcessControlRequest                  LUFA/Drivers/USB/Class/Device/HIDClassDevice.o
HID_Device_USBTask                                LUFA/Drivers/USB/Class/Device/HIDClassDevice.o
LanguageString                                    Descriptors.o
MIDI_Device_ConfigureEndpoints                    LUFA/Drivers/USB/Class/Device/MIDIClassDevice.o
MIDI_Device_Flush                                 LUFA/Drivers/USB/Class/Device/MIDIClassDevice.o
MIDI_Device_ReceiveEventPacket                    LUFA/Drivers/USB/Class/Device/MIDIClassDevice.o
MIDI_Device_SendEventPacket                       LUFA/Drivers/USB/Class/Device/MIDIClassDevice.o
MIDI_Device_USBTask                               LUFA/Drivers/USB/Class/Device/MIDIClassDevice.o
MS_Device_ConfigureEndpoints                      LUFA/Drivers/USB/Class/Device/MassStorageClassDevice.o
MS_Device_ProcessControlRequest                   LUFA/Drivers/USB/Class/Device/MassStorageClassDevice.o
MS_Device_USBTask                                 LUFA/Drivers/USB/Class/Device/MassStorageClassDevice.o
ManufacturerString                                Descriptors.o
PRNT_Device_BytesReceived                         LUFA/Drivers/USB/Class/Device/PrinterClassDevice.o
PRNT_Device_ConfigureEndpoints                    LUFA/Drivers/USB/Class/Device/PrinterClassDevice.o
PRNT_Device_CreateBlockingStream                  LUFA/Drivers/USB/Class/Device/PrinterClassDevice.o
PRNT_Device_CreateStream                          LUFA/Drivers/USB/Class/Device/PrinterClassDevice.o
PRNT_Device_Event_Stub                            LUFA/Drivers/USB/Class/Device/PrinterClassDevice.o
PRNT_Device_Flush                                 LUFA/Drivers/USB/Class/Device/PrinterClassDevice.o
PRNT_Device_ProcessControlRequest                 LUFA/Drivers/USB/Class/Device/PrinterClassDevice.o
PRNT_Device_ReceiveByte                           LUFA/Drivers/USB/Class/Device/PrinterClassDevice.o
PRNT_Device_SendByte                              LUFA/Drivers/USB/Class/Device/PrinterClassDevice.o
PRNT_Device_SendData                              LUFA/Drivers/USB/Class/Device/PrinterClassDevice.o
PRNT_Device_SendString                            LUFA/Drivers/USB/Class/Device/PrinterClassDevice.o
PRNT_Device_USBTask                               LUFA/Drivers/USB/Class/Device/PrinterClassDevice.o
ProductString                                     Descriptors.o
RNDIS_Device_ConfigureEndpoints                   LUFA/Drivers/USB/Class/Device/RNDISClassDevice.o
RNDIS_Device_IsPacketReceived                     LUFA/Drivers/USB/Class/Device/RNDISClassDevice.o
RNDIS_Device_ProcessControlRequest                LUFA/Drivers/USB/Class/Device/RNDISClassDevice.o
RNDIS_Device_ReadPacket                           LUFA/Drivers/USB/Class/Device/RNDISClassDevice.o
RNDIS_Device_SendPacket                           LUFA/Drivers/USB/Class/Device/RNDISClassDevice.o
RNDIS_Device_USBTask                              LUFA/Drivers/USB/Class/Device/RNDISClassDevice.o
SetupHardware                                     main.o
USB_ControlRequest                                LUFA/Drivers/USB/Core/USBTask.o
                                                  LUFA/Drivers/USB/Class/Device/RNDISClassDevice.o
                                                  LUFA/Drivers/USB/Class/Device/PrinterClassDevice.o
                                                  LUFA/Drivers/USB/Class/Device/MassStorageClassDevice.o
                                                  LUFA/Drivers/USB/Class/Device/HIDClassDevice.o
                                                  LUFA/Drivers/USB/Class/Device/CDCClassDevice.o
                                                  LUFA/Drivers/USB/Class/Device/AudioClassDevice.o
                                                  LUFA/Drivers/USB/Core/DeviceStandardReq.o
                                                  LUFA/Drivers/USB/Core/AVR8/Endpoint_AVR8.o
                                                  LUFA/Drivers/USB/Core/AVR8/EndpointStream_AVR8.o
USB_Device_ConfigurationNumber                    LUFA/Drivers/USB/Core/DeviceStandardReq.o
                                                  LUFA/Drivers/USB/Core/AVR8/USBInterrupt_AVR8.o
                                                  LUFA/Drivers/USB/Core/AVR8/USBController_AVR8.o
USB_Device_CurrentlySelfPowered                   LUFA/Drivers/USB/Core/DeviceStandardReq.o
                                                  LUFA/Drivers/USB/Core/AVR8/USBController_AVR8.o
USB_Device_ProcessControlRequest                  LUFA/Drivers/USB/Core/DeviceStandardReq.o
                                                  LUFA/Drivers/USB/Core/USBTask.o
                                                  LUFA/Drivers/USB/Core/AVR8/USBInterrupt_AVR8.o
USB_Device_RemoteWakeupEnabled                    LUFA/Drivers/USB/Core/DeviceStandardReq.o
                                                  LUFA/Drivers/USB/Core/AVR8/USBController_AVR8.o
USB_Device_SendRemoteWakeup                       LUFA/Drivers/USB/Core/AVR8/Device_AVR8.o
USB_Disable                                       LUFA/Drivers/USB/Core/AVR8/USBController_AVR8.o
USB_Event_Stub                                    LUFA/Drivers/USB/Core/Events.o
USB_GetHIDReportItemInfo                          LUFA/Drivers/USB/Class/Common/HIDParser.o
USB_GetHIDReportSize                              LUFA/Drivers/USB/Class/Common/HIDParser.o
USB_GetNextDescriptorComp                         LUFA/Drivers/USB/Core/ConfigDescriptors.o
USB_GetNextDescriptorOfType                       LUFA/Drivers/USB/Core/ConfigDescriptors.o
USB_GetNextDescriptorOfTypeAfter                  LUFA/Drivers/USB/Core/ConfigDescriptors.o
USB_GetNextDescriptorOfTypeBefore                 LUFA/Drivers/USB/Core/ConfigDescriptors.o
USB_INT_ClearAllInterrupts                        LUFA/Drivers/USB/Core/AVR8/USBInterrupt_AVR8.o
                                                  LUFA/Drivers/USB/Core/AVR8/USBController_AVR8.o
USB_INT_DisableAllInterrupts                      LUFA/Drivers/USB/Core/AVR8/USBInterrupt_AVR8.o
                                                  LUFA/Drivers/USB/Core/AVR8/USBController_AVR8.o
USB_Init                                          LUFA/Drivers/USB/Core/AVR8/USBController_AVR8.o
                                                  main.o
USB_IsInitialized                                 LUFA/Drivers/USB/Core/USBTask.o
                                                  LUFA/Drivers/USB/Core/AVR8/USBController_AVR8.o
USB_ProcessHIDReport                              LUFA/Drivers/USB/Class/Common/HIDParser.o
USB_ResetInterface                                LUFA/Drivers/USB/Core/AVR8/USBController_AVR8.o
USB_SetHIDReportItemInfo                          LUFA/Drivers/USB/Class/Common/HIDParser.o
USB_USBTask                                       LUFA/Drivers/USB/Core/USBTask.o
                                                  LUFA/Drivers/USB/Class/Device/PrinterClassDevice.o
                                                  LUFA/Drivers/USB/Class/Device/CDCClassDevice.o
                                                  main.o
VirtualSerial_CDC_Interface                       main.o
__bad_interrupt                                   c:/program files (x86)/atmel/atmel toolchain/avr8 gcc/native/3.4.1056/avr8-gnu-toolchain/bin/../lib/gcc/avr/4.8.1/../../../../avr/lib/avr5/crtm32u4.o
__bss_end                                         c:/program files (x86)/atmel/atmel toolchain/avr8 gcc/native/3.4.1056/avr8-gnu-toolchain/bin/../lib/gcc/avr/4.8.1/avr5\libgcc.a(_clear_bss.o)
__bss_start                                       c:/program files (x86)/atmel/atmel toolchain/avr8 gcc/native/3.4.1056/avr8-gnu-toolchain/bin/../lib/gcc/avr/4.8.1/avr5\libgcc.a(_clear_bss.o)
__data_end                                        c:/program files (x86)/atmel/atmel toolchain/avr8 gcc/native/3.4.1056/avr8-gnu-toolchain/bin/../lib/gcc/avr/4.8.1/avr5\libgcc.a(_copy_data.o)
__data_load_start                                 c:/program files (x86)/atmel/atmel toolchain/avr8 gcc/native/3.4.1056/avr8-gnu-toolchain/bin/../lib/gcc/avr/4.8.1/avr5\libgcc.a(_copy_data.o)
__data_start                                      c:/program files (x86)/atmel/atmel toolchain/avr8 gcc/native/3.4.1056/avr8-gnu-toolchain/bin/../lib/gcc/avr/4.8.1/avr5\libgcc.a(_copy_data.o)
__do_clear_bss                                    c:/program files (x86)/atmel/atmel toolchain/avr8 gcc/native/3.4.1056/avr8-gnu-toolchain/bin/../lib/gcc/avr/4.8.1/avr5\libgcc.a(_clear_bss.o)
                                                  LUFA/Drivers/USB/Core/USBTask.o
                                                  LUFA/Drivers/USB/Core/DeviceStandardReq.o
                                                  main.o
__do_copy_data                                    c:/program files (x86)/atmel/atmel toolchain/avr8 gcc/native/3.4.1056/avr8-gnu-toolchain/bin/../lib/gcc/avr/4.8.1/avr5\libgcc.a(_copy_data.o)
                                                  LUFA/Drivers/USB/Class/Device/RNDISClassDevice.o
                                                  LUFA/Drivers/USB/Class/Device/CDCClassDevice.o
                                                  main.o
__eerd_byte_m32u4                                 c:/program files (x86)/atmel/atmel toolchain/avr8 gcc/native/3.4.1056/avr8-gnu-toolchain/bin/../lib/gcc/avr/4.8.1/../../../../avr/lib/avr5\libc.a(eerd_byte_atmega32u4.o)
                                                  LUFA/Drivers/USB/Core/AVR8/EndpointStream_AVR8.o
__eeupd_byte_m32u4                                c:/program files (x86)/atmel/atmel toolchain/avr8 gcc/native/3.4.1056/avr8-gnu-toolchain/bin/../lib/gcc/avr/4.8.1/../../../../avr/lib/avr5\libc.a(eeupd_byte_atmega32u4.o)
                                                  LUFA/Drivers/USB/Core/AVR8/EndpointStream_AVR8.o
__eeupd_r18_m32u4                                 c:/program files (x86)/atmel/atmel toolchain/avr8 gcc/native/3.4.1056/avr8-gnu-toolchain/bin/../lib/gcc/avr/4.8.1/../../../../avr/lib/avr5\libc.a(eeupd_byte_atmega32u4.o)
__epilogue_restores__                             c:/program files (x86)/atmel/atmel toolchain/avr8 gcc/native/3.4.1056/avr8-gnu-toolchain/bin/../lib/gcc/avr/4.8.1/avr5\libgcc.a(_epilogue.o)
                                                  c:/program files (x86)/atmel/atmel toolchain/avr8 gcc/native/3.4.1056/avr8-gnu-toolchain/bin/../lib/gcc/avr/4.8.1/../../../../avr/lib/avr5\libc.a(vfprintf_std.o)
                                                  c:/program files (x86)/atmel/atmel toolchain/avr8 gcc/native/3.4.1056/avr8-gnu-toolchain/bin/../lib/gcc/avr/4.8.1/../../../../avr/lib/avr5\libc.a(snprintf.o)
__heap_end                                        c:/program files (x86)/atmel/atmel toolchain/avr8 gcc/native/3.4.1056/avr8-gnu-toolchain/bin/../lib/gcc/avr/4.8.1/../../../../avr/lib/avr5/crtm32u4.o
__init                                            c:/program files (x86)/atmel/atmel toolchain/avr8 gcc/native/3.4.1056/avr8-gnu-toolchain/bin/../lib/gcc/avr/4.8.1/../../../../avr/lib/avr5/crtm32u4.o
__prologue_saves__                                c:/program files (x86)/atmel/atmel toolchain/avr8 gcc/native/3.4.1056/avr8-gnu-toolchain/bin/../lib/gcc/avr/4.8.1/avr5\libgcc.a(_prologue.o)
                                                  c:/program files (x86)/atmel/atmel toolchain/avr8 gcc/native/3.4.1056/avr8-gnu-toolchain/bin/../lib/gcc/avr/4.8.1/../../../../avr/lib/avr5\libc.a(vfprintf_std.o)
                                                  c:/program files (x86)/atmel/atmel toolchain/avr8 gcc/native/3.4.1056/avr8-gnu-toolchain/bin/../lib/gcc/avr/4.8.1/../../../../avr/lib/avr5\libc.a(snprintf.o)
__stack                                           c:/program files (x86)/atmel/atmel toolchain/avr8 gcc/native/3.4.1056/avr8-gnu-toolchain/bin/../lib/gcc/avr/4.8.1/../../../../avr/lib/avr5/crtm32u4.o
__tablejump2__                                    c:/program files (x86)/atmel/atmel toolchain/avr8 gcc/native/3.4.1056/avr8-gnu-toolchain/bin/../lib/gcc/avr/4.8.1/avr5\libgcc.a(_tablejump.o)
                                                  LUFA/Drivers/USB/Core/DeviceStandardReq.o
__tablejump__                                     c:/program files (x86)/atmel/atmel toolchain/avr8 gcc/native/3.4.1056/avr8-gnu-toolchain/bin/../lib/gcc/avr/4.8.1/avr5\libgcc.a(_tablejump.o)
__ultoa_invert                                    c:/program files (x86)/atmel/atmel toolchain/avr8 gcc/native/3.4.1056/avr8-gnu-toolchain/bin/../lib/gcc/avr/4.8.1/../../../../avr/lib/avr5\libc.a(ultoa_invert.o)
                                                  c:/program files (x86)/atmel/atmel toolchain/avr8 gcc/native/3.4.1056/avr8-gnu-toolchain/bin/../lib/gcc/avr/4.8.1/../../../../avr/lib/avr5\libc.a(vfprintf_std.o)
__vector_1                                        c:/program files (x86)/atmel/atmel toolchain/avr8 gcc/native/3.4.1056/avr8-gnu-toolchain/bin/../lib/gcc/avr/4.8.1/../../../../avr/lib/avr5/crtm32u4.o
__vector_10                                       LUFA/Drivers/USB/Core/AVR8/USBInterrupt_AVR8.o
                                                  c:/program files (x86)/atmel/atmel toolchain/avr8 gcc/native/3.4.1056/avr8-gnu-toolchain/bin/../lib/gcc/avr/4.8.1/../../../../avr/lib/avr5/crtm32u4.o
__vector_11                                       LUFA/Drivers/USB/Core/AVR8/USBInterrupt_AVR8.o
                                                  c:/program files (x86)/atmel/atmel toolchain/avr8 gcc/native/3.4.1056/avr8-gnu-toolchain/bin/../lib/gcc/avr/4.8.1/../../../../avr/lib/avr5/crtm32u4.o
__vector_12                                       c:/program files (x86)/atmel/atmel toolchain/avr8 gcc/native/3.4.1056/avr8-gnu-toolchain/bin/../lib/gcc/avr/4.8.1/../../../../avr/lib/avr5/crtm32u4.o
__vector_13                                       c:/program files (x86)/atmel/atmel toolchain/avr8 gcc/native/3.4.1056/avr8-gnu-toolchain/bin/../lib/gcc/avr/4.8.1/../../../../avr/lib/avr5/crtm32u4.o
__vector_14                                       c:/program files (x86)/atmel/atmel toolchain/avr8 gcc/native/3.4.1056/avr8-gnu-toolchain/bin/../lib/gcc/avr/4.8.1/../../../../avr/lib/avr5/crtm32u4.o
__vector_15                                       c:/program files (x86)/atmel/atmel toolchain/avr8 gcc/native/3.4.1056/avr8-gnu-toolchain/bin/../lib/gcc/avr/4.8.1/../../../../avr/lib/avr5/crtm32u4.o
__vector_16                                       c:/program files (x86)/atmel/atmel toolchain/avr8 gcc/native/3.4.1056/avr8-gnu-toolchain/bin/../lib/gcc/avr/4.8.1/../../../../avr/lib/avr5/crtm32u4.o
__vector_17                                       c:/program files (x86)/atmel/atmel toolchain/avr8 gcc/native/3.4.1056/avr8-gnu-toolchain/bin/../lib/gcc/avr/4.8.1/../../../../avr/lib/avr5/crtm32u4.o
__vector_18                                       c:/program files (x86)/atmel/atmel toolchain/avr8 gcc/native/3.4.1056/avr8-gnu-toolchain/bin/../lib/gcc/avr/4.8.1/../../../../avr/lib/avr5/crtm32u4.o
__vector_19                                       c:/program files (x86)/atmel/atmel toolchain/avr8 gcc/native/3.4.1056/avr8-gnu-toolchain/bin/../lib/gcc/avr/4.8.1/../../../../avr/lib/avr5/crtm32u4.o
__vector_2                                        c:/program files (x86)/atmel/atmel toolchain/avr8 gcc/native/3.4.1056/avr8-gnu-toolchain/bin/../lib/gcc/avr/4.8.1/../../../../avr/lib/avr5/crtm32u4.o
__vector_20                                       c:/program files (x86)/atmel/atmel toolchain/avr8 gcc/native/3.4.1056/avr8-gnu-toolchain/bin/../lib/gcc/avr/4.8.1/../../../../avr/lib/avr5/crtm32u4.o
__vector_21                                       c:/program files (x86)/atmel/atmel toolchain/avr8 gcc/native/3.4.1056/avr8-gnu-toolchain/bin/../lib/gcc/avr/4.8.1/../../../../avr/lib/avr5/crtm32u4.o
__vector_22                                       c:/program files (x86)/atmel/atmel toolchain/avr8 gcc/native/3.4.1056/avr8-gnu-toolchain/bin/../lib/gcc/avr/4.8.1/../../../../avr/lib/avr5/crtm32u4.o
__vector_23                                       c:/program files (x86)/atmel/atmel toolchain/avr8 gcc/native/3.4.1056/avr8-gnu-toolchain/bin/../lib/gcc/avr/4.8.1/../../../../avr/lib/avr5/crtm32u4.o
__vector_24                                       c:/program files (x86)/atmel/atmel toolchain/avr8 gcc/native/3.4.1056/avr8-gnu-toolchain/bin/../lib/gcc/avr/4.8.1/../../../../avr/lib/avr5/crtm32u4.o
__vector_25                                       c:/program files (x86)/atmel/atmel toolchain/avr8 gcc/native/3.4.1056/avr8-gnu-toolchain/bin/../lib/gcc/avr/4.8.1/../../../../avr/lib/avr5/crtm32u4.o
__vector_26                                       c:/program files (x86)/atmel/atmel toolchain/avr8 gcc/native/3.4.1056/avr8-gnu-toolchain/bin/../lib/gcc/avr/4.8.1/../../../../avr/lib/avr5/crtm32u4.o
__vector_27                                       c:/program files (x86)/atmel/atmel toolchain/avr8 gcc/native/3.4.1056/avr8-gnu-toolchain/bin/../lib/gcc/avr/4.8.1/../../../../avr/lib/avr5/crtm32u4.o
__vector_28                                       c:/program files (x86)/atmel/atmel toolchain/avr8 gcc/native/3.4.1056/avr8-gnu-toolchain/bin/../lib/gcc/avr/4.8.1/../../../../avr/lib/avr5/crtm32u4.o
__vector_29                                       main.o
                                                  c:/program files (x86)/atmel/atmel toolchain/avr8 gcc/native/3.4.1056/avr8-gnu-toolchain/bin/../lib/gcc/avr/4.8.1/../../../../avr/lib/avr5/crtm32u4.o
__vector_3                                        c:/program files (x86)/atmel/atmel toolchain/avr8 gcc/native/3.4.1056/avr8-gnu-toolchain/bin/../lib/gcc/avr/4.8.1/../../../../avr/lib/avr5/crtm32u4.o
__vector_30                                       c:/program files (x86)/atmel/atmel toolchain/avr8 gcc/native/3.4.1056/avr8-gnu-toolchain/bin/../lib/gcc/avr/4.8.1/../../../../avr/lib/avr5/crtm32u4.o
__vector_31                                       c:/program files (x86)/atmel/atmel toolchain/avr8 gcc/native/3.4.1056/avr8-gnu-toolchain/bin/../lib/gcc/avr/4.8.1/../../../../avr/lib/avr5/crtm32u4.o
__vector_32                                       c:/program files (x86)/atmel/atmel toolchain/avr8 gcc/native/3.4.1056/avr8-gnu-toolchain/bin/../lib/gcc/avr/4.8.1/../../../../avr/lib/avr5/crtm32u4.o
__vector_33                                       c:/program files (x86)/atmel/atmel toolchain/avr8 gcc/native/3.4.1056/avr8-gnu-toolchain/bin/../lib/gcc/avr/4.8.1/../../../../avr/lib/avr5/crtm32u4.o
__vector_34                                       c:/program files (x86)/atmel/atmel toolchain/avr8 gcc/native/3.4.1056/avr8-gnu-toolchain/bin/../lib/gcc/avr/4.8.1/../../../../avr/lib/avr5/crtm32u4.o
__vector_35                                       c:/program files (x86)/atmel/atmel toolchain/avr8 gcc/native/3.4.1056/avr8-gnu-toolchain/bin/../lib/gcc/avr/4.8.1/../../../../avr/lib/avr5/crtm32u4.o
__vector_36                                       c:/program files (x86)/atmel/atmel toolchain/avr8 gcc/native/3.4.1056/avr8-gnu-toolchain/bin/../lib/gcc/avr/4.8.1/../../../../avr/lib/avr5/crtm32u4.o
__vector_37                                       c:/program files (x86)/atmel/atmel toolchain/avr8 gcc/native/3.4.1056/avr8-gnu-toolchain/bin/../lib/gcc/avr/4.8.1/../../../../avr/lib/avr5/crtm32u4.o
__vector_38                                       c:/program files (x86)/atmel/atmel toolchain/avr8 gcc/native/3.4.1056/avr8-gnu-toolchain/bin/../lib/gcc/avr/4.8.1/../../../../avr/lib/avr5/crtm32u4.o
__vector_39                                       c:/program files (x86)/atmel/atmel toolchain/avr8 gcc/native/3.4.1056/avr8-gnu-toolchain/bin/../lib/gcc/avr/4.8.1/../../../../avr/lib/avr5/crtm32u4.o
__vector_4                                        c:/program files (x86)/atmel/atmel toolchain/avr8 gcc/native/3.4.1056/avr8-gnu-toolchain/bin/../lib/gcc/avr/4.8.1/../../../../avr/lib/avr5/crtm32u4.o
__vector_40                                       c:/program files (x86)/atmel/atmel toolchain/avr8 gcc/native/3.4.1056/avr8-gnu-toolchain/bin/../lib/gcc/avr/4.8.1/../../../../avr/lib/avr5/crtm32u4.o
__vector_41                                       c:/program files (x86)/atmel/atmel toolchain/avr8 gcc/native/3.4.1056/avr8-gnu-toolchain/bin/../lib/gcc/avr/4.8.1/../../../../avr/lib/avr5/crtm32u4.o
__vector_42                                       c:/program files (x86)/atmel/atmel toolchain/avr8 gcc/native/3.4.1056/avr8-gnu-toolchain/bin/../lib/gcc/avr/4.8.1/../../../../avr/lib/avr5/crtm32u4.o
__vector_5                                        c:/program files (x86)/atmel/atmel toolchain/avr8 gcc/native/3.4.1056/avr8-gnu-toolchain/bin/../lib/gcc/avr/4.8.1/../../../../avr/lib/avr5/crtm32u4.o
__vector_6                                        c:/program files (x86)/atmel/atmel toolchain/avr8 gcc/native/3.4.1056/avr8-gnu-toolchain/bin/../lib/gcc/avr/4.8.1/../../../../avr/lib/avr5/crtm32u4.o
__vector_7                                        c:/program files (x86)/atmel/atmel toolchain/avr8 gcc/native/3.4.1056/avr8-gnu-toolchain/bin/../lib/gcc/avr/4.8.1/../../../../avr/lib/avr5/crtm32u4.o
__vector_8                                        c:/program files (x86)/atmel/atmel toolchain/avr8 gcc/native/3.4.1056/avr8-gnu-toolchain/bin/../lib/gcc/avr/4.8.1/../../../../avr/lib/avr5/crtm32u4.o
__vector_9                                        c:/program files (x86)/atmel/atmel toolchain/avr8 gcc/native/3.4.1056/avr8-gnu-toolchain/bin/../lib/gcc/avr/4.8.1/../../../../avr/lib/avr5/crtm32u4.o
__vector_default                                  c:/program files (x86)/atmel/atmel toolchain/avr8 gcc/native/3.4.1056/avr8-gnu-toolchain/bin/../lib/gcc/avr/4.8.1/../../../../avr/lib/avr5/crtm32u4.o
__vectors                                         c:/program files (x86)/atmel/atmel toolchain/avr8 gcc/native/3.4.1056/avr8-gnu-toolchain/bin/../lib/gcc/avr/4.8.1/../../../../avr/lib/avr5/crtm32u4.o
_exit                                             c:/program files (x86)/atmel/atmel toolchain/avr8 gcc/native/3.4.1056/avr8-gnu-toolchain/bin/../lib/gcc/avr/4.8.1/avr5\libgcc.a(_exit.o)
exit                                              c:/program files (x86)/atmel/atmel toolchain/avr8 gcc/native/3.4.1056/avr8-gnu-toolchain/bin/../lib/gcc/avr/4.8.1/avr5\libgcc.a(_exit.o)
                                                  c:/program files (x86)/atmel/atmel toolchain/avr8 gcc/native/3.4.1056/avr8-gnu-toolchain/bin/../lib/gcc/avr/4.8.1/../../../../avr/lib/avr5/crtm32u4.o
fputc                                             c:/program files (x86)/atmel/atmel toolchain/avr8 gcc/native/3.4.1056/avr8-gnu-toolchain/bin/../lib/gcc/avr/4.8.1/../../../../avr/lib/avr5\libc.a(fputc.o)
                                                  c:/program files (x86)/atmel/atmel toolchain/avr8 gcc/native/3.4.1056/avr8-gnu-toolchain/bin/../lib/gcc/avr/4.8.1/../../../../avr/lib/avr5\libc.a(vfprintf_std.o)
main                                              main.o
                                                  c:/program files (x86)/atmel/atmel toolchain/avr8 gcc/native/3.4.1056/avr8-gnu-toolchain/bin/../lib/gcc/avr/4.8.1/../../../../avr/lib/avr5/crtm32u4.o
memcmp                                            c:/program files (x86)/atmel/atmel toolchain/avr8 gcc/native/3.4.1056/avr8-gnu-toolchain/bin/../lib/gcc/avr/4.8.1/../../../../avr/lib/avr5\libc.a(memcmp.o)
                                                  LUFA/Drivers/USB/Class/Device/HIDClassDevice.o
memcpy                                            c:/program files (x86)/atmel/atmel toolchain/avr8 gcc/native/3.4.1056/avr8-gnu-toolchain/bin/../lib/gcc/avr/4.8.1/../../../../avr/lib/avr5\libc.a(memcpy.o)
                                                  LUFA/Drivers/USB/Class/Device/RNDISClassDevice.o
                                                  LUFA/Drivers/USB/Class/Device/HIDClassDevice.o
memcpy_P                                          c:/program files (x86)/atmel/atmel toolchain/avr8 gcc/native/3.4.1056/avr8-gnu-toolchain/bin/../lib/gcc/avr/4.8.1/../../../../avr/lib/avr5\libc.a(memcpy_P.o)
                                                  LUFA/Drivers/USB/Class/Device/RNDISClassDevice.o
memset                                            c:/program files (x86)/atmel/atmel toolchain/avr8 gcc/native/3.4.1056/avr8-gnu-toolchain/bin/../lib/gcc/avr/4.8.1/../../../../avr/lib/avr5\libc.a(memset.o)
                                                  LUFA/Drivers/USB/Class/Device/HIDClassDevice.o
seq_count                                         main.o
snprintf                                          c:/program files (x86)/atmel/atmel toolchain/avr8 gcc/native/3.4.1056/avr8-gnu-toolchain/bin/../lib/gcc/avr/4.8.1/../../../../avr/lib/avr5\libc.a(snprintf.o)
                                                  main.o
strnlen                                           c:/program files (x86)/atmel/atmel toolchain/avr8 gcc/native/3.4.1056/avr8-gnu-toolchain/bin/../lib/gcc/avr/4.8.1/../../../../avr/lib/avr5\libc.a(strnlen.o)
                                                  c:/program files (x86)/atmel/atmel toolchain/avr8 gcc/native/3.4.1056/avr8-gnu-toolchain/bin/../lib/gcc/avr/4.8.1/../../../../avr/lib/avr5\libc.a(vfprintf_std.o)
strnlen_P                                         c:/program files (x86)/atmel/atmel toolchain/avr8 gcc/native/3.4.1056/avr8-gnu-toolchain/bin/../lib/gcc/avr/4.8.1/../../../../avr/lib/avr5\libc.a(strnlen_P.o)
                                                  c:/program files (x86)/atmel/atmel toolchain/avr8 gcc/native/3.4.1056/avr8-gnu-toolchain/bin/../lib/gcc/avr/4.8.1/../../../../avr/lib/avr5\libc.a(vfprintf_std.o)
vfprintf                                          c:/program files (x86)/atmel/atmel toolchain/avr8 gcc/native/3.4.1056/avr8-gnu-toolchain/bin/../lib/gcc/avr/4.8.1/../../../../avr/lib/avr5\libc.a(vfprintf_std.o)
                                                  c:/program files (x86)/atmel/atmel toolchain/avr8 gcc/native/3.4.1056/avr8-gnu-toolchain/bin/../lib/gcc/avr/4.8.1/../../../../avr/lib/avr5\libc.a(snprintf.o)
